0C000400 T __text_start
0C074000 T __data_start
0C07B100 T __bss_start
0C000400 T __get_stdin
0C07B368 T __stdin
0C00041C T __get_stdout
0C07B370 T __stdout
0C000438 T __get_stderr
0C07B378 T __stderr
0C000454 T printf
0C000CC0 T vsprintf
0C006AAC T tk_puts
0C0004F8 T fopen
0C07BB78 T TU5E825F01/fnm
0C07BB80 T TU5E825F01/modus
0C07BB74 T TU5E825F01/err
0C004C18 T findSpareSpot
0C001548 T malloc
0C07BB68 T TU5E825F01/myfile
0C0048D8 T fopen2
0C001574 T free
0C0005CC T fclose
0C000F34 T fflush
0C001E98 T __close
0C00061C T fread
0C005824 T freadSlowT
0C001080 T memcpy
0C005AAC T freadSlowB
0C00E8A8 T __udivsi3
0C001D54 T __read
0C001D38 T __get_errno
0C000890 T fwrite
0C005088 T fwriteSlow
0C001DC8 T __write
0C0009EC T fputc
0C000B14 T fputs
0C001514 T strlen
0C000B60 T fprintf
0C000BEC T vfprintf
0C002BEC T vvprintf
0C000C34 T sprintf
0C000D14 T ungetc
0C000D60 T fgetc
0C000DB0 T fseek
0C001E50 T __seek
0C001F00 T __tell
0C000EEC T ftell
0C000FEC T fscanf
0C003040 T vvscanf
0C0010DC T strcpy
0C00112C T strncpy
0C001198 T strcat
0C0011DC T memcmp
0C001250 T strcmp
0C0012D0 T strncmp
0C001358 T memchr
0C0013BC T strchr
0C00141C T strstr
0C0014A0 T memset
0C0014E8 T strerror
0C07B100 T __userExit
0C006D68 T __allocmem
0C006DB4 T __freemem
0C0015A4 T abort
0C006D30 T raise
0C0015C8 T exit
0C006DD4 T __exit
0C0015E8 T rand
0C074008 T TU5E825F01/myseed
0C001630 T atof
0C001670 T strtod
0C006C40 T isspace
0C006BC8 T isdigit
0C001A80 T atoi
0C001AB8 T strtol
0C001B4C T strtoul
0C006C84 T isalpha
0C006C08 T toupper
0C001D1C T abs
0C074010 T __errno
0C081EA4 T btshx_tk_handles
0C00CAB8 T tk_fread
0C00CD18 T tk_puts_n
0C00CB14 T tk_fwrite
0C00CB70 T tk_fseek
0C00CC08 T tk_fclose
0C001EE0 T __remove
0C001EF0 T __rename
0C00CBC0 T tk_ftell
0C07B200 T TU5E825F01/permFiles
0C001F48 T tk_printf
0C00CC50 T tk_putc
0C00EDA0 T __va64_arg_i
0C00DB00 T tk_print_decimal_n
0C00D9EC T tk_print_decimal
0C00D9B8 T tk_print_hex_genw
0C00D8A0 T tk_print_hex_n
0C00EDCA T __va64_arg_l
0C00D7B8 T tk_print_hex
0C00EE54 T __va64_arg_d
0C00DBA8 T tk_print_float
0C07B380 T __userFiles
0C07BB70 T TU5E825F01/spareSpot
0C074000 T TU5E825F01/inreopen
0C07BB88 T TU5E825F01/modeType
0C002270 T __init_stdin
0C0022CC T dblcvt
0C005CA8 T examine
0C004C98 T checkMode
0C004F8C T osfopen
0C004984 T fopen3
0C006AF4 T __open
0C005194 T fwriteSlowT
0C00565C T fwriteSlowB
0C00D49C T __umodsq
0C00D308 T __udivsq
0C00CA04 T tk_fopen
0C074808 T btshx_tk_nhandles
0C0078C8 T __cytpe_init
0C080554 T __isbuf
0C080564 T __toup
0C006CC4 T __sigdfl
0C074018 T handlers
0C006D08 T __sigerr
0C006D1C T __sigign
0C0096FC T TKMM_Malloc
0C07BB8C T __envptr
0C006DC4 T __exec
0C007090 T __exita
0C006E84 T main
0C06B124 T Sys_CheckSanityB
0C12480C T parms
0C010974 T COM_InitArgv
0C082AE4 T com_argc
0C082AE8 T com_argv
0C02CC90 T Host_Init
0C06960C T Sys_CheckSanity
0C011824 T Sys_FloatTime
0C02D39C T Host_Frame
0C00E8A4 T sleep_0
0C0070B4 T __get_cmdline
0C0070CC T __get_cmdenv
0C07BB94 T TU5E825F01/buffer1
0C07D39C T TU5E825F01/buffer2
0C07EBA4 T TU5E825F01/buffer3
0C0803AC T __eplist
0C0803B4 T __plist
0C0070E4 T __start
0C007794 T __start_early
0C0803BC T argv
0C0077AC T __start_late
0C009BB0 T TKMM_Init
0C0077B8 T __datetime
0C00785C T TK_GetTimeMs
0C007880 T __assert
0C074050 T TU5E825F01/__isbufR
0C074252 T TU5E825F01/__tolowR
0C074454 T TU5E825F01/__toupR
0C08055C T __tolow
0C007934 T longjmp
0C00E9D4 T __longj
0C007964 T ceil
0C0079BC T fabs
0C007A0C T floor
0C007A7C T atan2
0C008238 T atan
0C007C80 T frexp
0C007DD0 T pow
0C008988 T log
0C0088AC T exp
0C007F9C T sqrt
0C00E962 T __sqrt_d
0C0084C4 T cos
0C008664 T sin
0C008800 T tan
0C008B38 T __mmDef
0C008B4C T __mmInit
0C008B70 T __mmTerm
0C008B84 T __mmSupply
0C008CAC T __mmAlloc
0C008EFC T __mmFree
0C0091E8 T __mmFId
0C009268 T __mmMaxSize
0C0092C4 T __mmRealloc
0C074658 T __mmDebug
0C07465C T __mmDbg2
0C08056C T __memmgr
0C0097E4 T TKMM_MMList_Malloc
0C009A9C T TKMM_AllocPages
0C009B20 T TKMM_PageToPointer
0C074660 T tk_ird_imgbuf
0C08057C T tkmm_pagebase
0C080580 T tkmm_pageend
0C080584 T tkmm_pagebmp
0C081584 T tkmm_maxpage
0C081588 T tkmm_pagerov
0C009E70 T TKMM_SizeToFxiU
0C08158C T tkmm_mmlist_freelist
0C009F10 T TKMM_FxiToSize
0C009D88 T TKMM_MMList_AllocBrk
0C009EC0 T TKMM_SizeToFxiD
0C00993C T TKMM_FindFreePages
0C009B58 T TKMM_PageAlloc
0C074710 T init
0C009C78 T tk_ird_init
0C009D58 T TKMM_MMList_Init
0C074718 T tk_vfile_ird_vt
0C00C144 T tk_vf_register
0C081DA4 T kerninit
0C074670 T tkmm_mmlist_brkbuf
0C081D8C T tkmm_mmlist_brkend
0C081D94 T tkmm_mmlist_brkpos
0C081D9C T tkspi_ctl_speed
0C081DA0 T tkspi_ctl_status
0C009F58 T TKSPI_ChipSel
0C00A004 T TKSPI_XchByte
0C00A094 T TKSPI_DelayUSec
0C00A0A4 T TKSPI_ReadData
0C00A16C T TKSPI_WaitReady
0C00A1BC T TKSPI_WriteData
0C00A258 T TKSPI_Deselect
0C00A270 T TKSPI_Select
0C00A2A4 T TKSPI_SendCmd
0C00A3DC T TKSPI_ReadSectors
0C00A4F4 T TKSPI_WriteSectors
0C00A58C T tkfat_setWord
0C00A5B0 T tkfat_setDWord
0C00A5E4 T tkfat_getWord
0C00A618 T tkfat_getDWord
0C00A664 T TKFAT_GetSectorTempBuffer
0C00A968 T TKFAT_GetFatEntry
0C00AA60 T TKFAT_SetFatEntry
0C00AB9C T TKFAT_GetClusterLBA
0C00ABE0 T TKFAT_AllocFreeCluster
0C00AC38 T TKFAT_GetWalkCluster
0C00ACC0 T TKFAT_GetClusterFileOffs
0C00AD48 T TKFAT_ReadWriteSector
0C00ADD0 T TKFAT_ReadWriteCluster
0C00AE74 T TKFAT_ReadWriteClusterOffset
0C00B090 T TKFAT_ReadWriteDirEntOffset
0C00B15C T tkfat_name2sfn
0C00B2B4 T tkfat_name2lfn
0C00B474 T tkfat_matchlfn
0C00B548 T tkfat_lfnchecksum
0C074678 T TU5E825F01/tkfat_tuc52
0C00B5C4 T tkfat_asc2ucs
0C00B610 T TKFAT_LookupDirEntName
0C00BD04 T TKFAT_LookupDirEntPathR
0C00BE20 T TKFAT_LookupDirEntPath
0C00BE74 T TKFAT_UpdateDirEnt
0C00BECC T TKFAT_GetDirEntCluster
0C00BF30 T TKFAT_SetDirEntCluster
0C00BF98 T TKFAT_GetDirEntSize
0C00BFD4 T TKFAT_SetDirEntSize
0C00C010 T TKFAT_ReadWriteDirEntFile
0C0746F8 T tk_vf_freelist
0C074700 T tk_fsty_root
0C074708 T tk_vf_mount
0C00C16C T tk_vfile_init
0C00C1AC T tk_fat_init
0C074790 T tk_vfile_fat_vt
0C00C1D8 T tk_alloc_file
0C00C234 T tk_ird_mount
0C00C250 T tk_ird_fopen
0C00C638 T tk_ird_decoctal_n
0C00C37C T tk_ird_fread
0C00C458 T tk_ird_fseek
0C00C568 T tk_ird_ftell
0C00C5BC T tk_ird_fclose
0C00C5D0 T tk_ird_fgetc
0C00C688 T tk_fat_mount
0C00C6A4 T tk_fat_fopen
0C00EC3A T __memcpy32
0C00C764 T tk_fat_fread
0C00C7C4 T tk_fat_fwrite
0C00C824 T tk_fat_fseek
0C00C93C T tk_fat_ftell
0C00C95C T tk_fat_fclose
0C00C988 T tk_fat_fgetc
0C00C9C8 T tk_fat_fputc
0C00CC94 T tk_kbhit
0C00CCC4 T tk_getch
0C00CD68 T __moddi3
0C00CDB0 T __umodsi3
0C00CDF8 T __smodsi3
0C00E924 T __sdivsi3
0C00CE40 T __shllli
0C00CEF4 T __shrlli
0C00CFAC T __sarlli
0C00D0AC T __udivlli
0C00D264 T __sdivlli
0C00D408 T __sdivsq
0C00D690 T __ldhf16
0C00D728 T __sthf16
0C074818 T chrs
0C00DC70 T tk_vprintf
0C00DF08 T __lva_fixnump
0C00DF3C T __lva_flonump
0C00DF70 T __lva_conv_toi32
0C00DFF4 T __lva_conv_toi64
0C00E084 T __lva_conv_tof32
0C00E120 T __lva_conv_tof64
0C00E1B4 T __lva_conv_toptr
0C00E268 T __lva_conv_fromi32
0C00E2F8 T __lva_conv_fromi64
0C00E39C T __lva_conv_fromf32
0C00E450 T __lva_conv_fromf64
0C00E520 T __lva_conv_fromptr
0C00E548 T __lva_add
0C00E684 T __lva_sub
0C0826A4 T timer_ticks
0C00E7C0 T start
0C00E7C0 T _start
0C00E884 T start_leds
0C00E880 T pio_addr
0C00E808 T stack_base
0C00E7E4 T zero_bss
0C00E89C T isr_table
0C00E894 T a_tk_main
0C00E810 T _exit
0C00E800 T bss_strt
0C00E804 T bss_end
0C00E7EE T .L0
0C131CE8 T _end
0C00E80C T _loop
0C00E816 T _gdb_unhandled_isr
0C00E888 T start1_leds
0C00E820 T _gdb_nmi_isr
0C00E88C T start2_leds
0C00E82A T _gdb_illegalinst_isr
0C00E834 T _gdb_addresserr_isr
0C00E83E T _gdb_ihandler_emac
0C00E848 T _gdb_trapa32_isr
0C00E84C T _gdb_trapa33_isr
0C00E850 T _gdb_trapa34_isr
0C00E854 T _gdb_pit_isr
0C00E868 T ticks
0C00E86C T _gdb_ihandler_uart1
0C00E870 T _gdb_ihandler_uart0
0C00E874 T _gdb_ihandler_uart2
0C00E878 T _gdb_ihandler_inttmr
0C00EEB0 T _vector_table
0C00E8A8 T __udivsi3_i4i
0C00E8A8 T __udivdi3
0C00E900 T udiv_lgdiv
0C00E8BC T sdiv_smdiv
0C00E8E4 T div6
0C00E8E2 T div7
0C00E8F2 T divx3
0C00E902 T sdiv_lgdiv
0C00E924 T __sdivsi3_i4i
0C00E924 T __sdivsi3_i4
0C00E93E T sdiv_pos_divisor
0C00E946 T sdiv_neg_result
0C00E938 T sdiv_pos_result
0C00E950 T sdiv_chkdiv
0C00E95C T sdiv_res_neg
0C00E974 T __sqrt_d_C0
0C00E98C T __tk_trapdebug
0C00E990 T __movmem_i4_even
0C00E9AE T L_movmem_start_even
0C00E996 T __movmem_i4_odd
0C00E9A2 T L_movmem_loop
0C00E9C0 T L_movmem_2mod4_end
0C00E9C6 T __movmemSI12_i4
0C00EA5C T __setj
0C00EAE8 T __ashrdi3
0C00EB02 T __ashrdi3_L0
0C00EB0A T __memcpy32_4
0C00EB12 T __memcpy32_8
0C00EB1E T __memcpy32_12
0C00EB2E T __memcpy32_16
0C00EB42 T __memcpy32_20
0C00EB5A T __memcpy32_24
0C00EB76 T __memcpy32_28
0C00EB96 T __memcpy32_32
0C00EBBA T __memcpy32_36
0C00EBCA T __memcpy32_40
0C00EBDA T __memcpy32_44
0C00EBEA T __memcpy32_48
0C00EBFA T __memcpy32_52
0C00EC0A T __memcpy32_56
0C00EC1A T __memcpy32_60
0C00EC2A T __memcpy32_64
0C00EC40 T __memcpy32.l0_4
0C00EC4E T __memcpy32.l1_4
0C00EC54 T __memcpy8_4
0C00EC76 T __memcpy8_4_a
0C00EC5E T __memcpy8_4_u
0C00EC80 T __memcpy8_8
0C00ECB6 T __memcpy8_8_a
0C00EC8A T __memcpy8_8_u
0C00ECC4 T __memcpy8_12
0C00ED0E T __memcpy8_12_a
0C00ECCE T __memcpy8_12_u
0C00ED20 T __memcpy8_16
0C00ED6A T __memcpy8_16_a
0C00ED2A T __memcpy8_16_u
0C00ED80 T __memcpy8_20
0C00ED88 T __memcpy8_24
0C00ED90 T __memcpy8_28
0C00ED98 T __memcpy8_32
0C00EDBA T __va64_arg_i.L0
0C00EDE4 T __va64_arg_l.L0
0C00EDF6 T __va64_arg_x
0C00EE18 T __va64_arg_x.L0
0C00EE30 T __va64_arg_f
0C00EE46 T __va64_arg_f.L0
0C00EE74 T __va64_arg_d.L0
0C00EE84 T _gdb_gen_isr
0C00EE84 T _gdb_int_isr
0C00EEA8 T _intevt
0C00EEAC T _vecevt
0C00EE98 T _gdb_tlb_isr
0C00EEA0 T _traevt
0C00EEA4 T _expevt
0C00EFB0 T _gen_isr
0C00EFB8 T _gen_isr_L0
0C00F2B0 T _tlb_isr
0C00F2B8 T _tlb_isr_L0
0C00F4B0 T _int_isr
0C00F4B8 T _int_isr_L0
0C074820 T __fpscr_values
0C00F4BC T SZ_Alloc
0C011CDC T Hunk_AllocName
0C00F508 T SZ_Clear
0C00F520 T SZ_GetSpace
0C0116F0 T Sys_Error
0C02B6F4 T Con_Printf
0C00F5B4 T SZ_Write
0C00FD60 T Q_memcpy
0C00F5E8 T SZ_Print
0C00FEE8 T Q_strlen
0C00F674 T ClearLink
0C00F68C T RemoveLink
0C00F6B8 T InsertLinkBefore
0C0826A8 T bigendien
0C0826AC T BigShort
0C0826B4 T LittleShort
0C0826BC T BigLong
0C0826C4 T LittleLong
0C0826CC T BigFloat
0C0826D4 T LittleFloat
0C00F6E8 T MSG_WriteChar
0C00F714 T MSG_WriteByte
0C00F740 T MSG_WriteShort
0C00F77C T MSG_WriteLong
0C00F7D0 T MSG_WriteFloat
0C00F82C T MSG_WriteString
0C00F880 T MSG_WriteCoord
0C00F8C8 T MSG_WriteAngle
0C0826DC T msg_readcount
0C0826E0 T msg_badread
0C00F914 T MSG_BeginReading
0C00F930 T MSG_ReadChar
0C083148 T net_message
0C00F99C T MSG_ReadByte
0C00FA0C T MSG_ReadShort
0C00FA70 T MSG_ReadLong
0C00FB18 T MSG_ReadFloat
0C00FBBC T MSG_ReadString
0C0BA1F4 T string
0C00FC24 T MSG_ReadCoord
0C00FC78 T MSG_ReadAngle
0C00FCCC T Q_memset
0C00FE1C T Q_strcpy
0C00FE74 T Q_strncpy
0C00FF18 T Q_strrchr
0C00FF88 T Q_strcat
0C00FFB8 T Q_strcmp
0C010024 T Q_strncmp
0C0100AC T Q_strcasecmp
0C0100E0 T Q_strncasecmp
0C010184 T Q_atoi
0C0102E8 T Q_atof
0C0826E4 T com_token
0C0105C0 T COM_Parse
0C010794 T COM_CheckParm
0C010808 T COM_Init
0C0321B8 T ShortSwap
0C03220C T ShortNoSwap
0C032224 T LongSwap
0C0322B0 T LongNoSwap
0C0322C8 T FloatSwap
0C032338 T FloatNoSwap
0C074828 T registered
0C01500C T Cvar_RegisterVariable
0C075460 T cmdline
0C0324FC T COM_Path_f
0C0173B8 T Cmd_AddCommand
0C031D84 T COM_InitFilesystem
0C0323F0 T COM_CheckRegistered
0C0BA0F4 T com_cmdline
0C0B9F1C T TU5BC3AC84/largv
0C075428 T TU5BC3AC84/safeargvs
0C075420 T TU5BC3AC84/argvdummy
0C074850 T standard_quake
0C082B74 T rogue
0C082B78 T hipnotic
0C010B48 T COM_FileBase
0C010C00 T COM_DefaultExtension
0C010C60 T va
0C082AF0 T com_filesize
0C082AF4 T com_gamedir
0C010CF0 T COM_WriteFile
0C0114D0 T Sys_FileOpenWrite
0C01178C T Sys_Printf
0C011650 T Sys_FileWrite
0C011550 T Sys_FileClose
0C010D84 T COM_OpenFile
0C032690 T COM_FindFile
0C010DB8 T COM_FOpenFile
0C010DEC T COM_CloseFile
0C0BAA7C T com_searchpaths
0C010E4C T COM_LoadStackFile
0C0BAA8C T loadbuf
0C0BAA94 T loadsize
0C032A08 T COM_LoadFile
0C010EA0 T COM_LoadHunkFile
0C010ECC T COM_LoadCacheFile
0C0BAA84 T loadcache
0C082B7C T vid
0C082BDC T d_8to16table
0C082DDC T vid_menudrawfn
0C082DE4 T vid_menukeyfn
0C010F00 T VID_SetPalette
0C06B554 T vid_clamp255
0C124854 T d2d_8to24table
0C011078 T VID_ShiftPalette
0C011088 T VID_Init
0C12483C T vid_buffer
0C124844 T zbuffer
0C12484C T surfcache
0C0B9B1C T host_colormap
0C0C2404 T d_pzbuffer
0C01D198 T D_InitCaches
0C124C5C T vid_vreg
0C124C54 T vid_vram
0C0751A8 T r_pixbytes
0C0B9B24 T host_colormap16
0C0112BC T VID_Update
0C124C68 T vid_blendp
0C124C64 T vid_blendv
0C06B584 T VID_ScanBlendRatio16
0C011458 T Sys_FileOpenRead
0C069508 T findhandle
0C123FFC T sys_handles
0C06955C T filelength
0C011594 T Sys_FileSeek
0C0115D8 T Sys_FileRead
0C01169C T Sys_FileTime
0C0116E0 T Sys_mkdir
0C011808 T Sys_Quit
0C124804 T t0
0C1247FC T t
0C0118A4 T Sys_ConsoleInput
0C0118BC T Sys_SendKeyEvents
0C0118C8 T Sys_LowFPPrecision
0C0118D4 T Sys_HighFPPrecision
0C0118E0 T Memory_Init
0C1237A0 T hunk_high_used
0C123790 T hunk_base
0C12379C T hunk_low_used
0C123798 T hunk_size
0C066350 T Cache_Init
0C123788 T mainzone
0C065F14 T Z_ClearZone
0C0119B4 T Z_Free
0C011AA4 T Z_Malloc
0C011C04 T Z_CheckHeap
0C011AF4 T Z_TagMalloc
0C011CAC T Hunk_Alloc
0C065E10 T Cache_FreeLow
0C011DE8 T Hunk_HighAllocName
0C1237A4 T hunk_tempactive
0C1237A8 T hunk_tempmark
0C011FF8 T Hunk_FreeToHighMark
0C065E78 T Cache_FreeHigh
0C011F2C T Hunk_LowMark
0C011F44 T Hunk_FreeToLowMark
0C011FB8 T Hunk_HighMark
0C012094 T Hunk_TempAlloc
0C012108 T Hunk_Check
0C0121A4 T Cache_Flush
0C1237AC T cache_head
0C012250 T Cache_Free
0C012200 T Cache_Check
0C06628C T Cache_UnlinkLRU
0C0662F0 T Cache_MakeLRU
0C0122B8 T Cache_Alloc
0C065FFC T Cache_TryAlloc
0C012394 T Cache_Report
0C02B850 T Con_DPrintf
0C074854 T vec3_origin
0C074860 T nanmask
0C012410 T VectorMA
0C012484 T Length
0C01251C T CrossProduct
0C0125AC T VectorNormalize
0C012680 T VectorInverse
0C0126C0 T VectorScale
0C012714 T R_ConcatRotations
0C0129A8 T R_ConcatTransforms
0C012D30 T FloorDivMod
0C012EE4 T GreatestCommonDivisor
0C012F64 T AngleVectors
0C01316C T BoxOnPlaneSide
0C04BD64 T BOPS_Error
0C01365C T anglemod
0C082DEC T wad_numlumps
0C082DF0 T wad_lumps
0C082DF8 T wad_base
0C0136C0 T W_LoadWadFile
0C013848 T W_CleanupName
0C013994 T SwapPic
0C0138B8 T W_GetLumpinfo
0C013954 T W_GetLumpName
0C082E00 T draw_disc
0C0139D8 T Draw_Init
0C0BCEFC T draw_chars
0C0BCECC T TU5BC3AB48/r_rectdesc
0C0BCF04 T draw_backtile
0C013A58 T Draw_Character
0C013D1C T Draw_Pic
0C013ED4 T Draw_TransPic
0C0141DC T Draw_TransPicTranslate
0C014508 T Draw_ConsoleBackground
0C014F10 T Draw_CachePic
0C033348 T Draw_CharToConback
0C0333DC T VID_BlendEven16
0C014A28 T Draw_BeginDisc
0C027F5C T D_BeginDirectRect
0C014A7C T Draw_EndDisc
0C027F80 T D_EndDirectRect
0C014AB8 T Draw_TileClear
0C03342C T R_DrawRect8
0C033548 T R_DrawRect16
0C014CCC T Draw_Fill
0C014DF4 T Draw_FadeScreen
0C033688 T Draw_FadeScreen16
0C01992C T S_ExtraUpdate
0C014EB0 T Draw_String
0C014EEC T Draw_PicFromWad
0C0BCF0C T menu_cachepics
0C0BF30C T menu_numcachepics
0C01543C T Cvar_FindVar
0C017474 T Cmd_Exists
0C082E08 T cvar_vars
0C015130 T Cvar_Set
0C0B48C4 T sv
0C025B58 T SV_BroadcastPrintf
0C015224 T Cvar_SetValue
0C015284 T Cvar_VariableValue
0C0152F8 T Cvar_VariableString
0C0757C8 T cvar_null_string
0C015338 T Cvar_CompleteVariable
0C0153A8 T Cvar_Command
0C017554 T Cmd_Argv
0C01753C T Cmd_Argc
0C015490 T SCR_Init
0C079EA0 T scr_fov
0C074868 T scr_viewsize
0C079FA8 T scr_conspeed
0C079FF8 T scr_showram
0C07A020 T scr_showturtle
0C07A048 T scr_showpause
0C079FD0 T scr_centertime
0C07A070 T scr_printspeed
0C05CB48 T SCR_ScreenShot_f
0C05D358 T SCR_SizeUp_f
0C05D3B8 T SCR_SizeDown_f
0C122368 T scr_ram
0C122370 T scr_net
0C122364 T scr_initialized
0C122378 T scr_turtle
0C0155AC T SCR_UpdateScreen
0C082E28 T scr_skipupdate
0C082E34 T block_drawing
0C082E2C T scr_copytop
0C082E30 T scr_copyeverything
0C082E24 T scr_disabled_for_loading
0C0B9B30 T realtime
0C122388 T scr_disabled_time
0C084F4C T cls
0C0B99CC T con_initialized
0C1227B0 T oldscr_viewsize
0C122360 T oldfov
0C0751D8 T lcd_x
0C1227B4 T oldlcd_x
0C12235C T oldscreensize
0C05D0F4 T SCR_CalcRefdef
0C029378 T D_EnableBackBufferAccess
0C082E18 T scr_fullupdate
0C018478 T Sbar_Changed
0C0CA6C4 T pconupdate
0C05D728 T SCR_SetUpToDrawConsole
0C05CC84 T SCR_EraseCenterString
0C027F74 T D_DisableBackBufferAccess
0C020B1C T V_RenderView
0C1227AC T scr_drawdialog
0C01848C T Sbar_Draw
0C05DCEC T SCR_DrawNotifyString
0C122384 T scr_drawloading
0C05D6AC T SCR_DrawLoading
0C08585C T cl
0C0B8DB4 T key_dest
0C018B18 T Sbar_IntermissionOverlay
0C018D00 T Sbar_FinaleOverlay
0C05CF20 T SCR_CheckDrawCenterString
0C05D418 T SCR_DrawRam
0C05D558 T SCR_DrawNet
0C05D498 T SCR_DrawTurtle
0C05D608 T SCR_DrawPause
0C05D9DC T SCR_DrawConsole
0C02C3A4 T M_Draw
0C029BBC T D_UpdateRects
0C020E58 T V_UpdatePalette
0C082E1C T sb_lines
0C0B8D94 T scr_vrect
0C015A28 T SCR_CenterPrint
0C12238C T scr_centerstring
0C122790 T scr_centertime_off
0C12278C T scr_centertime_start
0C122794 T scr_center_lines
0C015AD4 T SCR_BeginLoadingPlaque
0C01949C T S_StopAllSounds
0C02BB40 T Con_ClearNotify
0C082E10 T scr_con_current
0C015BB8 T SCR_EndLoadingPlaque
0C015BE0 T SCR_ModalMessage
0C1227A4 T scr_notifystring
0C019534 T S_ClearBuffer
0C0B99B8 T key_count
0C0B99BC T key_lastpress
0C082E14 T scr_conlines
0C082E20 T clearnotify
0C074890 T net_activeSockets
0C074898 T net_freeSockets
0C0748A0 T net_numsockets
0C0748A4 T net_numdrivers
0C0748A8 T net_drivers
0C04FB78 T Loop_Init
0C04FBA4 T Loop_Listen
0C04FBB4 T Loop_SearchForHosts
0C04FCC8 T Loop_Connect
0C04FE1C T Loop_CheckNewConnections
0C04FE8C T Loop_GetMessage
0C04FFEC T Loop_SendMessage
0C0500E8 T Loop_SendUnreliableMessage
0C0501D8 T Loop_CanSendMessage
0C050208 T Loop_CanSendUnreliableMessage
0C05021C T Loop_Close
0C050280 T Loop_Shutdown
0C074C64 T DEFAULTnet_hostport
0C082E38 T net_hostport
0C082E3C T net_driverlevel
0C074C68 T hostname
0C074C90 T messagesSent
0C074C94 T messagesReceived
0C074C98 T unreliableMessagesSent
0C074C9C T unreliableMessagesReceived
0C015CA0 T NET_NewQSocket
0C0B48AC T svs
0C074CA4 T net_activeconnections
0C083140 T net_time
0C015DB0 T NET_FreeQSocket
0C015E44 T SetNetTime
0C074CA0 T hostCacheCount
0C082E40 T hostcache
0C015E7C T NET_Init
0C0502B4 T VCR_Init
0C078EC0 T recording
0C078D08 T TU5BC3A37A/listening
0C078D50 T net_messagetimeout
0C078D80 T config_com_port
0C078DA8 T config_com_irq
0C078DD0 T config_com_baud
0C078DF8 T config_com_modem
0C078E20 T config_modem_dialtype
0C078E48 T config_modem_clear
0C078E70 T config_modem_init
0C078E98 T config_modem_hangup
0C016FD0 T NET_Slist_f
0C0509F0 T NET_Listen_f
0C050AEC T MaxPlayers_f
0C050C20 T NET_Port_f
0C083160 T my_ipx_address
0C0831A0 T my_tcpip_address
0C01623C T NET_CheckNewConnections
0C0B8C5C T host_time
0C0EEE3C T vcrConnect
0C077F48 T vcrFile
0C0163B0 T NET_Connect
0C074CB8 T slistSilent
0C074CB4 T slistInProgress
0C016D78 T NET_Poll
0C050CE4 T PrintSlistHeader
0C050D18 T PrintSlist
0C050E00 T PrintSlistTrailer
0C01661C T NET_CanSendMessage
0C0EEE74 T vcrSendMessage
0C0166D8 T NET_GetMessage
0C016D14 T NET_Close
0C0EEE54 T vcrGetMessage
0C0168C0 T NET_SendMessage
0C0169AC T NET_SendUnreliableMessage
0C016A98 T NET_SendToAll
0C0B8BD4 T host_client
0C078D78 T configRestored
0C074CA8 T serialAvailable
0C0831E8 T SetComPortConfig
0C0831F8 T SetModemConfig
0C078EC8 T TU5BC3A37A/pollProcedureList
0C016EE8 T SchedulePollProcedure
0C074CAC T ipxAvailable
0C074CB0 T tcpipAvailable
0C0831E0 T GetComPortConfig
0C0831F0 T GetModemConfig
0C074CBC T slistLocal
0C0EEE30 T TU5BC3A37A/slistStartTime
0C078D10 T slistSendProcedure
0C078D30 T slistPollProcedure
0C017084 T Cbuf_Init
0C0B9C78 T cmd_text
0C0170B0 T Cbuf_AddText
0C017124 T Cbuf_InsertText
0C0171D4 T Cbuf_Execute
0C0176CC T Cmd_ExecuteString
0C0B9C74 T cmd_wait
0C083200 T cmd_source
0C017308 T Cmd_Init
0C0318A4 T Cmd_StuffCmds_f
0C031A7C T Cmd_Exec_f
0C031B30 T Cmd_Echo_f
0C031BD4 T Cmd_Alias_f
0C0177B0 T Cmd_ForwardToServer
0C031890 T Cmd_Wait_f
0C0B9B08 T host_initialized
0C0B9F14 T TU5BC3AD34/cmd_functions
0C0174C8 T Cmd_CompleteCommand
0C0B9C90 T TU5BC3AD34/cmd_argc
0C075410 T TU5BC3AD34/cmd_null_string
0C0B9C94 T TU5BC3AD34/cmd_argv
0C0175A0 T Cmd_Args
0C075418 T TU5BC3AD34/cmd_args
0C0175B8 T Cmd_TokenizeString
0C0B9C6C T cmd_alias
0C0178C0 T Sbar_Init
0C1227BC T sb_nums
0C12286C T sb_colon
0C122874 T sb_slash
0C122894 T sb_weapons
0C122A54 T sb_ammo
0C122A94 T sb_armor
0C122AAC T sb_items
0C122A74 T sb_sigil
0C122BAC T sb_faces
0C122C1C T sb_face_invis
0C122C2C T sb_face_invuln
0C122C34 T sb_face_invis_invuln
0C05E290 T Sbar_ShowScores
0C122C24 T sb_face_quad
0C05E2BC T Sbar_DontShowScores
0C122884 T sb_sbar
0C12287C T sb_ibar
0C12288C T sb_scorebar
0C122CA8 T hsb_weapons
0C122DC0 T hsb_items
0C122C40 T rsb_invbar
0C122C50 T rsb_weapons
0C122C78 T rsb_items
0C122CA0 T rsb_teambord
0C122C88 T rsb_ammo
0C1227B8 T sb_updates
0C05E9F8 T Sbar_DrawInventory
0C05F3B4 T Sbar_DrawFrags
0C122C3C T sb_showscores
0C05E2D8 T Sbar_DrawPic
0C05E9C4 T Sbar_DrawScoreboard
0C05E5FC T Sbar_DrawNum
0C05F5B0 T Sbar_DrawFace
0C05DE04 T Sbar_MiniDeathmatchOverlay
0C05E0A0 T Sbar_DeathmatchOverlay
0C05F944 T Sbar_IntermissionNumber
0C018D5C T S_Init
0C074CC0 T fakedma
0C06B6D4 T S_Play
0C06B7F0 T S_PlayVol
0C06BB10 T S_StopAllSoundsC
0C06B930 T S_SoundList
0C06BB2C T S_SoundInfo_f
0C07A628 T nosound
0C074D28 T volume
0C07A650 T precache
0C074CD8 T loadas8bit
0C074D00 T bgmvolume
0C07A678 T bgmbuffer
0C07A6A0 T ambient_level
0C07A6C8 T ambient_fade
0C07A6F0 T snd_noextraupdate
0C07A718 T snd_show
0C07A740 T _snd_mixahead
0C0B9AD8 T host_parms
0C074D50 T snd_initialized
0C018FDC T S_Startup
0C01A684 T SND_InitScaletable
0C124C78 T num_sfx
0C124C70 T known_sfx
0C074CC8 T shm
0C01996C T S_PrecacheSound
0C124C7C T ambient_sfx
0C019FF4 T SNDDMA_Init
0C07A624 T sound_started
0C019040 T S_StartSound
0C019C04 T SND_PickChannel
0C074CD0 T sound_nominal_clip_dist
0C019DA8 T SND_Spatialize
0C01A1B0 T S_LoadSound
0C084E08 T paintedtime
0C083204 T channels
0C0192C8 T S_StaticSound
0C084E04 T total_channels
0C0193FC T S_StopSound
0C0195D0 T S_Update
0C074D54 T snd_blocked
0C084E10 T listener_origin
0C084E1C T listener_forward
0C084E28 T listener_right
0C084E34 T listener_up
0C06BD40 T S_UpdateAmbientSounds
0C06BA18 T S_Update_
0C06BC44 T S_FindName
0C019A04 T S_TouchSound
0C019A48 T S_BeginPrecaching
0C019A54 T S_EndPrecaching
0C019A60 T S_PaintChannels
0C124CC8 T paintbuffer
0C06C7F0 T SND_PaintChannelFrom8
0C06C8DC T SND_PaintChannelFrom16
0C06C5FC T S_TransferPaintBuffer
0C084E40 T sn
0C12DCE0 T dma_buffer
0C01A088 T SNDDMA_GetDMAPos
0C084E0C T paintedendtime
0C01A0FC T S_LocalSound
0C01A3A8 T GetWavinfo
0C06C060 T ResampleSfx
0C124CAC T iff_end
0C124CBC T iff_data
0C06C3D8 T FindChunk
0C124CA4 T data_p
0C06C240 T GetLittleShort
0C06C298 T GetLittleLong
0C06C300 T FindNextChunk
0C125CC8 T snd_scaletable
0C01A6E0 T SNDDMA_Submit
0C06C9AC T SNDDMA_GetDevDMAPos
0C07A770 T TU5BC3B22C/dmarov
0C131CE4 T olddma
0C131CE0 T TU5BC3B22C/wbufrov
0C084E70 T r_refdef
0C084F10 T r_origin
0C084F1C T vpn
0C084F28 T vright
0C084F34 T vup
0C084F40 T r_notexture_mip
0C01A828 T R_Init
0C0F1C04 T r_stack_start
0C039A08 T R_InitTurb
0C03B420 T R_TimeRefresh_f
0C03AB58 T R_ReadPointFile_f
0C075880 T r_draworder
0C0758A8 T r_speeds
0C0758D0 T r_timegraph
0C0758F8 T r_graphheight
0C075170 T r_drawflat
0C0759E8 T r_ambient
0C0757D0 T r_clearcolor
0C075920 T r_waterwarp
0C075948 T r_fullbright
0C075970 T r_drawentities
0C079DD8 T r_drawviewmodel
0C075998 T r_aliasstats
0C0759C0 T r_dspeeds
0C075A10 T r_reportsurfout
0C075A38 T r_maxsurfs
0C075A60 T r_numsurfs
0C075A88 T r_reportedgeout
0C075AB0 T r_maxedges
0C075AD8 T r_numedges
0C079E00 T r_aliastransbase
0C079E28 T r_aliastransadj
0C079E78 T r_novis
0C079E50 T r_wateralpha
0C0C6468 T view_clipplanes
0C03AA20 T R_InitParticles
0C029390 T D_Init
0C01AAD8 T R_InitTextures
0C01AC34 T R_RenderView
0C0B8DAC T r_warpbuffer
0C05AD9C T R_RenderView_
0C01ACE0 T R_ViewChanged
0C0CA79C T r_viewchanged
0C01D218 T R_SetVrect
0C0751A4 T r_aliasuvscale
0C0C6550 T yOrigin
0C0C654C T xOrigin
0C0C6544 T screenAspect
0C0C6548 T verticalFieldOfView
0C0BF320 T pixelAspect
0C0CA6D8 T aliasycenter
0C0CA6CC T aliasxscale
0C0C1F8C T xscale
0C0C1F84 T xcenter
0C0CA6D4 T aliasxcenter
0C0C1F88 T ycenter
0C0C1F94 T xscaleinv
0C0CA6D0 T aliasyscale
0C0C1F90 T yscale
0C0C1F9C T xscaleshrink
0C0C1F98 T yscaleinv
0C0C64E8 T screenedge
0C0C1FA0 T yscaleshrink
0C0CA6E0 T r_resfudge
0C0CA6DC T r_aliastransition
0C0CA7D8 T r_fov_greater_than_90
0C0294A0 T D_ViewChanged
0C01B380 T R_InitSky
0C11930C T newsky
0C11100C T bottomsky
0C11518C T bottommask
0C0B8D34 T r_skysource
0C01B4C0 T R_AddEfrags
0C08BBDC T cl_entities
0C0CA7C8 T r_pefragtopnode
0C0F1B24 T r_addent
0C0F1B1C T lastlink
0C0CA7B0 T r_emins
0C0CA7BC T r_emaxs
0C058D7C T R_SplitEntityOnNode
0C01B5BC T R_RemoveEfrags
0C01B644 T R_NewMap
0C0CA7A0 T r_viewleaf
0C03AAC8 T R_ClearParticles
0C0CA790 T r_cnumsurfs
0C0CA794 T r_surfsonstack
0C0C1F5C T surface_p
0C0C1F54 T surfaces
0C0C1F64 T surf_max
0C03AD04 T R_SurfacePatch
0C0C65FC T r_numallocatededges
0C0CA788 T r_maxsurfsseen
0C0CA78C T r_maxedgesseen
0C0C65F4 T auxedges
0C0CA798 T r_dowarpold
0C01B7E4 T R_ParseParticleEffect
0C01B8C4 T R_RunParticleEffect
0C121BAC T free_particles
0C121BA4 T active_particles
0C079F18 T ramp1
0C01BBDC T R_RocketTrail
0C079F58 T ramp3
0C122358 T tracercount
0C01C238 T R_EntityParticles
0C121BC0 T avelocities
0C079630 T r_avertexnormals
0C079F78 T beamlength
0C01C620 T R_BlobExplosion
0C01C87C T R_ParticleExplosion
0C01CA60 T R_ParticleExplosion2
0C01CBC0 T R_LavaSplash
0C01CDF4 T R_TeleportSplash
0C01D044 T R_PushDlights
0C075198 T r_framecount
0C0B059C T cl_dlights
0C0CA7D4 T r_dlightframecount
0C03CF4C T R_MarkLights
0C084F48 T r_cache_thrash
0C01D124 T D_FlushCaches
0C0CB878 T sc_base
0C0CB874 T sc_size
0C0C23C0 T sc_rover
0C075250 T msg_suppress_1
0C0408E8 T D_ClearCacheGuard
0C074D58 T cl_name
0C074D80 T cl_color
0C074DA8 T cl_upspeed
0C074DD0 T cl_forwardspeed
0C074DF8 T cl_backspeed
0C074E20 T cl_sidespeed
0C074E48 T cl_movespeedkey
0C074E70 T cl_yawspeed
0C074E98 T cl_pitchspeed
0C074EC0 T cl_anglespeedkey
0C074EE8 T cl_shownet
0C074F10 T cl_nolerp
0C074F38 T lookspring
0C074F60 T lookstrafe
0C074F88 T sensitivity
0C074FB0 T m_pitch
0C074FD8 T m_yaw
0C075000 T m_forward
0C075028 T m_side
0C086BDC T cl_efrags
0C0A909C T cl_static_entities
0C0AF49C T cl_lightstyle
0C0B099C T cl_temp_entities
0C0B3B9C T cl_beams
0C01D3A4 T CL_AllocDlight
0C01D4F0 T CL_DecayLights
0C01D620 T CL_Init
0C01DB18 T CL_InitInput
0C021A3C T CL_InitTEnts
0C02E934 T CL_PrintEntities_f
0C01D9B4 T CL_Disconnect_f
0C01F8A0 T CL_Record_f
0C01F7DC T CL_Stop_f
0C01FA90 T CL_PlayDemo_f
0C01FC2C T CL_TimeDemo_f
0C01D7E8 T CL_EstablishConnection
0C01D894 T CL_Disconnect
0C02D11C T Host_Error
0C01F43C T CL_StopPlayback
0C02D6B8 T Host_ShutdownServer
0C01D9E8 T CL_NextDemo
0C0B401C T cl_numvisedicts
0C0B4020 T cl_visedicts
0C0B4820 T in_mlook
0C0B482C T in_klook
0C0B4838 T in_strafe
0C0B4844 T in_speed
0C02E094 T IN_UpDown
0C02E0BC T IN_UpUp
0C02E0E4 T IN_DownDown
0C02E10C T IN_DownUp
0C02E134 T IN_LeftDown
0C02E15C T IN_LeftUp
0C02E184 T IN_RightDown
0C02E1AC T IN_RightUp
0C02E1D4 T IN_ForwardDown
0C02E1FC T IN_ForwardUp
0C02E224 T IN_BackDown
0C02E24C T IN_BackUp
0C02E274 T IN_LookupDown
0C02E29C T IN_LookupUp
0C02E2C4 T IN_LookdownDown
0C02E2EC T IN_LookdownUp
0C02E404 T IN_StrafeDown
0C02E42C T IN_StrafeUp
0C02E314 T IN_MoveleftDown
0C02E33C T IN_MoveleftUp
0C02E364 T IN_MoverightDown
0C02E38C T IN_MoverightUp
0C02E3B4 T IN_SpeedDown
0C02E3DC T IN_SpeedUp
0C02E454 T IN_AttackDown
0C02E47C T IN_AttackUp
0C02E4A4 T IN_UseDown
0C02E4CC T IN_UseUp
0C02E4F4 T IN_JumpDown
0C02E51C T IN_JumpUp
0C02E544 T IN_Impulse
0C02DFB0 T IN_KLookDown
0C02DFD8 T IN_KLookUp
0C02E000 T IN_MLookDown
0C02E028 T IN_MLookUp
0C01DDF4 T CL_SendCmd
0C01EF98 T CL_BaseMove
0C02A0EC T IN_Move
0C01DF18 T CL_SendMove
0C0B9BB8 T in_attack
0C0B9BAC T in_jump
0C0B9BDC T in_impulse
0C01E128 T CL_ParseTEnt
0C0B9C28 T cl_sfx_wizhit
0C0B9C30 T cl_sfx_knighthit
0C0B9C38 T cl_sfx_tink1
0C0B9C40 T cl_sfx_ric1
0C0B9C48 T cl_sfx_ric2
0C0B9C50 T cl_sfx_ric3
0C0B9C58 T cl_sfx_r_exp3
0C027CE0 T Mod_ForName
0C030E24 T CL_ParseBeam
0C01E870 T CL_UpdateTEnts
0C0B9C24 T num_temp_entities
0C0310E0 T CL_NewTempEntity
0C01ED40 T CL_ClearState
0C02C810 T Host_ClearMemory
0C01EE78 T CL_ReadFromServer
0C0B9B0C T host_frametime
0C01F4BC T CL_GetMessage
0C01FCA4 T CL_ParseServerMessage
0C02ECF4 T CL_RelinkEntities
0C02E578 T CL_AdjustAngles
0C0B9B4C T in_right
0C01F25C T CL_KeyState
0C0B9B40 T in_left
0C0B9B94 T in_moveright
0C0B9B88 T in_moveleft
0C0B9BC4 T in_up
0C0B9BD0 T in_down
0C0B9B58 T in_forward
0C0B9B64 T in_back
0C01F3B0 T Key_KeynumToString
0C0CC898 T tinystr
0C077F58 T keynames
0C02DC38 T CL_FinishTimeDemo
0C0B9B2C T host_framecount
0C02DD10 T CL_WriteDemoMessage
0C02FF78 T CL_ParseUpdate
0C075280 T svc_strings
0C030738 T CL_ParseClientdata
0C02D27C T Host_EndGame
0C02156C T V_ParseDamage
0C02FBC4 T CL_ParseServerInfo
0C02F830 T CL_ParseStartSoundPacket
0C02081C T CL_NewTranslation
0C02F770 T CL_EntityNum
0C030664 T CL_ParseBaseline
0C030C18 T CL_ParseStatic
0C02C7EC T CDAudio_Pause
0C02C7F8 T CDAudio_Resume
0C021ACC T CL_SignonReply
0C030D50 T CL_ParseStaticSound
0C02C7DC T CDAudio_Play
0C020A08 T V_StartPitchDrift
0C07A5A8 T v_centerspeed
0C020AC8 T V_StopPitchDrift
0C0B99C8 T con_forcedup
0C0678DC T V_CalcIntermissionRefdef
0C0679C8 T V_CalcRefdef
0C07A1E8 T lcd_yaw
0C123804 T right
0C07A4E0 T crosshair
0C07A530 T cl_crossy
0C07A508 T cl_crossx
0C066B60 T V_CalcPowerupCshift
0C0669C8 T V_CheckGamma
0C0B9B14 T host_basepal
0C0B99D4 T gammatable
0C066D18 T VID_ShiftPaletteVec
0C07A378 T v_kickroll
0C07A3A0 T v_kickpitch
0C07A350 T v_kicktime
0C1237F4 T v_dmg_pitch
0C1237F0 T v_dmg_roll
0C1237EC T v_dmg_time
0C021958 T V_SetContentsColor
0C07A5D0 T cshift_empty
0C07A5F0 T cshift_lava
0C07A5E0 T cshift_slime
0C075B00 T cshift_water
0C0B4850 T progs
0C0B4858 T pr_functions
0C0B4860 T pr_strings
0C0B4868 T pr_globaldefs
0C0B4870 T pr_fielddefs
0C0B4878 T pr_statements
0C0B4880 T pr_global_struct
0C0B4888 T pr_globals
0C0B4890 T pr_edict_size
0C021CE4 T PR_Init
0C055584 T ED_PrintEdict_f
0C02470C T ED_PrintEdicts
0C0555EC T ED_Count
0C0237F4 T PR_Profile_f
0C079170 T nomonsters
0C079198 T gamecfg
0C0791C0 T scratch1
0C0791E8 T scratch2
0C079210 T scratch3
0C079238 T scratch4
0C079260 T savedgamecfg
0C079288 T saved1
0C0792B0 T saved2
0C0792D8 T saved3
0C079300 T saved4
0C021DF0 T PR_ExecuteProgram
0C023B84 T ED_Print
0C0EF734 T pr_depth
0C0B4898 T pr_trace
0C055994 T PR_EnterFunction
0C024624 T PR_RunError
0C0B489C T pr_xfunction
0C0B48A4 T pr_xstatement
0C055718 T PR_PrintStatement
0C0B4894 T pr_argc
0C075078 T pr_numbuiltins
0C075070 T pr_builtins
0C055AF4 T PR_LeaveFunction
0C0230E0 T PR_LoadProgs
0C079328 T TU5BC3A0BE/gefvCache
0C0B48A8 T pr_crc
0C02C758 T CRC_Init
0C02C778 T CRC_ProcessByte
0C023890 T ED_Alloc
0C024528 T EDICT_NUM
0C054D4C T ED_ClearEdict
0C02399C T ED_Free
0C02A16C T SV_UnlinkEdict
0C023AC4 T ED_NewString
0C02459C T NUM_FOR_EDICT
0C075050 T type_size
0C054F68 T PR_ValueString
0C023D0C T ED_Write
0C0551D8 T PR_UglyValueString
0C023E6C T ED_ParseEdict
0C054E00 T ED_FindField
0C054B18 T ED_ParseEpair
0C0240C4 T ED_WriteGlobals
0C0241C4 T ED_ParseGlobals
0C054E78 T ED_FindGlobal
0C0242D4 T ED_LoadFromFile
0C0750D0 T deathmatch
0C0B9B38 T current_skill
0C054EF0 T ED_FindFunction
0C078EF8 T pr_builtin
0C0558C8 T PR_StackTrace
0C02476C T ED_PrintNum
0C024790 T GetEdictFieldValue
0C0793B8 T rep
0C075080 T teamplay
0C0750A8 T skill
0C0750F8 T coop
0C075120 T fraglimit
0C075148 T timelimit
0C0B8BDC T host_abortserver
0C0B8C64 T sv_player
0C024894 T SV_Init
0C07A0A8 T sv_maxvelocity
0C079F80 T sv_gravity
0C07A0F8 T sv_friction
0C07A120 T sv_edgefriction
0C07A148 T sv_stopspeed
0C07A170 T sv_maxspeed
0C07A198 T sv_accelerate
0C07A1C0 T sv_idealpitchscale
0C078ED0 T sv_aim
0C07A0D0 T sv_nostep
0C122E14 T localmodels
0C0249AC T SV_StartParticle
0C024B14 T SV_StartSound
0C024E54 T SV_DropClient
0C0250D0 T SV_SendClientMessages
0C06093C T SV_UpdateToReliableMessages
0C0607D8 T SV_SendClientDatagram
0C060B34 T SV_SendNop
0C060744 T SV_CleanupEnts
0C0252D8 T SV_ClearDatagram
0C025308 T SV_ModelIndex
0C0253EC T SV_SetIdealPitch
0C02A6B0 T SV_Move
0C025820 T SV_ClientThink
0C123764 T velocity
0C12375C T origin
0C12376C T onground
0C065110 T DropPunchAngle
0C123754 T angles
0C123770 T cmd
0C02BE98 T V_CalcRoll
0C0654D8 T SV_WaterJump
0C0651D8 T SV_WaterMove
0C0655D8 T SV_AirMove
0C025A8C T SV_ClientPrintf
0C025CBC T SV_Physics
0C02A1C8 T SV_LinkEdict
0C063E64 T SV_Physics_Client
0C062C9C T SV_Physics_Pusher
0C0640F4 T SV_Physics_None
0C06410C T SV_Physics_Noclip
0C064350 T SV_Physics_Step
0C060F64 T SV_Physics_Toss
0C025F90 T SV_CheckBottom
0C02A5A0 T SV_PointContents
0C123718 T c_yes
0C12371C T c_no
0C0263D0 T SV_movestep
0C026AC4 T SV_WriteClientdataToMessage
0C027298 T SV_MoveToGoal
0C064BA0 T SV_CloseEnough
0C06447C T SV_StepDirection
0C0646C8 T SV_NewChaseDir
0C0273D4 T SV_CheckForNewClients
0C05FCD4 T SV_ConnectClient
0C0274A0 T SV_RunClients
0C065A1C T SV_ReadClientMessage
0C02759C T SV_SaveSpawnparms
0C02769C T SV_SpawnServer
0C060EC4 T SV_SendReconnect
0C02A0FC T SV_ClearWorld
0C060BE0 T SV_CreateBaseline
0C05FA08 T SV_SendServerinfo
0C027C50 T Mod_Init
0C0CCE24 T mod_novis
0C027C78 T Mod_ClearAll
0C0CD224 T mod_known
0C0EEA24 T mod_numknown
0C04D140 T Mod_FindName
0C04CEFC T Mod_LoadModel
0C027D18 T Mod_Extradata
0C027D9C T Mod_TouchModel
0C027DEC T Mod_PointInLeaf
0C027EE4 T Mod_LeafPVS
0C04D068 T Mod_DecompressVis
0C0B8C6C T d_spanpixcount
0C07519C T r_drawpolys
0C0B8C70 T r_drawculledpolys
0C0B8C74 T r_worldpolysbacktofront
0C0751A0 T r_recursiveaffinetriangles
0C0B8C78 T r_dowarp
0C0B8C7C T r_affinetridesc
0C0B8CB4 T r_spritedesc
0C0B8CF4 T r_polydesc
0C0B8D0C T r_pright
0C0B8D18 T r_pup
0C0B8D24 T r_ppn
0C027F94 T D_PolysetDraw
0C075B10 T edgetables
0C0CA7DC T r_p0
0C0CA86C T a_spans
0C0CA80C T r_p2
0C0CA7F4 T r_p1
0C03D614 T D_DrawSubdiv
0C03D898 T D_DrawNonSubdiv
0C028180 T D_PolysetDrawFinalVerts
0C0C343C T zspantable
0C0CA910 T skintable
0C03F008 T VID_ColorMap16
0C0C2414 T d_scantable
0C0C3434 T d_viewbuffer
0C0B8D3C T acolormap
0C028334 T D_DrawParticle
0C036760 T D_DrawParticle16
0C0C3420 T d_vrectbottom_particle
0C0C341C T d_vrectright_particle
0C0C3418 T d_vrecty
0C0C3414 T d_vrectx
0C0C2410 T d_zwidth
0C0C3430 T d_pix_shift
0C0C3428 T d_pix_min
0C0C342C T d_pix_max
0C0C3424 T d_y_aspect_shift
0C0BF31C T screenwidth
0C028990 T D_DrawPoly
0C02899C T D_DrawSprite
0C0CB868 T TU5BC3A7EE/sprite_spans
0C0CB85C T TU5BC3A7EE/minindex
0C0CB860 T TU5BC3A7EE/maxindex
0C0CB864 T TU5BC3A7EE/numpindex
0C0BF310 T cachewidth
0C0CB858 T TU5BC3A7EE/sprite_height
0C0BF314 T cacheblock
0C04053C T D_SpriteCalculateGradients
0C040024 T D_SpriteScanLeftEdge
0C040204 T D_SpriteScanRightEdge
0C0349E4 T D_SpriteDrawSpans
0C028BE0 T D_DrawSurfaces
0C0C1F4C T currententity
0C0C1F6C T modelorg
0C0C5458 T transformed_modelorg
0C033760 T TransformVector
0C0C23D8 T d_zistepu
0C0C23E4 T d_zistepv
0C0C23F0 T d_ziorigin
0C035CF0 T D_DrawSolidSurface
0C034310 T D_DrawZSpans
0C0BF324 T r_drawnpolycount
0C0C23A4 T r_skymade
0C033830 T R_MakeSky
0C035138 T D_DrawSkyScans16
0C034F4C T D_DrawSkyScans8
0C0C5454 T TU5BC3AAD8/miplevel
0C0356B8 T R_RotateBmodel
0C035E14 T D_CalcGradients
0C036150 T Turbulent16
0C0344AC T Turbulent8
0C0C1F34 T base_vpn
0C0C1F28 T base_vup
0C0C1F40 T base_vright
0C0C1F78 T base_modelorg
0C035A1C T R_TransformFrustum
0C0C23B8 T scale_for_mip
0C035618 T D_MipLevelForScale
0C035328 T D_CacheSurface
0C0C544C T d_drawspans
0C029384 T D_EndParticles
0C0757F8 T d_subdiv16
0C0B8D30 T r_skydirect
0C075820 T d_mipcap
0C075848 T d_mipscale
0C0C5468 T d_softdiv_rcptab
0C0C240C T d_zrowbytes
0C036754 T D_Patch
0C0296C0 T D_SetupFrame
0C0C543C T d_minmip
0C0C23C8 T d_initial_rover
0C0C23BC T d_roverwrapped
0C075870 T TU5BC3AA54/basemip
0C0C5440 T d_scalemip
0C03397C T D_DrawSpans8
0C033E3C T D_DrawSpans16
0C0C5464 T d_aflatcolor
0C02982C T D_StartParticles
0C029838 T D_TurnZOn
0C029844 T D_WarpScreen
0C03F4C8 T D_WarpScreen16
0C0C0928 T intsintable
0C029BCC T D_PolysetUpdateTables
0C0CB810 T skinwidth
0C0CB814 T skinstart
0C0B8D44 T r_drawsurf
0C029C74 T R_DrawSurface
0C05C7D8 T R_BuildLightMap
0C121668 T surfrowbytes
0C121684 T r_source
0C12163C T blocksize
0C121650 T blockdivshift
0C121654 T blockdivmask
0C12167C T r_numhblocks
0C121680 T r_numvblocks
0C121678 T r_lightwidth
0C079ED8 T surfmiptable
0C079EF8 T surfmiptable16
0C121640 T sourcetstep
0C121674 T r_stepback
0C12168C T r_sourcemax
0C121694 T blocklights
0C121660 T pbasesource
0C121658 T prowdestbase
0C12166C T r_lightptr
0C0B8D84 T skyspeed
0C0B8D88 T skyspeed2
0C0B8D8C T skytime
0C0B8D90 T c_surf
0C029F38 T IN_Init
0C029F58 T IN_Commands
0C02A8D4 T Key_Event
0C0681D8 T SV_InitBoxHull
0C1238F8 T TU5BC3B5A0/sv_areanodes
0C123FF8 T TU5BC3B5A0/sv_numareanodes
0C068684 T SV_CreateAreaNode
0C068B64 T SV_FindTouchedLeafs
0C068898 T SV_TouchLinks
0C0680C4 T SV_HullPointContents
0C02A60C T SV_TestEntityPosition
0C068CFC T SV_ClipMoveToEntity
0C069404 T SV_MoveBounds
0C068F58 T SV_ClipToLinks
0C0B8DB8 T keybindings
0C0B95B8 T key_repeats
0C0CC498 T keydown
0C077F4C T shift_down
0C045358 T Key_Message
0C02C10C T M_Keydown
0C02C6D4 T M_ToggleMenu_f
0C0CC098 T keyshift
0C0CB898 T consolekeys
0C0CBC98 T menubound
0C044E48 T Key_Console
0C02ACF0 T Key_Init
0C0BAABC T key_lines
0C0BCABC T key_linepos
0C0455E4 T Key_Bind_f
0C045514 T Key_Unbind_f
0C04559C T Key_Unbindall_f
0C02AF9C T Key_SetBinding
0C0B99C0 T con_totallines
0C0B99C4 T con_backscroll
0C0B99D0 T con_notifylines
0C02B060 T Con_CheckResize
0C0BAA98 T con_linewidth
0C075590 T con_text
0C0BAA9C T con_current
0C02B268 T Con_Init
0C0BAAB8 T con_debuglog
0C075598 T con_notifytime
0C02BB80 T Con_ToggleConsole_f
0C0330BC T Con_MessageMode_f
0C0330D8 T Con_MessageMode2_f
0C02B918 T Con_Clear_f
0C02B3E0 T Con_DrawConsole
0C0BAAB4 T con_vislines
0C0331F8 T Con_DrawInput
0C02B518 T Con_Print
0C0BAAA0 T con_x
0C0BCAC0 T cr
0C0330F4 T Con_Linefeed
0C0BAAA4 T con_times
0C033170 T Con_DebugLog
0C0BCEC4 T inupdate
0C075228 T developer
0C02B94C T Con_DrawNotify
0C0BCEC8 T chat_buffer
0C07558C T con_cursorspeed
0C0755C0 T edit_line
0C033064 T M_Menu_Main_f
0C0751B0 T v_gamma
0C02BC20 T V_Init
0C066A48 T V_cshift_f
0C066AF4 T V_BonusFlash_f
0C07A580 T v_centermove
0C07A3C8 T v_iyaw_cycle
0C07A3F0 T v_iroll_cycle
0C07A418 T v_ipitch_cycle
0C07A440 T v_iyaw_level
0C07A468 T v_iroll_level
0C07A490 T v_ipitch_level
0C07A4B8 T v_idlescale
0C07A558 T gl_cshiftpercent
0C07A210 T scr_ofsx
0C07A238 T scr_ofsy
0C07A260 T scr_ofsz
0C07A288 T cl_rollspeed
0C07A2B0 T cl_rollangle
0C07A2D8 T cl_bob
0C07A300 T cl_bobcycle
0C07A328 T cl_bobup
0C0668BC T BuildGammaTable
0C1237F8 T forward
0C123810 T up
0C02BFCC T M_Init
0C045758 T M_Menu_SinglePlayer_f
0C04577C T M_Menu_Load_f
0C0457AC T M_Menu_Save_f
0C045824 T M_Menu_MultiPlayer_f
0C045848 T M_Menu_Setup_f
0C045980 T M_Menu_Options_f
0C0459A4 T M_Menu_Keys_f
0C0459C8 T M_Menu_Video_f
0C0459EC T M_Menu_Help_f
0C0416B4 T M_Menu_Quit_f
0C0CC89C T m_state
0C0487D8 T M_Main_Key
0C048968 T M_SinglePlayer_Key
0C048AD0 T M_Load_Key
0C048BF8 T M_Save_Key
0C048CEC T M_MultiPlayer_Key
0C048E44 T M_Setup_Key
0C049288 T M_Net_Key
0C049454 T M_Options_Key
0C049620 T M_Keys_Key
0C049854 T M_Video_Key
0C049878 T M_Help_Key
0C049930 T M_Quit_Key
0C0499C4 T M_SerialConfig_Key
0C049F3C T M_ModemConfig_Key
0C04A2B4 T M_LanConfig_Key
0C04A5FC T M_GameOptions_Key
0C04A8D0 T M_Search_Key
0C04A8E0 T M_ServerList_Key
0C0CC8A4 T m_recursiveDraw
0C045D84 T M_Main_Draw
0C045EA4 T M_SinglePlayer_Draw
0C045FC4 T M_Load_Draw
0C0460A0 T M_Save_Draw
0C04617C T M_MultiPlayer_Draw
0C0462D8 T M_Setup_Draw
0C046594 T M_Net_Draw
0C046888 T M_Options_Draw
0C046C0C T M_Keys_Draw
0C046E44 T M_Video_Draw
0C046E64 T M_Help_Draw
0C046EAC T M_Quit_Draw
0C046FAC T M_SerialConfig_Draw
0C0473B0 T M_ModemConfig_Draw
0C047754 T M_LanConfig_Draw
0C047AE8 T M_GameOptions_Draw
0C0483D4 T M_Search_Draw
0C048504 T M_ServerList_Draw
0C0CC8A0 T m_entersound
0C0755C8 T TU5BC3AC68/crctable
0C02C7C8 T CDAudio_Init
0C02C804 T CDAudio_Update
0C0B9AD4 T noclip_anglehack
0C075200 T sys_ticrate
0C0CB888 T host_hunklevel
0C02C89C T Host_ServerFrame
0C02C928 T Host_InitCommands
0C04173C T Host_Status_f
0C02D590 T Host_Quit_f
0C041978 T Host_God_f
0C041A50 T Host_Notarget_f
0C041C28 T Host_Fly_f
0C041E20 T Host_Map_f
0C0420AC T Host_Restart_f
0C042000 T Host_Changelevel_f
0C042168 T Host_Connect_f
0C042138 T Host_Reconnect_f
0C042C4C T Host_Name_f
0C041B28 T Host_Noclip_f
0C042E50 T Host_Version_f
0C043104 T Host_Say_f
0C04311C T Host_Say_Team_f
0C043134 T Host_Tell_f
0C0432F0 T Host_Color_f
0C0434E0 T Host_Kill_f
0C0435A8 T Host_Pause_f
0C043798 T Host_Spawn_f
0C043DFC T Host_Begin_f
0C0436C4 T Host_PreSpawn_f
0C043E40 T Host_Kick_f
0C041D18 T Host_Ping_f
0C042690 T Host_Loadgame_f
0C0422E8 T Host_Savegame_f
0C0441CC T Host_Give_f
0C044C64 T Host_Startdemos_f
0C044D94 T Host_Demos_f
0C044DF8 T Host_Stopdemo_f
0C0448D4 T Host_Viewmodel_f
0C044980 T Host_Viewframe_f
0C044A98 T Host_Viewnext_f
0C044B8C T Host_Viewprev_f
0C0415F0 T Mod_Print
0C0B9B3C T minimum_memory
0C02D934 T Chase_Init
0C04134C T Host_InitVCR
0C040DA8 T Host_InitLocal
0C0CB880 T oldrealtime
0C077F28 T inerror
0C077E60 T serverprofile
0C041048 T _Host_Frame
0C0CB88C T timetotal
0C0CB894 T timecount
0C02D5EC T Host_ClientCommands
0C075258 T chase_active
0C075398 T chase_back
0C0753C0 T chase_up
0C0753E8 T chase_right
0C02D99C T Chase_Update
0C0B9C60 T chase_dest
0C031190 T TraceLine
0C0B9B70 T in_lookup
0C0B9B7C T in_lookdown
0C0B9BA0 T in_use
0C02DE0C T KeyDown
0C02DED0 T KeyUp
0C02EA84 T SetPal
0C02EA94 T CL_LerpPoint
0C02F9C8 T CL_KeepaliveMessage
0C0B9BE0 T lastmsg
0C0B9BE4 T bitcounts
0C03123C T SV_RecursiveHullCheck
0C031B84 T CopyString
0C0BA0EC T com_modified
0C0BA0F0 T proghack
0C075488 T static_registered
0C0BA9FC T com_cachedir
0C032F2C T COM_AddGameDirectory
0C032358 T COM_FileExtension
0C032BBC T COM_LoadPackFile
0C07548C T pop
0C0BA9F4 T exten
0C03257C T COM_CreatePath
0C0325CC T COM_CopyFile
0C0CCAD0 T m_save_demonum
0C0755C4 T team_message
0C0BCAC4 T data
0C03372C T VID_Blend66_16
0C0BF328 T sintable
0C0C1FA4 T d_lightstylevalue
0C079ED0 T xlast
0C079ED4 T ylast
0C0C23A8 T ubasestep
0C0C23AC T errorterm
0C0C23B0 T erroradjustup
0C0C23B4 T erroradjustdown
0C0C23D0 T d_sdivzstepu
0C0C23D4 T d_tdivzstepu
0C0C23DC T d_sdivzstepv
0C0C23E0 T d_tdivzstepv
0C0C23E8 T d_sdivzorigin
0C0C23EC T d_tdivzorigin
0C0C23F4 T sadjust
0C0C23F8 T tadjust
0C0C23FC T bbextents
0C0C2400 T bbextentt
0C036690 T D_SoftDiv
0C0CB848 T r_turb_tstep
0C0CB844 T r_turb_sstep
0C0CB84C T r_turb_turb
0C0CB81C T r_turb_pbase
0C0CB824 T r_turb_pdest
0C0CB83C T r_turb_s
0C0CB840 T r_turb_t
0C0CB854 T r_turb_spancount
0C03F3F4 T D_DrawTurbulent8Span
0C03FAE4 T D_SpriteDrawSpans16
0C03F914 T D_Sky_uv_To_st
0C038B04 T R_TextureAnimation
0C0CB870 T surfscale
0C040930 T D_SCAlloc
0C0C6594 T entity_rotation
0C057A2C T R_EntityRotate
0C035C10 T D_DrawSolidSurface16
0C0CB82C T r_turb_pbase16
0C0CB834 T r_turb_pdest16
0C03F838 T D_DrawTurbulent16Span
0C036D28 T R_RenderWorld
0C0C65C4 T pbtofpolys
0C0CA6EC T r_pcurrentvertbase
0C0580D4 T R_RecursiveWorldNode
0C0C65C0 T numbtofpolys
0C037CC8 T R_RenderPoly
0C0C6538 T r_entorigin
0C0C6554 T r_visframecount
0C0C6558 T insubmodel
0C0C655C T r_worldmodelorg
0C036E34 T R_DrawSprite
0C05BB80 T R_GetSpriteframe
0C121634 T TU5BC3BBEA/sprite_height
0C121630 T TU5BC3BBEA/sprite_width
0C05B12C T R_RotateSprite
0C05B558 T R_SetupAndDrawSprite
0C0372FC T R_RenderFace
0C0CA6E4 T r_outofsurfaces
0C0C6608 T edge_p
0C0C6610 T edge_max
0C0CA6E8 T r_outofedges
0C0C6568 T c_faceclip
0C0F1B04 T r_nearzi
0C0F1B18 T r_lastvertvalid
0C0F1AC4 T TU5BC3BE40/makeleftedge
0C0F1AC8 T TU5BC3BE40/makerightedge
0C0F1ACC T r_nearzionly
0C0F1B00 T r_emitted
0C0F1AB4 T r_pedge
0C0C6600 T r_edges
0C058CAC T R_EmitCachedEdge
0C0F1ABC T r_leftclipped
0C0F1AC0 T r_rightclipped
0C0F1AB0 T cacheoffset
0C03CB04 T R_ClipEdge
0C0F1AD0 T r_leftenter
0C0F1ADC T r_leftexit
0C0F1AE8 T r_rightenter
0C0F1AF4 T r_rightexit
0C0C656C T r_polycount
0C0C65B8 T r_currentkey
0C038644 T R_RenderBmodelFace
0C0CA7D0 T r_clipflags
0C0C65BC T r_currentbkey
0C0389E8 T R_SetSkyFrame
0C079EC8 T iskyspeed
0C079ECC T iskyspeed2
0C038BEC T R_DrawSubmodelPolygons
0C038D00 T R_DrawSolidClippedSubmodelPolygons
0C0F1A94 T TU5BC3BF61/numbverts
0C0F1A8C T TU5BC3BF61/pbedges
0C0F1A98 T TU5BC3BF61/numbedges
0C0F1A84 T TU5BC3BF61/pbverts
0C057B24 T R_RecursiveClipBPoly
0C039014 T R_AliasDrawModel
0C0C65F0 T r_amodels_drawn
0C0C65E8 T pauxverts
0C0C65E0 T pfinalverts
0C0C65D8 T pmdl
0C0C65D0 T paliashdr
0C05752C T R_AliasSetupSkin
0C056C08 T R_AliasSetUpTransform
0C0576E8 T R_AliasSetupLighting
0C057884 T R_AliasSetupFrame
0C0F19B8 T TU5BC3BF15/ziscale
0C05747C T R_AliasPrepareUnclippedPoints
0C0571F8 T R_AliasPreparePoints
0C0391F0 T R_BeginEdgeFrame
0C058FAC T R_GenerateSpansBackward
0C0F1B48 T pdrawfunc
0C058EA8 T R_GenerateSpans
0C0C8618 T removeedges
0C0C6618 T newedges
0C039318 T R_ScanEdges
0C0F1B34 T max_span_p
0C0F1B2C T span_p
0C0CA618 T edge_head
0C0CA650 T edge_tail
0C0F1B40 T edge_head_u_shift20
0C0CA688 T edge_aftertail
0C0F1B50 T edge_sentinel
0C0F1B44 T edge_tail_u_shift20
0C0F1B88 T r_edge_fv
0C0F1B3C T current_iv
0C0396B0 T R_InsertNewEdges
0C059684 T R_DrawCulledPolys
0C0399C8 T R_RemoveEdges
0C03978C T R_StepActiveU
0C0C6570 T r_wholepolycount
0C0C6574 T pfrustum_indexes
0C039B68 T R_ZDrawSubmodelPolys
0C0C65CC T a_skinwidth
0C039C78 T R_AliasCheckBBox
0C0F19BC T TU5BC3BF15/pmodel
0C056F08 T R_AliasTransformVector
0C0795D0 T TU5BC3BF15/aedges
0C03A3CC T R_DrawParticles
0C079F38 T ramp2
0C121BBC T r_numparticles
0C121BB4 T particles
0C0CA6C0 T r_bmodelactive
0C03AD10 T R_AliasClipTriangle
0C0F173C T TU5BC3BF9E/fv
0C0F193C T TU5BC3BF9E/av
0C05638C T R_Alias_clip_z
0C056744 T R_AliasClip
0C056010 T R_Alias_clip_left
0C0561D8 T R_Alias_clip_right
0C055E5C T R_Alias_clip_bottom
0C055C94 T R_Alias_clip_top
0C0CA6F4 T r_time1
0C0CA6F8 T dp_time1
0C0CA6FC T dp_time2
0C0CA700 T db_time1
0C0CA704 T db_time2
0C0CA708 T rw_time1
0C0CA70C T rw_time2
0C0CA710 T se_time1
0C0CA714 T se_time2
0C0CA718 T de_time1
0C0CA71C T de_time2
0C0CA720 T dv_time1
0C0CA724 T dv_time2
0C0CA728 T r_frustum_indexes
0C0CA7A8 T r_oldviewleaf
0C03B34C T R_StoreEfrags
0C03B5AC T R_TimeGraph
0C0F1B94 T r_timings
0C0F1B90 T timex
0C059884 T R_LineGraph
0C03B700 T R_PrintAliasStats
0C03B724 T R_PrintTimes
0C03B7C0 T R_PrintDSpeeds
0C03B940 T R_AnimateLight
0C03BA1C T R_LightPoint
0C0587B4 T RecursiveLightPoint
0C03BAE8 T R_SetupFrame
0C059828 T R_CheckVariables
0C0599A8 T R_SetUpFrustumIndexes
0C03C314 T R_EmitEdge
0C0F1B08 T r_u1
0C0F1B0C T r_v1
0C0F1B10 T r_lzi1
0C0F1B14 T r_ceilv1
0C03CE9C T R_SplitEntityOnNode2
0C0CA824 T d_pcolormap
0C0CA82C T d_xdenom
0C0CA830 T pedgetable
0C0CA838 T a_sstepxfrac
0C0CA83C T a_tstepxfrac
0C0CA840 T r_lstepx
0C0CA844 T a_ststepxwhole
0C0CA848 T r_sstepx
0C0CA84C T r_tstepx
0C0CA850 T r_lstepy
0C0CA854 T r_sstepy
0C0CA858 T r_tstepy
0C0CA85C T r_zistepx
0C0CA860 T r_zistepy
0C0CA864 T d_aspancount
0C0CA868 T d_countextrastep
0C0CA874 T d_pedgespanpackage
0C0CA87C T TU5BC3A88A/ystart
0C0CA880 T d_pdest
0C0CA888 T d_ptex
0C0CA890 T d_pdest16
0C0CA898 T d_ptex16
0C0CA8A0 T d_iptex
0C0CA8A8 T d_iptex16
0C0CA8B0 T d_pz
0C0CA8B8 T d_sfrac
0C0CA8BC T d_tfrac
0C0CA8C0 T d_light
0C0CA8C4 T d_zi
0C0CA8C8 T d_ptexextrastep
0C0CA8CC T d_sfracextrastep
0C0CA8D0 T d_tfracextrastep
0C0CA8D4 T d_lightextrastep
0C0CA8D8 T d_pdestextrastep
0C0CA8DC T d_lightbasestep
0C0CA8E0 T d_pdestbasestep
0C0CA8E4 T d_ptexbasestep
0C0CA8E8 T d_sfracbasestep
0C0CA8EC T d_tfracbasestep
0C0CA8F0 T d_ziextrastep
0C0CA8F4 T d_zibasestep
0C0CA8F8 T d_pzextrastep
0C0CA8FC T d_pzbasestep
0C0CA900 T d_ptex_base
0C0CA908 T d_ptex_limit
0C075E10 T TU5BC3A88A/adivtab
0C03D0F4 T D_PolysetDrawSpans8
0C03D270 T D_PolysetCalcGradients
0C03DB00 T D_PolysetRecursiveTriangle
0C03DDC4 T D_PolysetSetEdgeTable
0C03DF50 T D_RasterizeAliasPolySmooth
0C03F164 T D_PolysetSetUpForLineScan
0C03ECAC T D_PolysetScanLeftEdge
0C03F25C T D_PolysetDrawSpans16
0C04087C T D_CheckCacheGuard
0C077E10 T host_framerate
0C077E38 T host_speeds
0C077E88 T samelevel
0C077EB0 T noexit
0C077ED8 T pausable
0C077F00 T temp1
0C040BBC T Host_FindMaxClients
0C040F00 T Host_FilterTime
0C041014 T Host_GetConsoleCommands
0C077F30 T time1
0C077F38 T time2
0C077F40 T time3
0C0CCD44 T wasInMenus
0C0CCD40 T m_quit_prevstate
0C0CCD3C T msgNumber
0C0421E8 T Host_SavegameComment
0C042E94 T Host_Say
0C04483C T FindViewthing
0C044A30 T PrintFrameName
0C077F50 T history_line
0C0783F4 T chat_bufferlen
0C045494 T Key_StringToKeynum
0C04AF5C T M_ScanSaves
0C0CCD04 T setup_myname
0C0CCCF4 T setup_hostname
0C0CCD1C T setup_top
0C0CCD14 T setup_oldtop
0C0CCD18 T setup_oldbottom
0C0CCD20 T setup_bottom
0C045904 T M_Menu_Net_f
0C0CCD28 T m_net_items
0C0CCD24 T m_net_cursor
0C0CCD38 T help_page
0C045A18 T M_Menu_SerialConfig_f
0C0CCCF0 T m_multiplayer_cursor
0C0CCD48 T serialConfig_cursor
0C0CCD50 T serialConfig_irq
0C0786C8 T TU5BC3A4BF/ISA_uarts
0C0CCD4C T serialConfig_comport
0C0786E8 T serialConfig_baudrate
0C0CC8B0 T m_return_reason
0C0CC8AC T m_return_onerror
0C0CCD54 T serialConfig_baud
0C045B40 T M_Menu_ModemConfig_f
0C0CCD6C T modemConfig_dialing
0C0CCD70 T modemConfig_clear
0C0CCD80 T modemConfig_init
0C0CCDA0 T modemConfig_hangup
0C045B9C T M_Menu_LanConfig_f
0C078714 T lanConfig_cursor
0C0CCDB0 T lanConfig_port
0C0CCDB4 T lanConfig_portname
0C045C74 T M_Menu_GameOptions_f
0C0CCDDC T maxplayers
0C045CE0 T M_Menu_Search_f
0C078CF0 T searchComplete
0C045D28 T M_Menu_ServerList_f
0C0CCDF4 T slist_cursor
0C0CCDF8 T slist_sorted
0C04ABA0 T M_DrawTransPic
0C04ABF0 T M_DrawPic
0C0CCAD4 T m_main_cursor
0C0CCAD8 T m_singleplayer_cursor
0C0CCAE0 T m_filenames
0C04AB20 T M_Print
0C0CCADC T load_cursor
0C04AAD0 T M_DrawCharacter
0C04AB64 T M_PrintWhite
0C04ADAC T M_DrawTextBox
0C04AC40 T M_BuildTranslationTable
0C04AD58 T M_DrawTransPicTranslate
0C0783FC T setup_cursor_table
0C0783F8 T setup_cursor
0C078410 T net_helpMessage
0C04B5F0 T M_DrawSlider
0C04B6D4 T M_DrawCheckbox
0C0CCD2C T options_cursor
0C0CCD34 T bind_grab
0C078490 T bindnames
0C04B714 T M_FindKeysForCommand
0C0CCD30 T keys_cursor
0C0785B0 T quitMessage
0C0786B0 T serialConfig_cursor_table
0C0CCD58 T serialConfig_phone
0C078700 T modemConfig_cursor_table
0C0CCD68 T modemConfig_cursor
0C078718 T lanConfig_cursor_table
0C0CCDBC T lanConfig_joinname
0C078C28 T hipnoticepisodes
0C0CCDD4 T startepisode
0C078C88 T rogueepisodes
0C078BB8 T episodes
0C0CCDD8 T startlevel
0C078988 T hipnoticlevels
0C078AA8 T roguelevels
0C078728 T levels
0C078CCC T gameoptions_cursor_table
0C0CCDE8 T gameoptions_cursor
0C078CC8 T m_serverInfoMessage
0C0CCDE0 T m_serverInfoMessageTime
0C0CCDEC T searchCompleteTime
0C0CCCC0 T loadable
0C04B0A8 T M_AdjustSliders
0C04B79C T M_UnbindCommand
0C0786D8 T TU5BC3A4BF/ISA_IRQs
0C04AA48 T M_ConfigureNetSubsystem
0C0CC8A8 T m_return_state
0C04B814 T M_NetStart_Change
0C0CC8D0 T identityTable
0C0CC9D0 T translationTable
0C0CCDFC T loadmodel
0C0CCE04 T loadname
0C04BD84 T Mod_LoadSpriteModel
0C04F894 T Mod_LoadSpriteFrame
0C04FA60 T Mod_LoadSpriteGroup
0C04BFE8 T Mod_LoadBrushModel
0C0EEE28 T mod_base
0C04DA54 T Mod_LoadVertexes
0C04DD68 T Mod_LoadEdges
0C04EFF4 T Mod_LoadSurfedges
0C04D288 T Mod_LoadTextures
0C04D8D4 T Mod_LoadLighting
0C04F0B8 T Mod_LoadPlanes
0C04DE58 T Mod_LoadTexinfo
0C04E40C T Mod_LoadFaces
0C04EEE4 T Mod_LoadMarksurfaces
0C04D954 T Mod_LoadVisibility
0C04E8F8 T Mod_LoadLeafs
0C04E6D4 T Mod_LoadNodes
0C04EAFC T Mod_LoadClipnodes
0C04D9D4 T Mod_LoadEntities
0C04DBA8 T Mod_LoadSubmodels
0C04ED08 T Mod_MakeHull0
0C04F230 T RadiusFromBounds
0C04C414 T Mod_LoadAliasModel
0C04F68C T Mod_LoadAliasSkin
0C04F75C T Mod_LoadAliasSkinGroup
0C04F370 T Mod_LoadAliasFrame
0C04F4CC T Mod_LoadAliasGroup
0C0EEA28 T decompressed
0C04E0C8 T CalcSurfaceExtents
0C04E674 T Mod_SetParent
0C078CF4 T localconnectpending
0C078CF8 T loop_client
0C078D00 T loop_server
0C05028C T IntAlign
0C05038C T VCR_SearchForHosts
0C05039C T VCR_Connect
0C0503B4 T VCR_CheckNewConnections
0C05049C T VCR_GetMessage
0C0505B8 T VCR_SendMessage
0C050688 T VCR_CanSendMessage
0C050754 T VCR_Close
0C050764 T VCR_Shutdown
0C0EEE94 T next
0C050E40 T VCR_ReadNext
0C0EEE38 T TU5BC3A37A/slistLastShown
0C050770 T Slist_Send
0C05088C T Slist_Poll
0C050ED0 T PF_VarString
0C0EEEAC T out
0C050F4C T PF_error
0C050FD8 T PF_objerror
0C05106C T PF_makevectors
0C0510CC T PF_setorigin
0C051168 T SetMinMaxSize
0C051690 T PF_setsize
0C051700 T PR_CheckBadString
0C051714 T PF_setmodel
0C051860 T ED_StringToStringT
0C0518E0 T PF_bprint
0C05190C T PF_sprint
0C0519D0 T PF_centerprint
0C051A94 T PF_normalize
0C051BD0 T PF_vlen
0C051C74 T PF_vectoyaw
0C051D8C T PF_vectoangles
0C051FA4 T PF_random
0C052004 T PF_particle
0C05207C T PF_ambientsound
0C052218 T PF_sound
0C052364 T PF_break
0C052398 T PF_traceline
0C0EEFAC T checkpvs
0C052580 T PF_newcheckclient
0C0EF3AC T c_invis
0C0EF3B0 T c_notvis
0C052744 T PF_checkclient
0C0529D8 T PF_stuffcmd
0C052AB8 T PF_localcmd
0C052B0C T PF_cvar
0C052B7C T PF_cvar_set
0C052BEC T PF_findradius
0C052D94 T PF_dprint
0C0EF3B4 T pr_string_temp
0C052DC0 T PF_ftos
0C052E74 T PF_fabs
0C052ED8 T PF_vtos
0C052F94 T PF_Spawn
0C052FDC T PF_Remove
0C053030 T PF_Find
0C05316C T PR_CheckEmptyString
0C053194 T PF_precache_file
0C0531C8 T PF_precache_sound
0C0532E8 T PF_precache_model
0C053424 T PF_coredump
0C05343C T PF_traceon
0C053450 T PF_traceoff
0C053464 T PF_eprint
0C0534C0 T PF_walkmove
0C053658 T PF_droptofloor
0C05381C T PF_lightstyle
0C05391C T PF_rint
0C0539AC T PF_floor
0C053A10 T PF_ceil
0C053A74 T PF_checkbottom
0C053AE0 T PF_pointcontents
0C053B3C T PF_nextent
0C053BFC T PF_aim
0C0542C8 T PF_changeyaw
0C054400 T WriteDest
0C05452C T PF_WriteByte
0C054578 T PF_WriteChar
0C0545C4 T PF_WriteShort
0C054610 T PF_WriteLong
0C05465C T PF_WriteAngle
0C05469C T PF_WriteCoord
0C0546DC T PF_WriteString
0C054738 T PF_WriteEntity
0C05479C T PF_makestatic
0C054940 T PF_setspawnparms
0C054A0C T PF_changelevel
0C054A90 T PF_Fixme
0C054AB0 T ED_FieldAtOfs
0C054D98 T ED_GlobalAtOfs
0C0EF434 T line
0C0553D8 T PR_GlobalString
0C0554C0 T PR_GlobalStringNoContents
0C0EF534 T pr_stack
0C0EF738 T localstack
0C0F1738 T localstack_used
0C0793C0 T pr_opnames
0C055BD8 T R_AliasProjectFinalVert
0C0F199C T r_apverts
0C0F19A4 T r_plightvec
0C0F19B0 T r_ambientlight
0C0F19B4 T r_shadelight
0C0F19C4 T TU5BC3BF15/alias_forward
0C0F19D0 T TU5BC3BF15/alias_right
0C0F19DC T TU5BC3BF15/alias_up
0C0F19E8 T TU5BC3BF15/pskindesc
0C0F19F0 T r_anumverts
0C0F19F4 T aliastransform
0C056988 T R_AliasTransformAndProjectFinalVerts
0C0F1A24 T tmatrix
0C0F1A54 T viewmatrix
0C057008 T R_AliasTransformFinalVert
0C0F1A9C T TU5BC3BF61/pfrontenter
0C0F1AA4 T TU5BC3BF61/pfrontexit
0C0F1AAC T TU5BC3BF61/makeclippededge
0C0595C4 T R_TrailingEdge
0C059084 T R_LeadingEdge
0C059794 T R_CleanupSpan
0C0594B8 T R_LeadingEdgeBackwards
0C0F1B8C T oldbright
0C0F1BF8 T viewlightvec
0C079DC8 T r_viewlighting
0C059A40 T R_MarkLeaves
0C059BD0 T R_DrawEntitiesOnList
0C059F94 T R_DrawViewModel
0C05A2E0 T R_BmodelCheckBBox
0C05A6E0 T R_DrawBEntitiesOnList
0C05AB70 T R_EdgeDrawing
0C0F1C0C T warpbuffer
0C12130C T TU5BC3BBEA/clip_current
0C121310 T TU5BC3BBEA/clip_verts
0C05B204 T R_ClipSpriteFace
0C121638 T lightleft
0C121644 T lightright
0C121648 T lightleftstep
0C12164C T lightrightstep
0C05BCDC T R_DrawSurfaceBlock8_mip0
0C05BE5C T R_DrawSurfaceBlock8_mip1
0C05BFDC T R_DrawSurfaceBlock8_mip2
0C05C15C T R_DrawSurfaceBlock8_mip3
0C05C2DC T R_DrawSurfaceBlock16_mip0
0C05C998 T R_DrawSurfaceBlock16_mipN
0C05C2F8 T R_DrawSurfaceBlock16_mip1
0C05C314 T R_DrawSurfaceBlock16_mip2
0C05C330 T R_DrawSurfaceBlock16_mip3
0C05C34C T R_AddDynamicLights
0C122380 T clearconsole
0C05DA70 T WritePCXfile
0C122798 T scr_erase_lines
0C12279C T scr_erase_center
0C05CD64 T SCR_DrawCenterString
0C05CFEC T CalcFov
0C1227A0 T count
0C07A098 T hipweapons
0C05E6BC T Sbar_SortFrags
0C122E10 T scoreboardlines
0C122DD0 T fragsort
0C05E7F4 T Sbar_ColorForMap
0C05E374 T Sbar_DrawTransPic
0C05E410 T Sbar_DrawCharacter
0C05E4B8 T Sbar_DrawString
0C05E554 T Sbar_itoa
0C05E828 T Sbar_SoloScoreboard
0C123314 T fatbytes
0C123318 T fatpvs
0C05FEC0 T SV_AddToFatPVS
0C05FFFC T SV_FatPVS
0C06007C T SV_WriteEntitiesToClient
0C061494 T SV_RunThink
0C0612B4 T SV_CheckVelocity
0C0620D0 T SV_AddGravity
0C0621A0 T SV_PushEntity
0C061760 T ClipVelocity
0C0641F0 T SV_CheckWaterTransition
0C0615FC T SV_Impact
0C06188C T SV_FlyMove
0C062424 T SV_PushMove
0C062E38 T SV_CheckStuck
0C063098 T SV_CheckWater
0C063274 T SV_WallFriction
0C06349C T SV_TryUnstick
0C06386C T SV_WalkMove
0C06467C T SV_FixCheckBottom
0C123720 T TU5BC3B7E0/forward
0C12372C T TU5BC3B7E0/right
0C123738 T TU5BC3B7E0/up
0C123744 T wishdir
0C123750 T wishspeed
0C064C74 T SV_UserFriction
0C064EC0 T SV_Accelerate
0C064FD8 T SV_AirAccelerate
0C06583C T SV_ReadClientMove
0C0661DC T Cache_Move
0C0663A0 T V_CalcBob
0C0665E8 T V_DriftPitch
0C12381C T oldgammavalue
0C066E1C T angledelta
0C066E74 T CalcGunAngle
0C07A600 T oldyaw
0C07A604 T oldpitch
0C067308 T V_BoundOffsets
0C06757C T V_AddIdle
0C067778 T V_CalcViewRoll
0C07A608 T oldz
0C123820 T TU5BC3B5A0/box_hull
0C123850 T TU5BC3B5A0/box_clipnodes
0C123880 T TU5BC3B5A0/box_planes
0C0682D4 T SV_HullForBox
0C068360 T SV_HullForEntity
0C07A61C T rec
0C07A60C T pat_tst0
0C07A76C T hash
0C06BF9C T GetSoundtime
0C124C6C T soundtime
0C07A620 T TU5BC3B3FC/snd_ambient
0C124CA0 T oldsamplepos
0C124C9C T buffers
0C124CB4 T last_chunk
0C124CC4 T iff_chunk_len
0C12DCC8 T snd_p
0C12DCD0 T snd_linear_count
0C12DCD4 T snd_vol
0C12DCD8 T snd_out
0C06C408 T Snd_WriteLinearBlastStereo16
0C06C4EC T S_TransferStereo16
0C06C9CC T __text_end
0C07A774 T __data_end
0C131CE8 T __bss_end
