0C097A80 T __bss_start
0C000180 T __get_stdin
0C097C08 T __stdin
0C0001A4 T __get_stdout
0C097C0C T __stdout
0C0001C8 T __get_stderr
0C097C10 T __stderr
0C0001EC T printf
0C000ACC T vsprintf
0C00774C T tk_puts
0C000278 T fopen
0C098014 T TU00000000/fnm
0C098018 T TU00000000/modus
0C098010 T TU00000000/err
0C0056E0 T findSpareSpot
0C0016E8 T malloc
0C098008 T TU00000000/myfile
0C00537C T fopen2
0C00171C T free
0C00036C T fclose
0C000E20 T fflush
0C00235C T __close
0C0003D8 T fread
0C00650C T freadSlowT
0C000F5C T memcpy
0C006804 T freadSlowB
0C0114C0 T __udivsi3
0C0021E8 T __read
0C0021C4 T __get_errno
0C000674 T fwrite
0C005C80 T fwriteSlow
0C002270 T __write
0C0007E8 T fputc
0C000970 T fputs
0C001694 T strlen
0C0009C8 T fprintf
0C000A28 T vfprintf
0C003490 T vvprintf
0C000A6C T sprintf
0C000B2C T ungetc
0C000B98 T fgetc
0C000BF8 T fseek
0C002318 T __seek
0C0023E0 T __tell
0C000DD4 T ftell
0C000EF8 T fscanf
0C003A44 T vvscanf
0C000FF0 T strcpy
0C001080 T strncpy
0C001138 T strcat
0C0011BC T memcmp
0C00126C T strcmp
0C001328 T strncmp
0C0013F8 T memchr
0C00148C T strchr
0C001518 T strstr
0C0015E4 T memset
0C001658 T strerror
0C097A80 T __userExit
0C007A94 T __allocmem
0C007AF4 T __freemem
0C001754 T abort
0C007A58 T raise
0C00177C T exit
0C007B1C T __exit
0C0017A0 T rand
0C0929C4 T TU00000000/myseed
0C001808 T atof
0C00184C T strtod
0C007944 T isspace
0C0078BC T isdigit
0C001E88 T atoi
0C001ED4 T strtol
0C001FA4 T strtoul
0C007990 T isalpha
0C007904 T toupper
0C002190 T abs
0C0929C8 T __errno
0C09DE44 T btshx_tk_handles
0C00FF38 T tk_fread
0C0101F8 T tk_puts_n
0C00FF9C T tk_fwrite
0C010000 T tk_fseek
0C0100B8 T tk_fclose
0C0023B8 T __remove
0C0023CC T __rename
0C010060 T tk_ftell
0C097B00 T TU00000000/permFiles
0C002424 T tk_printf
0C010110 T tk_putc
0C0118F2 T __va_arg_i
0C010E34 T tk_print_decimal_n
0C010CB4 T tk_print_decimal
0C010C6C T tk_print_hex_genw
0C010AD4 T tk_print_hex_n
0C01097C T tk_print_hex
0C011958 T __va_arg_d
0C010F24 T tk_print_float
0C097C14 T __userFiles
0C09800C T TU00000000/spareSpot
0C0929C0 T TU00000000/inreopen
0C09801C T TU00000000/modeType
0C0027C8 T __init_stdin
0C002830 T dblcvt
0C006A70 T examine
0C005784 T checkMode
0C005B58 T osfopen
0C005440 T fopen3
0C0077B0 T __open
0C005DA8 T fwriteSlowT
0C0062E4 T fwriteSlowB
0C0102BC T __umodsi3
0C00FE4C T tk_fopen
0C093110 T btshx_tk_nhandles
0C008A4C T __cytpe_init
0C09C910 T __isbuf
0C09C918 T __toup
0C0079D8 T __sigdfl
0C0929CC T handlers
0C007A28 T __sigerr
0C007A40 T __sigign
0C00B73C T TKMM_Malloc
0C098020 T __envptr
0C007B08 T __exec
0C007E90 T __exita
0C007C24 T main
0C12AFA8 T parms
0C013CA4 T COM_InitArgv
0C09E66C T com_argc
0C09E670 T com_argv
0C0385C8 T Host_Init
0C0885F8 T Sys_CheckSanity
0C014E68 T Sys_FloatTime
0C038CF8 T Host_Frame
0C0114BC T sleep_0
0C007EB4 T __get_cmdline
0C007ED0 T __get_cmdenv
0C098024 T TU00000000/buffer1
0C09982C T TU00000000/buffer2
0C09B034 T TU00000000/buffer3
0C09C83C T __eplist
0C09C840 T __plist
0C007EEC T __start
0C0088C4 T __start_early
0C09C844 T argv
0C0088E0 T __start_late
0C00BD1C T TKMM_Init
0C0088F0 T __datetime
0C0089B8 T TK_GetTimeMs
0C0089F0 T __assert
0C0929E8 T TU00000000/__isbufR
0C092BEC T TU00000000/__tolowR
0C092DF0 T TU00000000/__toupR
0C09C914 T __tolow
0C008AC4 T longjmp
0C0115E0 T __longj
0C008B00 T ceil
0C008B98 T fabs
0C008C08 T floor
0C008CD8 T atan2
0C00990C T atan
0C009064 T frexp
0C009260 T pow
0C00A58C T log
0C00A414 T exp
0C009508 T sqrt
0C01157A T __sqrt_d
0C009DA8 T cos
0C00A064 T sin
0C00A320 T tan
0C00A888 T __mmDef
0C00A8A0 T __mmInit
0C00A8D0 T __mmTerm
0C00A8E8 T __mmSupply
0C00AA7C T __mmAlloc
0C00AD60 T __mmFree
0C00B0D8 T __mmFId
0C00B198 T __mmMaxSize
0C00B22C T __mmRealloc
0C092FF4 T __mmDebug
0C092FF8 T __mmDbg2
0C09C91C T __memmgr
0C00B830 T TKMM_MMList_Malloc
0C00BBA8 T TKMM_AllocPages
0C00BC64 T TKMM_PageToPointer
0C092FFC T tk_ird_imgbuf
0C09C924 T tkmm_pagebase
0C09C928 T tkmm_pageend
0C09C92C T tkmm_pagebmp
0C09D92C T tkmm_maxpage
0C09D930 T tkmm_pagerov
0C00C038 T TKMM_SizeToFxiU
0C09D934 T tkmm_mmlist_freelist
0C00C128 T TKMM_FxiToSize
0C00BF4C T TKMM_MMList_AllocBrk
0C00C0B4 T TKMM_SizeToFxiD
0C00B9B8 T TKMM_FindFreePages
0C00BCA4 T TKMM_PageAlloc
0C093094 T init
0C00BE08 T tk_ird_init
0C00BEFC T TKMM_MMList_Init
0C093098 T tk_vfile_ird_vt
0C00F424 T tk_vf_register
0C09DD44 T kerninit
0C093004 T tkmm_mmlist_brkbuf
0C09DD34 T tkmm_mmlist_brkend
0C09DD38 T tkmm_mmlist_brkpos
0C09DD3C T tkspi_ctl_speed
0C09DD40 T tkspi_ctl_status
0C00C184 T TKSPI_ChipSel
0C00C248 T TKSPI_XchByte
0C00C2E8 T TKSPI_DelayUSec
0C00C2FC T TKSPI_ReadData
0C00C424 T TKSPI_WaitReady
0C00C498 T TKSPI_WriteData
0C00C57C T TKSPI_Deselect
0C00C598 T TKSPI_Select
0C00C5E4 T TKSPI_SendCmd
0C00C798 T TKSPI_ReadSectors
0C01042C T __shrlli
0C00C940 T TKSPI_WriteSectors
0C00CA34 T tkfat_setWord
0C00CA80 T tkfat_setDWord
0C00CAFC T tkfat_getWord
0C00CB48 T tkfat_getDWord
0C00CBC8 T TKFAT_GetSectorTempBuffer
0C00D0D0 T TKFAT_GetFatEntry
0C00D250 T TKFAT_SetFatEntry
0C00D484 T TKFAT_GetClusterLBA
0C00D4D8 T TKFAT_AllocFreeCluster
0C00D560 T TKFAT_GetWalkCluster
0C00D61C T TKFAT_GetClusterFileOffs
0C00D6BC T TKFAT_ReadWriteSector
0C00D758 T TKFAT_ReadWriteCluster
0C00D82C T TKFAT_ReadWriteClusterOffset
0C00DAB0 T TKFAT_ReadWriteDirEntOffset
0C00DBB8 T tkfat_name2sfn
0C00DD88 T tkfat_name2lfn
0C00E048 T tkfat_matchlfn
0C00E174 T tkfat_lfnchecksum
0C093008 T TU00000000/tkfat_tuc52
0C00E22C T tkfat_asc2ucs
0C00E294 T TKFAT_LookupDirEntName
0C00EE5C T TKFAT_LookupDirEntPathR
0C00F048 T TKFAT_LookupDirEntPath
0C00F0AC T TKFAT_UpdateDirEnt
0C00F108 T TKFAT_GetDirEntCluster
0C00F184 T TKFAT_SetDirEntCluster
0C00F1FC T TKFAT_GetDirEntSize
0C00F240 T TKFAT_SetDirEntSize
0C00F284 T TKFAT_ReadWriteDirEntFile
0C093088 T tk_vf_freelist
0C09308C T tk_fsty_root
0C093090 T tk_vf_mount
0C00F450 T tk_vfile_init
0C00F4A0 T tk_fat_init
0C0930D4 T tk_vfile_fat_vt
0C00F4D4 T tk_alloc_file
0C00F550 T tk_ird_mount
0C00F568 T tk_ird_fopen
0C00F9EC T tk_ird_decoctal_n
0C00F6F8 T tk_ird_fread
0C00F7B8 T tk_ird_fseek
0C00F8F0 T tk_ird_ftell
0C00F94C T tk_ird_fclose
0C00F964 T tk_ird_fgetc
0C00FA58 T tk_fat_mount
0C00FA70 T tk_fat_fopen
0C01178C T __memcpy32
0C00FB80 T tk_fat_fread
0C00FBE0 T tk_fat_fwrite
0C00FC40 T tk_fat_fseek
0C00FD54 T tk_fat_ftell
0C00FD7C T tk_fat_fclose
0C00FDB0 T tk_fat_fgetc
0C00FDF4 T tk_fat_fputc
0C010160 T tk_kbhit
0C010198 T tk_getch
0C010270 T __moddi3
0C010308 T __smodsi3
0C01153C T __sdivsi3
0C010354 T __shllli
0C010504 T __sarlli
0C010638 T __udivlli
0C01085C T __sdivlli
0C093118 T chrs
0C011070 T tk_vprintf
0C09E244 T timer_ticks
0C0113E4 T start
0C0113E4 T _start
0C01149C T start_leds
0C011498 T pio_addr
0C011420 T stack_base
0C011404 T zero_bss
0C0114B4 T isr_table
0C0114AC T a_tk_main
0C011428 T _exit
0C011418 T bss_strt
0C01141C T bss_end
0C01140A T .L0
0C13842C T _end
0C011424 T _loop
0C01142E T _gdb_unhandled_isr
0C0114A0 T start1_leds
0C011438 T _gdb_nmi_isr
0C0114A4 T start2_leds
0C011442 T _gdb_illegalinst_isr
0C01144C T _gdb_addresserr_isr
0C011456 T _gdb_ihandler_emac
0C011460 T _gdb_trapa32_isr
0C011464 T _gdb_trapa33_isr
0C011468 T _gdb_trapa34_isr
0C01146C T _gdb_pit_isr
0C011480 T ticks
0C011484 T _gdb_ihandler_uart1
0C011488 T _gdb_ihandler_uart0
0C01148C T _gdb_ihandler_uart2
0C011490 T _gdb_ihandler_inttmr
0C0119A8 T _vector_table
0C0114C0 T __udivsi3_i4i
0C0114C0 T __udivdi3
0C011518 T udiv_lgdiv
0C0114D4 T sdiv_smdiv
0C0114FC T div6
0C0114FA T div7
0C01150A T divx3
0C01151A T sdiv_lgdiv
0C01153C T __sdivsi3_i4i
0C01153C T __sdivsi3_i4
0C011556 T sdiv_pos_divisor
0C01155E T sdiv_neg_result
0C011550 T sdiv_pos_result
0C011568 T sdiv_chkdiv
0C011574 T sdiv_res_neg
0C01158C T __sqrt_d_C0
0C011598 T __tk_trapdebug
0C01159C T __movmem_i4_even
0C0115BA T L_movmem_start_even
0C0115A2 T __movmem_i4_odd
0C0115AE T L_movmem_loop
0C0115CC T L_movmem_2mod4_end
0C0115D2 T __movmemSI12_i4
0C01160C T __setj
0C01163A T __ashrdi3
0C011654 T __ashrdi3_L0
0C01165C T __memcpy32_4
0C011664 T __memcpy32_8
0C011670 T __memcpy32_12
0C011680 T __memcpy32_16
0C011694 T __memcpy32_20
0C0116AC T __memcpy32_24
0C0116C8 T __memcpy32_28
0C0116E8 T __memcpy32_32
0C01170C T __memcpy32_36
0C01171C T __memcpy32_40
0C01172C T __memcpy32_44
0C01173C T __memcpy32_48
0C01174C T __memcpy32_52
0C01175C T __memcpy32_56
0C01176C T __memcpy32_60
0C01177C T __memcpy32_64
0C011792 T __memcpy32.l0_4
0C0117A0 T __memcpy32.l1_4
0C0117A6 T __memcpy8_4
0C0117C8 T __memcpy8_4_a
0C0117B0 T __memcpy8_4_u
0C0117D2 T __memcpy8_8
0C011808 T __memcpy8_8_a
0C0117DC T __memcpy8_8_u
0C011816 T __memcpy8_12
0C011860 T __memcpy8_12_a
0C011820 T __memcpy8_12_u
0C011872 T __memcpy8_16
0C0118BC T __memcpy8_16_a
0C01187C T __memcpy8_16_u
0C0118D2 T __memcpy8_20
0C0118DA T __memcpy8_24
0C0118E2 T __memcpy8_28
0C0118EA T __memcpy8_32
0C011906 T __va_arg_i.L0
0C011912 T __va_arg_l
0C01192C T __va_arg_l.L0
0C01193C T __va_arg_f
0C01194E T __va_arg_f.L0
0C011972 T __va_arg_d.L0
0C01197E T _gdb_gen_isr
0C01197E T _gdb_int_isr
0C01199C T _intevt
0C0119A0 T _vecevt
0C011990 T _gdb_tlb_isr
0C011994 T _traevt
0C011998 T _expevt
0C011AA8 T _gen_isr
0C011AB0 T _gen_isr_L0
0C011DA8 T _tlb_isr
0C011DB0 T _tlb_isr_L0
0C011FA8 T _int_isr
0C011FB0 T _int_isr_L0
0C09311C T __fpscr_values
0C011FB4 T SZ_Alloc
0C0154B8 T Hunk_AllocName
0C012008 T SZ_Clear
0C012028 T SZ_GetSpace
0C014D84 T Sys_Error
0C036D7C T Con_Printf
0C0120F4 T SZ_Write
0C012BD0 T Q_memcpy
0C01212C T SZ_Print
0C012ECC T Q_strlen
0C0121F0 T ClearLink
0C012220 T RemoveLink
0C01225C T InsertLinkBefore
0C09E248 T bigendien
0C09E24C T BigShort
0C09E250 T LittleShort
0C09E254 T BigLong
0C09E258 T LittleLong
0C09E25C T BigFloat
0C09E260 T LittleFloat
0C012298 T MSG_WriteChar
0C0122D0 T MSG_WriteByte
0C012308 T MSG_WriteShort
0C012368 T MSG_WriteLong
0C012400 T MSG_WriteFloat
0C012468 T MSG_WriteString
0C0124D0 T MSG_WriteCoord
0C01252C T MSG_WriteAngle
0C09E264 T msg_readcount
0C09E268 T msg_badread
0C012594 T MSG_BeginReading
0C0125B8 T MSG_ReadChar
0C09EC98 T net_message
0C012640 T MSG_ReadByte
0C0126CC T MSG_ReadShort
0C012754 T MSG_ReadLong
0C012858 T MSG_ReadFloat
0C01296C T MSG_ReadString
0C0CE044 T string
0C0129FC T MSG_ReadCoord
0C012A84 T MSG_ReadAngle
0C012AF4 T Q_memset
0C012D74 T Q_strcpy
0C012E0C T Q_strncpy
0C012F10 T Q_strrchr
0C012FB8 T Q_strcat
0C012FFC T Q_strcmp
0C013098 T Q_strncmp
0C013154 T Q_strcasecmp
0C013184 T Q_strncasecmp
0C013278 T Q_atoi
0C013450 T Q_atof
0C09E26C T com_token
0C013808 T COM_Parse
0C013A4C T COM_CheckParm
0C013AE4 T COM_Init
0C03F2C8 T ShortSwap
0C03F340 T ShortNoSwap
0C03F358 T LongSwap
0C03F43C T LongNoSwap
0C03F454 T FloatSwap
0C03F51C T FloatNoSwap
0C093124 T registered
0C01A894 T Cvar_RegisterVariable
0C093824 T cmdline
0C03F768 T COM_Path_f
0C01D4C0 T Cmd_AddCommand
0C03EDE0 T COM_InitFilesystem
0C03F61C T COM_CheckRegistered
0C0CDF44 T com_cmdline
0C0CDE54 T TU00000000/largv
0C093808 T TU00000000/safeargvs
0C093804 T TU00000000/argvdummy
0C09E6F8 T rogue
0C09313C T standard_quake
0C09E6FC T hipnotic
0C013F00 T COM_FileBase
0C014020 T COM_DefaultExtension
0C0140B0 T va
0C09E674 T com_filesize
0C09E678 T com_gamedir
0C014110 T COM_WriteFile
0C014B34 T Sys_FileOpenWrite
0C014DF8 T Sys_Printf
0C014CD8 T Sys_FileWrite
0C014BCC T Sys_FileClose
0C0141B8 T COM_OpenFile
0C03F9A4 T COM_FindFile
0C0141E8 T COM_FOpenFile
0C014218 T COM_CloseFile
0C0CE8CC T com_searchpaths
0C0142A0 T COM_LoadStackFile
0C0CE8D4 T loadbuf
0C0CE8D8 T loadsize
0C03FD84 T COM_LoadFile
0C0142F8 T COM_LoadHunkFile
0C014320 T COM_LoadCacheFile
0C0CE8D0 T loadcache
0C09E700 T vid
0C09E744 T d_8to16table
0C09E944 T vid_menudrawfn
0C09E948 T vid_menukeyfn
0C014358 T VID_SetPalette
0C089DB4 T vid_clamp255
0C12AFCC T d2d_8to24table
0C0145B0 T VID_ShiftPalette
0C0145C4 T VID_Init
0C12AFC0 T vid_buffer
0C12AFC4 T zbuffer
0C12AFC8 T surfcache
0C0CDBC4 T host_colormap
0C0D6018 T d_pzbuffer
0C024ED4 T D_InitCaches
0C12B3D0 T vid_vreg
0C12B3CC T vid_vram
0C0936A8 T r_pixbytes
0C0CDBC8 T host_colormap16
0C014830 T VID_Update
0C12B3D8 T vid_blendp
0C12B3D4 T vid_blendv
0C089DFC T VID_BlendRatio16
0C014AB0 T Sys_FileOpenRead
0C088500 T findhandle
0C12AB98 T sys_handles
0C08856C T filelength
0C014C1C T Sys_FileSeek
0C014C5C T Sys_FileRead
0C014D28 T Sys_FileTime
0C014D70 T Sys_mkdir
0C014E4C T Sys_Quit
0C12AFA0 T t0
0C12AF98 T t
0C014F10 T Sys_ConsoleInput
0C014F2C T Sys_SendKeyEvents
0C014F3C T Sys_LowFPPrecision
0C014F4C T Sys_HighFPPrecision
0C014F5C T Memory_Init
0C12A650 T hunk_base
0C12A654 T hunk_size
0C12A658 T hunk_low_used
0C12A65C T hunk_high_used
0C083DB0 T Cache_Init
0C12A64C T mainzone
0C08384C T Z_ClearZone
0C015074 T Z_Free
0C0151A8 T Z_Malloc
0C015394 T Z_CheckHeap
0C015208 T Z_TagMalloc
0C01548C T Hunk_Alloc
0C0836E8 T Cache_FreeLow
0C0155E0 T Hunk_HighAllocName
0C12A660 T hunk_tempactive
0C12A664 T hunk_tempmark
0C01587C T Hunk_FreeToHighMark
0C08376C T Cache_FreeHigh
0C015784 T Hunk_LowMark
0C0157A0 T Hunk_FreeToLowMark
0C015834 T Hunk_HighMark
0C015944 T Hunk_TempAlloc
0C0159CC T Hunk_Check
0C015AB8 T Cache_Flush
0C12A668 T cache_head
0C015B90 T Cache_Free
0C015B1C T Cache_Check
0C083CB4 T Cache_UnlinkLRU
0C083D38 T Cache_MakeLRU
0C015C28 T Cache_Alloc
0C083960 T Cache_TryAlloc
0C015D50 T Cache_Report
0C036ED4 T Con_DPrintf
0C093140 T vec3_origin
0C09314C T nanmask
0C015DFC T VectorMA
0C015EC8 T Length
0C015FB0 T CrossProduct
0C0160FC T VectorNormalize
0C016278 T VectorInverse
0C0162D4 T VectorScale
0C016358 T R_ConcatRotations
0C0169B0 T R_ConcatTransforms
0C01727C T FloorDivMod
0C017508 T GreatestCommonDivisor
0C0175B0 T AngleVectors
0C0179F8 T BoxOnPlaneSide
0C05FD1C T BOPS_Error
0C0184AC T anglemod
0C09E94C T wad_numlumps
0C09E950 T wad_lumps
0C09E954 T wad_base
0C018540 T W_LoadWadFile
0C018730 T W_CleanupName
0C018910 T SwapPic
0C0187DC T W_GetLumpinfo
0C0188C0 T W_GetLumpName
0C09E958 T draw_disc
0C01896C T Draw_Init
0C0D0D34 T draw_chars
0C0D0D38 T draw_backtile
0C0D0D10 T TU00000000/r_rectdesc
0C018A0C T Draw_Character
0C018E20 T Draw_Pic
0C01902C T Draw_TransPic
0C0194B0 T Draw_TransPicTranslate
0C0199C4 T Draw_ConsoleBackground
0C01A72C T Draw_CachePic
0C0408E8 T Draw_CharToConback
0C0409D0 T VID_BlendEven16
0C01A11C T Draw_BeginDisc
0C03260C T D_BeginDirectRect
0C01A170 T Draw_EndDisc
0C032634 T D_EndDirectRect
0C01A1B0 T Draw_TileClear
0C040A28 T R_DrawRect8
0C040B84 T R_DrawRect16
0C01A404 T Draw_Fill
0C01A5A0 T Draw_FadeScreen
0C040D2C T Draw_FadeScreen16
0C01FF38 T S_ExtraUpdate
0C01A6A4 T Draw_String
0C01A704 T Draw_PicFromWad
0C0D0D3C T menu_cachepics
0C0D2F3C T menu_numcachepics
0C01AE1C T Cvar_FindVar
0C01D5B8 T Cmd_Exists
0C09E95C T cvar_vars
0C01AA20 T Cvar_Set
0C0C9AF4 T sv
0C02F6E0 T SV_BroadcastPrintf
0C01AB6C T Cvar_SetValue
0C01ABDC T Cvar_VariableValue
0C01AC70 T Cvar_VariableString
0C093B68 T cvar_null_string
0C01ACBC T Cvar_CompleteVariable
0C01AD60 T Cvar_Command
0C01D6F0 T Cmd_Argv
0C01D6D4 T Cmd_Argc
0C01AE98 T SCR_Init
0C0974E0 T scr_fov
0C093150 T scr_viewsize
0C0975A4 T scr_conspeed
0C0975D4 T scr_showram
0C0975EC T scr_showturtle
0C097604 T scr_showpause
0C0975BC T scr_centertime
0C09761C T scr_printspeed
0C0772A4 T SCR_ScreenShot_f
0C077D1C T SCR_SizeUp_f
0C077D84 T SCR_SizeDown_f
0C129550 T scr_ram
0C129554 T scr_net
0C129558 T scr_turtle
0C12954C T scr_initialized
0C01AFF8 T SCR_UpdateScreen
0C09E978 T scr_skipupdate
0C09E984 T block_drawing
0C09E97C T scr_copytop
0C09E980 T scr_copyeverything
0C09E974 T scr_disabled_for_loading
0C129564 T scr_disabled_time
0C0CDBD0 T realtime
0C0A0870 T cls
0C0CDA90 T con_initialized
0C129988 T oldscr_viewsize
0C129548 T oldfov
0C0936C4 T lcd_x
0C12998C T oldlcd_x
0C129544 T oldscreensize
0C077A84 T SCR_CalcRefdef
0C03407C T D_EnableBackBufferAccess
0C09E968 T scr_fullupdate
0C01E754 T Sbar_Changed
0C0DB230 T pconupdate
0C07819C T SCR_SetUpToDrawConsole
0C077414 T SCR_EraseCenterString
0C032624 T D_DisableBackBufferAccess
0C02952C T V_RenderView
0C129984 T scr_drawdialog
0C01E770 T Sbar_Draw
0C078890 T SCR_DrawNotifyString
0C129560 T scr_drawloading
0C078100 T SCR_DrawLoading
0C0A1174 T cl
0C0CD278 T key_dest
0C01EEE4 T Sbar_IntermissionOverlay
0C01F0EC T Sbar_FinaleOverlay
0C077810 T SCR_CheckDrawCenterString
0C077DEC T SCR_DrawRam
0C077F48 T SCR_DrawNet
0C077E78 T SCR_DrawTurtle
0C078034 T SCR_DrawPause
0C0784B8 T SCR_DrawConsole
0C037BE4 T M_Draw
0C034C40 T D_UpdateRects
0C029974 T V_UpdatePalette
0C09E96C T sb_lines
0C0CD260 T scr_vrect
0C01B52C T SCR_CenterPrint
0C129568 T scr_centerstring
0C12996C T scr_centertime_off
0C129968 T scr_centertime_start
0C129970 T scr_center_lines
0C01B604 T SCR_BeginLoadingPlaque
0C01FA48 T S_StopAllSounds
0C03727C T Con_ClearNotify
0C09E960 T scr_con_current
0C01B704 T SCR_EndLoadingPlaque
0C01B734 T SCR_ModalMessage
0C129980 T scr_notifystring
0C01FB00 T S_ClearBuffer
0C0CDA7C T key_count
0C0CDA80 T key_lastpress
0C09E964 T scr_conlines
0C09E970 T clearnotify
0C093168 T net_activeSockets
0C09316C T net_freeSockets
0C093170 T net_numsockets
0C093174 T net_numdrivers
0C093178 T net_drivers
0C064B70 T Loop_Init
0C064BA8 T Loop_Listen
0C064BBC T Loop_SearchForHosts
0C064CF0 T Loop_Connect
0C064E90 T Loop_CheckNewConnections
0C064F0C T Loop_GetMessage
0C065060 T Loop_SendMessage
0C0651D8 T Loop_SendUnreliableMessage
0C065348 T Loop_CanSendMessage
0C065388 T Loop_CanSendUnreliableMessage
0C0653A0 T Loop_Close
0C065428 T Loop_Shutdown
0C093358 T DEFAULTnet_hostport
0C09E988 T net_hostport
0C09E98C T net_driverlevel
0C09335C T hostname
0C093374 T messagesSent
0C093378 T messagesReceived
0C09337C T unreliableMessagesSent
0C093380 T unreliableMessagesReceived
0C01B828 T NET_NewQSocket
0C0C9AE0 T svs
0C093388 T net_activeconnections
0C09EC90 T net_time
0C01B954 T NET_FreeQSocket
0C01BA0C T SetNetTime
0C093384 T hostCacheCount
0C09E990 T hostcache
0C01BA40 T NET_Init
0C065470 T VCR_Init
0C09686C T recording
0C096764 T TU00000000/listening
0C096790 T net_messagetimeout
0C0967AC T config_com_port
0C0967C4 T config_com_irq
0C0967DC T config_com_baud
0C0967F4 T config_com_modem
0C09680C T config_modem_dialtype
0C096824 T config_modem_clear
0C09683C T config_modem_init
0C096854 T config_modem_hangup
0C01CFC4 T NET_Slist_f
0C065D38 T NET_Listen_f
0C065E5C T MaxPlayers_f
0C065FD8 T NET_Port_f
0C09ECAC T my_ipx_address
0C09ECEC T my_tcpip_address
0C01BEA8 T NET_CheckNewConnections
0C0CD170 T host_time
0C0F61B8 T vcrConnect
0C095FDC T vcrFile
0C01C054 T NET_Connect
0C09339C T slistSilent
0C093398 T slistInProgress
0C01CCC4 T NET_Poll
0C0660C0 T PrintSlistHeader
0C0660F8 T PrintSlist
0C066210 T PrintSlistTrailer
0C01C33C T NET_CanSendMessage
0C0F61E0 T vcrSendMessage
0C01C424 T NET_GetMessage
0C01CC4C T NET_Close
0C0F61C8 T vcrGetMessage
0C01C6AC T NET_SendMessage
0C01C7CC T NET_SendUnreliableMessage
0C01C8EC T NET_SendToAll
0C0CD0EC T host_client
0C0967A8 T configRestored
0C09338C T serialAvailable
0C09ED30 T SetComPortConfig
0C09ED38 T SetModemConfig
0C096870 T TU00000000/pollProcedureList
0C01CE6C T SchedulePollProcedure
0C093390 T ipxAvailable
0C093394 T tcpipAvailable
0C09ED2C T GetComPortConfig
0C09ED34 T GetModemConfig
0C0933A0 T slistLocal
0C0F61AC T TU00000000/slistStartTime
0C096768 T slistSendProcedure
0C09677C T slistPollProcedure
0C01D094 T Cbuf_Init
0C0CDCF8 T cmd_text
0C01D0C8 T Cbuf_AddText
0C01D15C T Cbuf_InsertText
0C01D244 T Cbuf_Execute
0C01D8E8 T Cmd_ExecuteString
0C0CDCF4 T cmd_wait
0C09ED3C T cmd_source
0C01D3FC T Cmd_Init
0C03E74C T Cmd_StuffCmds_f
0C03E9D4 T Cmd_Exec_f
0C03EAB4 T Cmd_Echo_f
0C03EB7C T Cmd_Alias_f
0C01DA48 T Cmd_ForwardToServer
0C03E730 T Cmd_Wait_f
0C0CDBB4 T host_initialized
0C0CDE50 T TU00000000/cmd_functions
0C01D630 T Cmd_CompleteCommand
0C0CDD0C T TU00000000/cmd_argc
0C0937FC T TU00000000/cmd_null_string
0C0CDD10 T TU00000000/cmd_argv
0C01D754 T Cmd_Args
0C093800 T TU00000000/cmd_args
0C01D770 T Cmd_TokenizeString
0C0CDCF0 T cmd_alias
0C01DB98 T Sbar_Init
0C129994 T sb_nums
0C1299EC T sb_colon
0C1299F0 T sb_slash
0C129A00 T sb_weapons
0C129AE0 T sb_ammo
0C129B00 T sb_armor
0C129B0C T sb_items
0C129AF0 T sb_sigil
0C129B8C T sb_faces
0C129BC4 T sb_face_invis
0C129BCC T sb_face_invuln
0C129BD0 T sb_face_invis_invuln
0C129BC8 T sb_face_quad
0C078FB0 T Sbar_ShowScores
0C078FEC T Sbar_DontShowScores
0C1299F8 T sb_sbar
0C1299F4 T sb_ibar
0C1299FC T sb_scorebar
0C129C0C T hsb_weapons
0C129C98 T hsb_items
0C129BD8 T rsb_invbar
0C129BE0 T rsb_weapons
0C129BF4 T rsb_items
0C129C08 T rsb_teambord
0C129BFC T rsb_ammo
0C129990 T sb_updates
0C07997C T Sbar_DrawInventory
0C07A750 T Sbar_DrawFrags
0C129BD4 T sb_showscores
0C079010 T Sbar_DrawPic
0C079938 T Sbar_DrawScoreboard
0C079408 T Sbar_DrawNum
0C07A9D8 T Sbar_DrawFace
0C078A3C T Sbar_MiniDeathmatchOverlay
0C078D60 T Sbar_DeathmatchOverlay
0C07AE60 T Sbar_IntermissionNumber
0C01F158 T S_Init
0C0933A4 T fakedma
0C089F48 T S_Play
0C08A0A8 T S_PlayVol
0C08A4C4 T S_StopAllSoundsC
0C08A240 T S_SoundList
0C08A4E0 T S_SoundInfo_f
0C0979B4 T nosound
0C0933E0 T volume
0C0979CC T precache
0C0933B0 T loadas8bit
0C0933C8 T bgmvolume
0C0979E4 T bgmbuffer
0C0979FC T ambient_level
0C097A14 T ambient_fade
0C097A2C T snd_noextraupdate
0C097A44 T snd_show
0C097A5C T _snd_mixahead
0C0CDB9C T host_parms
0C0933F8 T snd_initialized
0C01F460 T S_Startup
0C0210D0 T SND_InitScaletable
0C12B3E0 T known_sfx
0C12B3E4 T num_sfx
0C0933A8 T shm
0C01FF88 T S_PrecacheSound
0C12B3E8 T ambient_sfx
0C02086C T SNDDMA_Init
0C0979B0 T sound_started
0C01F4D8 T S_StartSound
0C0202B0 T SND_PickChannel
0C0933AC T sound_nominal_clip_dist
0C0204BC T SND_Spatialize
0C020AD0 T S_LoadSound
0C0A0744 T paintedtime
0C09ED40 T channels
0C01F82C T S_StaticSound
0C0A0740 T total_channels
0C01F9A0 T S_StopSound
0C01FBC4 T S_Update
0C0933FC T snd_blocked
0C0A074C T listener_origin
0C0A0758 T listener_forward
0C0A0764 T listener_right
0C0A0770 T listener_up
0C08A720 T S_UpdateAmbientSounds
0C08A384 T S_Update_
0C08A5FC T S_FindName
0C02002C T S_TouchSound
0C020080 T S_BeginPrecaching
0C020090 T S_EndPrecaching
0C0200A0 T S_PaintChannels
0C12B414 T paintbuffer
0C08B614 T SND_PaintChannelFrom8
0C08B764 T SND_PaintChannelFrom16
0C08B344 T S_TransferPaintBuffer
0C0A077C T sn
0C134424 T dma_buffer
0C020920 T SNDDMA_GetDMAPos
0C0A0748 T paintedendtime
0C020A04 T S_LocalSound
0C020D94 T GetWavinfo
0C08AB1C T ResampleSfx
0C12B40C T iff_data
0C12B404 T iff_end
0C08B014 T FindChunk
0C12B400 T data_p
0C08ADE8 T GetLittleShort
0C08AE70 T GetLittleLong
0C08AF20 T FindNextChunk
0C12C414 T snd_scaletable
0C021184 T SNDDMA_Submit
0C08B870 T SNDDMA_GetDevDMAPos
0C097A7C T TU00000000/dmarov
0C138428 T olddma
0C138424 T TU00000000/wbufrov
0C0A07A4 T r_refdef
0C0A0838 T r_origin
0C0A0844 T vpn
0C0A0850 T vright
0C0A085C T vup
0C0A0868 T r_notexture_mip
0C021338 T R_Init
0C0F8E14 T r_stack_start
0C049868 T R_InitTurb
0C04BCE8 T R_TimeRefresh_f
0C04B290 T R_ReadPointFile_f
0C093BD8 T r_draworder
0C093BF0 T r_speeds
0C093C08 T r_timegraph
0C093C20 T r_graphheight
0C093680 T r_drawflat
0C093CB0 T r_ambient
0C093B6C T r_clearcolor
0C093C38 T r_waterwarp
0C093C50 T r_fullbright
0C093C68 T r_drawentities
0C097468 T r_drawviewmodel
0C093C80 T r_aliasstats
0C093C98 T r_dspeeds
0C093CC8 T r_reportsurfout
0C093CE0 T r_maxsurfs
0C093CF8 T r_numsurfs
0C093D10 T r_reportedgeout
0C093D28 T r_maxedges
0C093D40 T r_numedges
0C097480 T r_aliastransbase
0C097498 T r_aliastransadj
0C0974C8 T r_novis
0C0974B0 T r_wateralpha
0C0D9070 T view_clipplanes
0C04B108 T R_InitParticles
0C03409C T D_Init
0C0216D0 T R_InitTextures
0C0218A4 T R_RenderView
0C0CD274 T r_warpbuffer
0C074904 T R_RenderView_
0C02198C T R_ViewChanged
0C0DB300 T r_viewchanged
0C024F70 T R_SetVrect
0C0936A4 T r_aliasuvscale
0C0D2F4C T pixelAspect
0C0D9134 T xOrigin
0C0D9138 T yOrigin
0C0D912C T screenAspect
0C0D9130 T verticalFieldOfView
0C0D5BA0 T xcenter
0C0DB23C T aliasxcenter
0C0D5BA4 T ycenter
0C0DB240 T aliasycenter
0C0D5BA8 T xscale
0C0DB234 T aliasxscale
0C0D5BB0 T xscaleinv
0C0D5BAC T yscale
0C0DB238 T aliasyscale
0C0D5BB4 T yscaleinv
0C0D5BB8 T xscaleshrink
0C0D5BBC T yscaleshrink
0C0D90D0 T screenedge
0C0DB244 T r_aliastransition
0C0DB248 T r_resfudge
0C0DB330 T r_fov_greater_than_90
0C0341E4 T D_ViewChanged
0C022488 T R_InitSky
0C120518 T newsky
0C118218 T bottomsky
0C11C398 T bottommask
0C0CD21C T r_skysource
0C0226A4 T R_AddEfrags
0C0A44D4 T cl_entities
0C0F8D5C T r_addent
0C0F8D58 T lastlink
0C0DB324 T r_pefragtopnode
0C0DB30C T r_emins
0C0DB318 T r_emaxs
0C071B90 T R_SplitEntityOnNode
0C022814 T R_RemoveEfrags
0C0228D4 T R_NewMap
0C0DB304 T r_viewleaf
0C04B1D0 T R_ClearParticles
0C0DB2F4 T r_cnumsurfs
0C0D5B7C T surfaces
0C0D5B80 T surface_p
0C0D5B84 T surf_max
0C0DB2F8 T r_surfsonstack
0C04B494 T R_SurfacePatch
0C0DB2F0 T r_maxedgesseen
0C0DB2EC T r_maxsurfsseen
0C0D91BC T r_numallocatededges
0C0D91B8 T auxedges
0C0DB2FC T r_dowarpold
0C022AAC T R_ParseParticleEffect
0C022BF4 T R_RunParticleEffect
0C128D9C T free_particles
0C128D98 T active_particles
0C097528 T ramp1
0C023030 T R_RocketTrail
0C097568 T ramp3
0C129540 T tracercount
0C0238EC T R_EntityParticles
0C128DA8 T avelocities
0C096CC4 T r_avertexnormals
0C097588 T beamlength
0C023E78 T R_BlobExplosion
0C0241A0 T R_ParticleExplosion
0C024430 T R_ParticleExplosion2
0C02460C T R_LavaSplash
0C024950 T R_TeleportSplash
0C024CF4 T R_PushDlights
0C093698 T r_framecount
0C0DB32C T r_dlightframecount
0C0C6114 T cl_dlights
0C04DF10 T R_MarkLights
0C0A086C T r_cache_thrash
0C024E34 T D_FlushCaches
0C0DBC00 T sc_base
0C0D5FDC T sc_rover
0C0DBBFC T sc_size
0C09370C T msg_suppress_1
0C052D14 T D_ClearCacheGuard
0C093400 T cl_name
0C093418 T cl_color
0C093430 T cl_upspeed
0C093448 T cl_forwardspeed
0C093460 T cl_backspeed
0C093478 T cl_sidespeed
0C093490 T cl_movespeedkey
0C0934A8 T cl_yawspeed
0C0934C0 T cl_pitchspeed
0C0934D8 T cl_anglespeedkey
0C0934F0 T cl_shownet
0C093508 T cl_nolerp
0C093520 T lookspring
0C093538 T lookstrafe
0C093550 T sensitivity
0C093568 T m_pitch
0C093580 T m_yaw
0C093598 T m_forward
0C0935B0 T m_side
0C0A1CD4 T cl_efrags
0C0BF414 T cl_static_entities
0C0C5014 T cl_lightstyle
0C0C6514 T cl_temp_entities
0C0C9314 T cl_beams
0C0251A4 T CL_AllocDlight
0C0253A0 T CL_DecayLights
0C025580 T CL_Init
0C025B4C T CL_InitInput
0C02A764 T CL_InitTEnts
0C03A84C T CL_PrintEntities_f
0C0259C4 T CL_Disconnect_f
0C028168 T CL_Record_f
0C028098 T CL_Stop_f
0C0283AC T CL_PlayDemo_f
0C028580 T CL_TimeDemo_f
0C0257D0 T CL_EstablishConnection
0C02588C T CL_Disconnect
0C038A80 T Host_Error
0C027CD4 T CL_StopPlayback
0C039080 T Host_ShutdownServer
0C025A00 T CL_NextDemo
0C0C9674 T cl_numvisedicts
0C0C9678 T cl_visedicts
0C0C9A78 T in_mlook
0C0C9A84 T in_klook
0C0C9A90 T in_strafe
0C0C9A9C T in_speed
0C039DB8 T IN_UpDown
0C039DE8 T IN_UpUp
0C039E18 T IN_DownDown
0C039E48 T IN_DownUp
0C039E78 T IN_LeftDown
0C039EA8 T IN_LeftUp
0C039ED8 T IN_RightDown
0C039F08 T IN_RightUp
0C039F38 T IN_ForwardDown
0C039F68 T IN_ForwardUp
0C039F98 T IN_BackDown
0C039FC8 T IN_BackUp
0C039FF8 T IN_LookupDown
0C03A028 T IN_LookupUp
0C03A058 T IN_LookdownDown
0C03A088 T IN_LookdownUp
0C03A1D8 T IN_StrafeDown
0C03A208 T IN_StrafeUp
0C03A0B8 T IN_MoveleftDown
0C03A0E8 T IN_MoveleftUp
0C03A118 T IN_MoverightDown
0C03A148 T IN_MoverightUp
0C03A178 T IN_SpeedDown
0C03A1A8 T IN_SpeedUp
0C03A238 T IN_AttackDown
0C03A268 T IN_AttackUp
0C03A298 T IN_UseDown
0C03A2C8 T IN_UseUp
0C03A2F8 T IN_JumpDown
0C03A328 T IN_JumpUp
0C03A358 T IN_Impulse
0C039CA4 T IN_KLookDown
0C039CD4 T IN_KLookUp
0C039D04 T IN_MLookDown
0C039D34 T IN_MLookUp
0C025EC8 T CL_SendCmd
0C0276AC T CL_BaseMove
0C035278 T IN_Move
0C026024 T CL_SendMove
0C0CDC58 T in_attack
0C0CDC4C T in_jump
0C0CDC7C T in_impulse
0C0262D8 T CL_ParseTEnt
0C0CDCC8 T cl_sfx_wizhit
0C0CDCCC T cl_sfx_knighthit
0C0CDCD0 T cl_sfx_tink1
0C0CDCD4 T cl_sfx_ric1
0C0CDCD8 T cl_sfx_ric2
0C0CDCDC T cl_sfx_ric3
0C0CDCE0 T cl_sfx_r_exp3
0C032284 T Mod_ForName
0C03D814 T CL_ParseBeam
0C026CC4 T CL_UpdateTEnts
0C0CDCC4 T num_temp_entities
0C03DBD8 T CL_NewTempEntity
0C027404 T CL_ClearState
0C0380D8 T Host_ClearMemory
0C027540 T CL_ReadFromServer
0C0CDBB8 T host_frametime
0C027D50 T CL_GetMessage
0C02860C T CL_ParseServerMessage
0C03AD90 T CL_RelinkEntities
0C03A38C T CL_AdjustAngles
0C0CDBEC T in_right
0C027A60 T CL_KeyState
0C0CDBE0 T in_left
0C0CDC34 T in_moveright
0C0CDC28 T in_moveleft
0C0CDC64 T in_up
0C0CDC70 T in_down
0C0CDBF8 T in_forward
0C0CDC04 T in_back
0C027C1C T Key_KeynumToString
0C0DCC1C T tinystr
0C095FE8 T keynames
0C039844 T CL_FinishTimeDemo
0C0CDBCC T host_framecount
0C039950 T CL_WriteDemoMessage
0C03C618 T CL_ParseUpdate
0C093728 T svc_strings
0C03D028 T CL_ParseClientdata
0C038BD0 T Host_EndGame
0C02A0D0 T V_ParseDamage
0C03C150 T CL_ParseServerInfo
0C03BCD8 T CL_ParseStartSoundPacket
0C029110 T CL_NewTranslation
0C03BBE8 T CL_EntityNum
0C03CF30 T CL_ParseBaseline
0C03D588 T CL_ParseStatic
0C0380A8 T CDAudio_Pause
0C0380B8 T CDAudio_Resume
0C02A804 T CL_SignonReply
0C03D720 T CL_ParseStaticSound
0C038094 T CDAudio_Play
0C0293E8 T V_StartPitchDrift
0C097944 T v_centerspeed
0C0294C8 T V_StopPitchDrift
0C0CDA8C T con_forcedup
0C085D88 T V_CalcIntermissionRefdef
0C085EA8 T V_CalcRefdef
0C097704 T lcd_yaw
0C12A6A8 T right
0C0978CC T crosshair
0C0978FC T cl_crossy
0C0978E4 T cl_crossx
0C0849B0 T V_CalcPowerupCshift
0C0847E8 T V_CheckGamma
0C0CDBC0 T host_basepal
0C0CDA98 T gammatable
0C084BE4 T VID_ShiftPaletteVec
0C0977F4 T v_kickroll
0C12A694 T v_dmg_roll
0C09780C T v_kickpitch
0C12A698 T v_dmg_pitch
0C0977DC T v_kicktime
0C12A690 T v_dmg_time
0C02A674 T V_SetContentsColor
0C09795C T cshift_empty
0C09797C T cshift_lava
0C09796C T cshift_slime
0C093D58 T cshift_water
0C0C9AA8 T progs
0C0C9AAC T pr_functions
0C0C9AB0 T pr_strings
0C0C9AB4 T pr_globaldefs
0C0C9AB8 T pr_fielddefs
0C0C9ABC T pr_statements
0C0C9AC0 T pr_global_struct
0C0C9AC4 T pr_globals
0C0C9AC8 T pr_edict_size
0C02AA64 T PR_Init
0C06C208 T ED_PrintEdict_f
0C02DE10 T ED_PrintEdicts
0C06C274 T ED_Count
0C02CAF8 T PR_Profile_f
0C0969C8 T nomonsters
0C0969E0 T gamecfg
0C0969F8 T scratch1
0C096A10 T scratch2
0C096A28 T scratch3
0C096A40 T scratch4
0C096A58 T savedgamecfg
0C096A70 T saved1
0C096A88 T saved2
0C096AA0 T saved3
0C096AB8 T saved4
0C02ABC0 T PR_ExecuteProgram
0C02D03C T ED_Print
0C0C9AD0 T pr_trace
0C0F6990 T pr_depth
0C06C6F0 T PR_EnterFunction
0C02DD34 T PR_RunError
0C0C9AD4 T pr_xfunction
0C0C9AD8 T pr_xstatement
0C06C3D8 T PR_PrintStatement
0C0C9ACC T pr_argc
0C0935EC T pr_numbuiltins
0C0935E8 T pr_builtins
0C06C8AC T PR_LeaveFunction
0C02C200 T PR_LoadProgs
0C096AD0 T TU00000000/gefvCache
0C0C9ADC T pr_crc
0C037FE0 T CRC_Init
0C038008 T CRC_ProcessByte
0C02CBD8 T ED_Alloc
0C02DC08 T EDICT_NUM
0C06B760 T ED_ClearEdict
0C02CD50 T ED_Free
0C035308 T SV_UnlinkEdict
0C02CF18 T ED_NewString
0C02DC98 T NUM_FOR_EDICT
0C0935C8 T type_size
0C06BA18 T PR_ValueString
0C02D230 T ED_Write
0C06BD5C T PR_UglyValueString
0C02D3EC T ED_ParseEdict
0C06B840 T ED_FindField
0C06B460 T ED_ParseEpair
0C02D680 T ED_WriteGlobals
0C02D7C4 T ED_ParseGlobals
0C06B8DC T ED_FindGlobal
0C02D8E4 T ED_LoadFromFile
0C093620 T deathmatch
0C0CDBD8 T current_skill
0C06B978 T ED_FindFunction
0C09688C T pr_builtin
0C06C608 T PR_StackTrace
0C02DE7C T ED_PrintNum
0C02DEA8 T GetEdictFieldValue
0C096B58 T rep
0C0935F0 T teamplay
0C093608 T skill
0C093638 T coop
0C093650 T fraglimit
0C093668 T timelimit
0C0CD0F0 T host_abortserver
0C0CD178 T sv_player
0C02DFF0 T SV_Init
0C097644 T sv_maxvelocity
0C09758C T sv_gravity
0C097674 T sv_friction
0C09768C T sv_edgefriction
0C0976A4 T sv_stopspeed
0C0976BC T sv_maxspeed
0C0976D4 T sv_accelerate
0C0976EC T sv_idealpitchscale
0C096874 T sv_aim
0C09765C T sv_nostep
0C129CE4 T localmodels
0C02E140 T SV_StartParticle
0C02E2CC T SV_StartSound
0C02E6FC T SV_DropClient
0C02E9F0 T SV_SendClientMessages
0C07C290 T SV_UpdateToReliableMessages
0C07C0C0 T SV_SendClientDatagram
0C07C52C T SV_SendNop
0C07BFE0 T SV_CleanupEnts
0C02EC88 T SV_ClearDatagram
0C02ECBC T SV_ModelIndex
0C02EDDC T SV_SetIdealPitch
0C035AEC T SV_Move
0C02F2C0 T SV_ClientThink
0C12A630 T onground
0C12A628 T origin
0C12A62C T velocity
0C082570 T DropPunchAngle
0C12A634 T cmd
0C12A624 T angles
0C037634 T V_CalcRoll
0C082B20 T SV_WaterJump
0C082688 T SV_WaterMove
0C082CA4 T SV_AirMove
0C02F624 T SV_ClientPrintf
0C02F82C T SV_Physics
0C035384 T SV_LinkEdict
0C080B14 T SV_Physics_Client
0C07F1F4 T SV_Physics_Pusher
0C080EE4 T SV_Physics_None
0C080F04 T SV_Physics_Noclip
0C081194 T SV_Physics_Step
0C07CA28 T SV_Physics_Toss
0C02FBC4 T SV_CheckBottom
0C0359B4 T SV_PointContents
0C12A5E8 T c_yes
0C12A5EC T c_no
0C0301C8 T SV_movestep
0C030B3C T SV_WriteClientdataToMessage
0C031520 T SV_MoveToGoal
0C081CAC T SV_CloseEnough
0C081304 T SV_StepDirection
0C081684 T SV_NewChaseDir
0C0316B8 T SV_CheckForNewClients
0C07B288 T SV_ConnectClient
0C0317B8 T SV_RunClients
0C083220 T SV_ReadClientMessage
0C03190C T SV_SaveSpawnparms
0C031A68 T SV_SpawnServer
0C07C970 T SV_SendReconnect
0C03528C T SV_ClearWorld
0C07C5E8 T SV_CreateBaseline
0C07AF58 T SV_SendServerinfo
0C0321AC T Mod_Init
0C0DD1A4 T mod_novis
0C0321D4 T Mod_ClearAll
0C0DD5A4 T mod_known
0C0F5DA4 T mod_numknown
0C061504 T Mod_FindName
0C0611C4 T Mod_LoadModel
0C0322BC T Mod_Extradata
0C032354 T Mod_TouchModel
0C0323C4 T Mod_PointInLeaf
0C032570 T Mod_LeafPVS
0C0613BC T Mod_DecompressVis
0C0CD17C T d_spanpixcount
0C09369C T r_drawpolys
0C0CD180 T r_drawculledpolys
0C0CD184 T r_worldpolysbacktofront
0C0936A0 T r_recursiveaffinetriangles
0C0CD188 T r_dowarp
0C0CD18C T r_affinetridesc
0C0CD1B0 T r_spritedesc
0C0CD1E4 T r_polydesc
0C0CD1F4 T r_pright
0C0CD200 T r_pup
0C0CD20C T r_ppn
0C03264C T D_PolysetDraw
0C0DB3BC T a_spans
0C093D68 T edgetables
0C0DB334 T r_p0
0C0DB364 T r_p2
0C04E918 T D_DrawSubdiv
0C04ECB0 T D_DrawNonSubdiv
0C0327C4 T D_PolysetDrawFinalVerts
0C0D7048 T zspantable
0C0DB434 T skintable
0C050684 T VID_ColorMap16
0C0D6024 T d_scantable
0C0D7044 T d_viewbuffer
0C0CD220 T acolormap
0C032A40 T D_DrawParticle
0C0455F4 T D_DrawParticle16
0C0D7030 T d_vrectbottom_particle
0C0D702C T d_vrectright_particle
0C0D7028 T d_vrecty
0C0D7024 T d_vrectx
0C0D6020 T d_zwidth
0C0D7040 T d_pix_shift
0C0D7038 T d_pix_min
0C0D703C T d_pix_max
0C0D7034 T d_y_aspect_shift
0C0D2F48 T screenwidth
0C033424 T D_DrawPoly
0C033434 T D_DrawSprite
0C0DBBF4 T TU00000000/sprite_spans
0C0DBBF0 T TU00000000/numpindex
0C0DBBE8 T TU00000000/minindex
0C0DBBEC T TU00000000/maxindex
0C0D2F40 T cachewidth
0C0DBBE4 T TU00000000/sprite_height
0C0D2F44 T cacheblock
0C05270C T D_SpriteCalculateGradients
0C052078 T D_SpriteScanLeftEdge
0C052334 T D_SpriteScanRightEdge
0C0429EC T D_SpriteDrawSpans
0C03376C T D_DrawSurfaces
0C0D5B78 T currententity
0C0D5B88 T modelorg
0C0D8060 T transformed_modelorg
0C040E4C T TransformVector
0C0D5FEC T d_zistepu
0C0D5FF8 T d_zistepv
0C0D6004 T d_ziorigin
0C044640 T D_DrawSolidSurface
0C041FE0 T D_DrawZSpans
0C0D2F50 T r_drawnpolycount
0C0D5FC0 T r_skymade
0C041028 T R_MakeSky
0C0434B4 T D_DrawSkyScans16
0C0431E8 T D_DrawSkyScans8
0C0D805C T TU00000000/miplevel
0C043C1C T R_RotateBmodel
0C044828 T D_CalcGradients
0C044D98 T Turbulent16
0C0422F0 T Turbulent8
0C0D5B60 T base_vpn
0C0D5B54 T base_vup
0C0D5B6C T base_vright
0C0D5B94 T base_modelorg
0C04414C T R_TransformFrustum
0C0D5FD4 T scale_for_mip
0C043B5C T D_MipLevelForScale
0C04379C T D_CacheSurface
0C0D8058 T d_drawspans
0C03408C T D_EndParticles
0C0CD218 T r_skydirect
0C093B84 T d_subdiv16
0C093B9C T d_mipcap
0C093BB4 T d_mipscale
0C0D8070 T d_softdiv_rcptab
0C0D601C T d_zrowbytes
0C0455E4 T D_Patch
0C034478 T D_SetupFrame
0C0D5FD8 T d_roverwrapped
0C0D5FE0 T d_initial_rover
0C0D8048 T d_minmip
0C093BCC T TU00000000/basemip
0C0D804C T d_scalemip
0C04120C T D_DrawSpans8
0C0418EC T D_DrawSpans16
0C0D806C T d_aflatcolor
0C03462C T D_StartParticles
0C03463C T D_TurnZOn
0C03464C T D_WarpScreen
0C050D98 T D_WarpScreen16
0C0D4554 T intsintable
0C034C5C T D_PolysetUpdateTables
0C0DBBB4 T skinwidth
0C0DBBB8 T skinstart
0C0CD224 T r_drawsurf
0C034D44 T R_DrawSurface
0C076E4C T R_BuildLightMap
0C128868 T surfrowbytes
0C128880 T r_source
0C128844 T blocksize
0C128858 T blockdivshift
0C12885C T blockdivmask
0C128874 T r_lightwidth
0C128878 T r_numhblocks
0C12887C T r_numvblocks
0C097508 T surfmiptable
0C097518 T surfmiptable16
0C128848 T sourcetstep
0C128870 T r_stepback
0C128884 T r_sourcemax
0C128888 T blocklights
0C12886C T r_lightptr
0C128860 T prowdestbase
0C128864 T pbasesource
0C0CD250 T skyspeed
0C0CD254 T skyspeed2
0C0CD258 T skytime
0C0CD25C T c_surf
0C035064 T IN_Init
0C035084 T IN_Commands
0C035D64 T Key_Event
0C086A60 T SV_InitBoxHull
0C12A794 T TU00000000/sv_areanodes
0C12AB94 T TU00000000/sv_numareanodes
0C0870C4 T SV_CreateAreaNode
0C087800 T SV_FindTouchedLeafs
0C087414 T SV_TouchLinks
0C086898 T SV_HullPointContents
0C035A34 T SV_TestEntityPosition
0C087A08 T SV_ClipMoveToEntity
0C088354 T SV_MoveBounds
0C087D70 T SV_ClipToLinks
0C0CD27C T keybindings
0C0CD67C T key_repeats
0C0DC81C T keydown
0C095FE0 T shift_down
0C058560 T Key_Message
0C03795C T M_Keydown
0C037F44 T M_ToggleMenu_f
0C0DC41C T keyshift
0C0DBC1C T consolekeys
0C0DC01C T menubound
0C057FFC T Key_Console
0C036268 T Key_Init
0C0CE900 T key_lines
0C0D0900 T key_linepos
0C05889C T Key_Bind_f
0C058794 T Key_Unbind_f
0C058838 T Key_Unbindall_f
0C0364A4 T Key_SetBinding
0C0CDA84 T con_totallines
0C0CDA88 T con_backscroll
0C0CDA94 T con_notifylines
0C036590 T Con_CheckResize
0C0CE8DC T con_linewidth
0C093944 T con_text
0C0CE8E0 T con_current
0C0367FC T Con_Init
0C0CE8FC T con_debuglog
0C093948 T con_notifytime
0C0372D8 T Con_ToggleConsole_f
0C0405E8 T Con_MessageMode_f
0C04060C T Con_MessageMode2_f
0C036F94 T Con_Clear_f
0C03699C T Con_DrawConsole
0C0CE8F8 T con_vislines
0C040708 T Con_DrawInput
0C036B34 T Con_Print
0C0CE8E4 T con_x
0C0D0904 T cr
0C040630 T Con_Linefeed
0C0CE8E8 T con_times
0C0406AC T Con_DebugLog
0C0D0D08 T inupdate
0C0936F4 T developer
0C036FCC T Con_DrawNotify
0C0D0D0C T chat_buffer
0C093940 T con_cursorspeed
0C093960 T edit_line
0C040580 T M_Menu_Main_f
0C0936AC T v_gamma
0C037394 T V_Init
0C084870 T V_cshift_f
0C084928 T V_BonusFlash_f
0C09792C T v_centermove
0C097824 T v_iyaw_cycle
0C09783C T v_iroll_cycle
0C097854 T v_ipitch_cycle
0C09786C T v_iyaw_level
0C097884 T v_iroll_level
0C09789C T v_ipitch_level
0C0978B4 T v_idlescale
0C097914 T gl_cshiftpercent
0C09771C T scr_ofsx
0C097734 T scr_ofsy
0C09774C T scr_ofsz
0C097764 T cl_rollspeed
0C09777C T cl_rollangle
0C097794 T cl_bob
0C0977AC T cl_bobcycle
0C0977C4 T cl_bobup
0C084608 T BuildGammaTable
0C12A69C T forward
0C12A6B4 T up
0C037808 T M_Init
0C058A6C T M_Menu_SinglePlayer_f
0C058A9C T M_Menu_Load_f
0C058AD4 T M_Menu_Save_f
0C058B60 T M_Menu_MultiPlayer_f
0C058B90 T M_Menu_Setup_f
0C058CFC T M_Menu_Options_f
0C058D2C T M_Menu_Keys_f
0C058D5C T M_Menu_Video_f
0C058D8C T M_Menu_Help_f
0C053D54 T M_Menu_Quit_f
0C0DCC20 T m_state
0C05C118 T M_Main_Key
0C05C2F0 T M_SinglePlayer_Key
0C05C4A0 T M_Load_Key
0C05C5FC T M_Save_Key
0C05C720 T M_MultiPlayer_Key
0C05C8C8 T M_Setup_Key
0C05CD18 T M_Net_Key
0C05CF28 T M_Options_Key
0C05D11C T M_Keys_Key
0C05D370 T M_Video_Key
0C05D394 T M_Help_Key
0C05D47C T M_Quit_Key
0C05D53C T M_SerialConfig_Key
0C05DAB4 T M_ModemConfig_Key
0C05DE48 T M_LanConfig_Key
0C05E1D0 T M_GameOptions_Key
0C05E4D4 T M_Search_Key
0C05E4E8 T M_ServerList_Key
0C0DCC28 T m_recursiveDraw
0C0591D8 T M_Main_Draw
0C059338 T M_SinglePlayer_Draw
0C059498 T M_Load_Draw
0C0595D4 T M_Save_Draw
0C059710 T M_MultiPlayer_Draw
0C0598BC T M_Setup_Draw
0C059C00 T M_Net_Draw
0C059F74 T M_Options_Draw
0C05A378 T M_Keys_Draw
0C05A628 T M_Video_Draw
0C05A648 T M_Help_Draw
0C05A690 T M_Quit_Draw
0C05A7A4 T M_SerialConfig_Draw
0C05ABFC T M_ModemConfig_Draw
0C05B034 T M_LanConfig_Draw
0C05B468 T M_GameOptions_Draw
0C05BC68 T M_Search_Draw
0C05BDF0 T M_ServerList_Draw
0C0DCC24 T m_entersound
0C093968 T TU00000000/crctable
0C03807C T CDAudio_Init
0C0380C8 T CDAudio_Update
0C0CDB98 T noclip_anglehack
0C0936DC T sys_ticrate
0C0DBC0C T host_hunklevel
0C03817C T Host_ServerFrame
0C03824C T Host_InitCommands
0C053DEC T Host_Status_f
0C038F50 T Host_Quit_f
0C0540CC T Host_God_f
0C0541DC T Host_Notarget_f
0C05440C T Host_Fly_f
0C05469C T Host_Map_f
0C054998 T Host_Restart_f
0C0548D0 T Host_Changelevel_f
0C054A64 T Host_Connect_f
0C054A34 T Host_Reconnect_f
0C0556BC T Host_Name_f
0C0542EC T Host_Noclip_f
0C055910 T Host_Version_f
0C055C24 T Host_Say_f
0C055C40 T Host_Say_Team_f
0C055C5C T Host_Tell_f
0C055E7C T Host_Color_f
0C0560B8 T Host_Kill_f
0C0561C4 T Host_Pause_f
0C0563F4 T Host_Spawn_f
0C056C04 T Host_Begin_f
0C056310 T Host_PreSpawn_f
0C056C54 T Host_Kick_f
0C054518 T Host_Ping_f
0C0550A8 T Host_Loadgame_f
0C054C14 T Host_Savegame_f
0C057108 T Host_Give_f
0C057DC0 T Host_Startdemos_f
0C057F24 T Host_Demos_f
0C057F98 T Host_Stopdemo_f
0C05795C T Host_Viewmodel_f
0C057A34 T Host_Viewframe_f
0C057B88 T Host_Viewnext_f
0C057CB4 T Host_Viewprev_f
0C053C50 T Mod_Print
0C0CDBDC T minimum_memory
0C0393C4 T Chase_Init
0C053998 T Host_InitVCR
0C053288 T Host_InitLocal
0C0DBC04 T oldrealtime
0C095FC0 T inerror
0C095F48 T serverprofile
0C053584 T _Host_Frame
0C0DBC10 T timetotal
0C0DBC18 T timecount
0C038FC4 T Host_ClientCommands
0C093710 T chase_active
0C0937B4 T chase_back
0C0937CC T chase_up
0C0937E4 T chase_right
0C039440 T Chase_Update
0C0CDCE4 T chase_dest
0C03DCA0 T TraceLine
0C0CDC10 T in_lookup
0C0CDC1C T in_lookdown
0C0CDC40 T in_use
0C039A68 T KeyDown
0C039B74 T KeyUp
0C03AA78 T SetPal
0C03AA8C T CL_LerpPoint
0C03BEF8 T CL_KeepaliveMessage
0C0CDC80 T lastmsg
0C0CDC84 T bitcounts
0C03DD6C T SV_RecursiveHullCheck
0C03EB28 T CopyString
0C0CDF3C T com_modified
0C0CDF40 T proghack
0C09383C T static_registered
0C0CE84C T com_cachedir
0C040420 T COM_AddGameDirectory
0C03F534 T COM_FileExtension
0C03FFA4 T COM_LoadPackFile
0C093840 T pop
0C0CE844 T exten
0C03F820 T COM_CreatePath
0C03F89C T COM_CopyFile
0C0DCE54 T m_save_demonum
0C093964 T team_message
0C0D0908 T data
0C040E14 T VID_Blend66_16
0C0D2F54 T sintable
0C0D5BC0 T d_lightstylevalue
0C097500 T xlast
0C097504 T ylast
0C0D5FC4 T ubasestep
0C0D5FC8 T errorterm
0C0D5FCC T erroradjustup
0C0D5FD0 T erroradjustdown
0C0D5FE4 T d_sdivzstepu
0C0D5FE8 T d_tdivzstepu
0C0D5FF0 T d_sdivzstepv
0C0D5FF4 T d_tdivzstepv
0C0D5FFC T d_sdivzorigin
0C0D6000 T d_tdivzorigin
0C0D6008 T sadjust
0C0D600C T tadjust
0C0D6010 T bbextents
0C0D6014 T bbextentt
0C0454A0 T D_SoftDiv
0C0DBBDC T r_turb_turb
0C0DBBD4 T r_turb_sstep
0C0DBBD8 T r_turb_tstep
0C0DBBBC T r_turb_pbase
0C0DBBC0 T r_turb_pdest
0C0DBBCC T r_turb_s
0C0DBBD0 T r_turb_t
0C0DBBE0 T r_turb_spancount
0C050C60 T D_DrawTurbulent8Span
0C05189C T D_SpriteDrawSpans16
0C0514E0 T D_Sky_uv_To_st
0C04841C T R_TextureAnimation
0C0DBBF8 T surfscale
0C052D84 T D_SCAlloc
0C0D916C T entity_rotation
0C06FB84 T R_EntityRotate
0C0444C8 T D_DrawSolidSurface16
0C0DBBC4 T r_turb_pbase16
0C0DBBC8 T r_turb_pdest16
0C051398 T D_DrawTurbulent16Span
0C045F34 T R_RenderWorld
0C0D919C T pbtofpolys
0C0DB254 T r_pcurrentvertbase
0C0707EC T R_RecursiveWorldNode
0C0D9198 T numbtofpolys
0C04700C T R_RenderPoly
0C0D9120 T r_entorigin
0C0D913C T r_visframecount
0C0D9140 T insubmodel
0C0D9144 T r_worldmodelorg
0C04607C T R_DrawSprite
0C075CFC T R_GetSpriteframe
0C12883C T TU00000000/sprite_width
0C074CF0 T R_RotateSprite
0C0753C8 T R_SetupAndDrawSprite
0C04671C T R_RenderFace
0C0DB24C T r_outofsurfaces
0C0D91C4 T edge_p
0C0D91C8 T edge_max
0C0DB250 T r_outofedges
0C0D9150 T c_faceclip
0C0F8D3C T r_emitted
0C0F8D40 T r_nearzi
0C0F8D08 T r_nearzionly
0C0F8D04 T TU00000000/makerightedge
0C0F8D00 T TU00000000/makeleftedge
0C0F8D54 T r_lastvertvalid
0C0F8CF4 T r_pedge
0C0D91C0 T r_edges
0C071A94 T R_EmitCachedEdge
0C0F8CF0 T cacheoffset
0C0F8CFC T r_rightclipped
0C0F8CF8 T r_leftclipped
0C04D7B4 T R_ClipEdge
0C0F8D0C T r_leftenter
0C0F8D18 T r_leftexit
0C0F8D24 T r_rightenter
0C0F8D30 T r_rightexit
0C0D9154 T r_polycount
0C0D9190 T r_currentkey
0C047D60 T R_RenderBmodelFace
0C0DB328 T r_clipflags
0C0D9194 T r_currentbkey
0C048288 T R_SetSkyFrame
0C0974F8 T iskyspeed
0C0974FC T iskyspeed2
0C048578 T R_DrawSubmodelPolygons
0C048744 T R_DrawSolidClippedSubmodelPolygons
0C0F8CD4 T TU00000000/pbverts
0C0F8CD8 T TU00000000/pbedges
0C0F8CE0 T TU00000000/numbedges
0C0F8CDC T TU00000000/numbverts
0C06FDCC T R_RecursiveClipBPoly
0C048B80 T R_AliasDrawModel
0C0D91B4 T r_amodels_drawn
0C0D91AC T pfinalverts
0C0D91B0 T pauxverts
0C0D91A4 T paliashdr
0C0D91A8 T pmdl
0C06F3E4 T R_AliasSetupSkin
0C06E374 T R_AliasSetUpTransform
0C06F668 T R_AliasSetupLighting
0C06F90C T R_AliasSetupFrame
0C0F8C10 T TU00000000/ziscale
0C06F30C T R_AliasPrepareUnclippedPoints
0C06EF90 T R_AliasPreparePoints
0C048E54 T R_BeginEdgeFrame
0C071E54 T R_GenerateSpansBackward
0C0F8D74 T pdrawfunc
0C071CFC T R_GenerateSpans
0C0DA1CC T removeedges
0C0D91CC T newedges
0C048FC8 T R_ScanEdges
0C0F8D64 T max_span_p
0C0F8D60 T span_p
0C0DB1CC T edge_head
0C0F8D6C T edge_head_u_shift20
0C0DB1EC T edge_tail
0C0F8D70 T edge_tail_u_shift20
0C0DB20C T edge_aftertail
0C0F8D78 T edge_sentinel
0C0F8D68 T current_iv
0C0F8D98 T r_edge_fv
0C049444 T R_InsertNewEdges
0C0728F4 T R_DrawCulledPolys
0C0497FC T R_RemoveEdges
0C04956C T R_StepActiveU
0C0D9158 T r_wholepolycount
0C0D915C T pfrustum_indexes
0C049AFC T R_ZDrawSubmodelPolys
0C0D91A0 T a_skinwidth
0C049CC4 T R_AliasCheckBBox
0C0F8C14 T TU00000000/pmodel
0C06E934 T R_AliasTransformVector
0C096C64 T TU00000000/aedges
0C04A800 T R_DrawParticles
0C097548 T ramp2
0C128DA4 T r_numparticles
0C128DA0 T particles
0C0DB22C T r_bmodelactive
0C04B4A4 T R_AliasClipTriangle
0C0F8998 T TU00000000/fv
0C0F8B98 T TU00000000/av
0C06D4EC T R_Alias_clip_z
0C06DB94 T R_AliasClip
0C06CFFC T R_Alias_clip_left
0C06D278 T R_Alias_clip_right
0C06CD88 T R_Alias_clip_bottom
0C06CB0C T R_Alias_clip_top
0C0DB258 T r_time1
0C0DB25C T dp_time1
0C0DB260 T dp_time2
0C0DB264 T db_time1
0C0DB268 T db_time2
0C0DB26C T rw_time1
0C0DB270 T rw_time2
0C0DB274 T se_time1
0C0DB278 T se_time2
0C0DB27C T de_time1
0C0DB280 T de_time2
0C0DB284 T dv_time1
0C0DB288 T dv_time2
0C0DB28C T r_frustum_indexes
0C0DB308 T r_oldviewleaf
0C04BBC0 T R_StoreEfrags
0C04BF08 T R_TimeGraph
0C0F8DA4 T r_timings
0C0F8DA0 T timex
0C072B58 T R_LineGraph
0C04C0D4 T R_PrintAliasStats
0C04C0FC T R_PrintTimes
0C04C1DC T R_PrintDSpeeds
0C04C47C T R_AnimateLight
0C04C5B8 T R_LightPoint
0C071228 T RecursiveLightPoint
0C04C6B8 T R_SetupFrame
0C072B00 T R_CheckVariables
0C072CEC T R_SetUpFrustumIndexes
0C04CDF0 T R_EmitEdge
0C0F8D44 T r_u1
0C0F8D48 T r_v1
0C0F8D4C T r_lzi1
0C0F8D50 T r_ceilv1
0C04DE24 T R_SplitEntityOnNode2
0C0DB34C T r_p1
0C0DB37C T d_pcolormap
0C0DB380 T d_xdenom
0C0DB384 T pedgetable
0C0DB388 T a_sstepxfrac
0C0DB38C T a_tstepxfrac
0C0DB390 T r_lstepx
0C0DB394 T a_ststepxwhole
0C0DB398 T r_sstepx
0C0DB39C T r_tstepx
0C0DB3A0 T r_lstepy
0C0DB3A4 T r_sstepy
0C0DB3A8 T r_tstepy
0C0DB3AC T r_zistepx
0C0DB3B0 T r_zistepy
0C0DB3B4 T d_aspancount
0C0DB3B8 T d_countextrastep
0C0DB3C0 T d_pedgespanpackage
0C0DB3C4 T TU00000000/ystart
0C0DB3C8 T d_pdest
0C0DB3CC T d_ptex
0C0DB3D0 T d_pdest16
0C0DB3D4 T d_ptex16
0C0DB3D8 T d_iptex
0C0DB3DC T d_iptex16
0C0DB3E0 T d_pz
0C0DB3E4 T d_sfrac
0C0DB3E8 T d_tfrac
0C0DB3EC T d_light
0C0DB3F0 T d_zi
0C0DB3F4 T d_ptexextrastep
0C0DB3F8 T d_sfracextrastep
0C0DB3FC T d_tfracextrastep
0C0DB400 T d_lightextrastep
0C0DB404 T d_pdestextrastep
0C0DB408 T d_lightbasestep
0C0DB40C T d_pdestbasestep
0C0DB410 T d_ptexbasestep
0C0DB414 T d_sfracbasestep
0C0DB418 T d_tfracbasestep
0C0DB41C T d_ziextrastep
0C0DB420 T d_zibasestep
0C0DB424 T d_pzextrastep
0C0DB428 T d_pzbasestep
0C0DB42C T d_ptex_base
0C0DB430 T d_ptex_limit
0C093F18 T TU00000000/adivtab
0C04E150 T D_PolysetDrawSpans8
0C04E36C T D_PolysetCalcGradients
0C04EF90 T D_PolysetRecursiveTriangle
0C04F378 T D_PolysetSetEdgeTable
0C04F54C T D_RasterizeAliasPolySmooth
0C0508A8 T D_PolysetSetUpForLineScan
0C0502A8 T D_PolysetScanLeftEdge
0C050A20 T D_PolysetDrawSpans16
0C052C84 T D_CheckCacheGuard
0C095F18 T host_framerate
0C095F30 T host_speeds
0C095F60 T samelevel
0C095F78 T noexit
0C095F90 T pausable
0C095FA8 T temp1
0C053058 T Host_FindMaxClients
0C0533F8 T Host_FilterTime
0C053548 T Host_GetConsoleCommands
0C095FC4 T time1
0C095FCC T time2
0C095FD4 T time3
0C0DD0C8 T wasInMenus
0C0DD0C4 T m_quit_prevstate
0C0DD0C0 T msgNumber
0C054AEC T Host_SavegameComment
0C05594C T Host_Say
0C0578A4 T FindViewthing
0C057B08 T PrintFrameName
0C095FE4 T history_line
0C096238 T chat_bufferlen
0C0586E4 T Key_StringToKeynum
0C05ECF0 T M_ScanSaves
0C0DD088 T setup_myname
0C0DD078 T setup_hostname
0C0DD098 T setup_oldtop
0C0DD0A0 T setup_top
0C0DD09C T setup_oldbottom
0C0DD0A4 T setup_bottom
0C058C88 T M_Menu_Net_f
0C0DD0AC T m_net_items
0C0DD0A8 T m_net_cursor
0C0DD0BC T help_page
0C058DC4 T M_Menu_SerialConfig_f
0C0DD074 T m_multiplayer_cursor
0C0DD0CC T serialConfig_cursor
0C0DD0D4 T serialConfig_irq
0C0963BC T TU00000000/ISA_uarts
0C0DD0D0 T serialConfig_comport
0C0963DC T serialConfig_baudrate
0C0DD0D8 T serialConfig_baud
0C0DCC30 T m_return_onerror
0C0DCC34 T m_return_reason
0C058F34 T M_Menu_ModemConfig_f
0C0DD0F0 T modemConfig_dialing
0C0DD0F4 T modemConfig_clear
0C0DD104 T modemConfig_init
0C0DD124 T modemConfig_hangup
0C058F98 T M_Menu_LanConfig_f
0C096408 T lanConfig_cursor
0C0DD134 T lanConfig_port
0C0DD138 T lanConfig_portname
0C05909C T M_Menu_GameOptions_f
0C0DD160 T maxplayers
0C05911C T M_Menu_Search_f
0C096754 T searchComplete
0C059174 T M_Menu_ServerList_f
0C0DD178 T slist_cursor
0C0DD17C T slist_sorted
0C05E838 T M_DrawTransPic
0C05E890 T M_DrawPic
0C0DCE58 T m_main_cursor
0C0DCE5C T m_singleplayer_cursor
0C0DCE64 T m_filenames
0C05E770 T M_Print
0C0DCE60 T load_cursor
0C05E718 T M_DrawCharacter
0C05E7D8 T M_PrintWhite
0C05EACC T M_DrawTextBox
0C05E8E8 T M_BuildTranslationTable
0C05EA6C T M_DrawTransPicTranslate
0C096240 T setup_cursor_table
0C09623C T setup_cursor
0C096254 T net_helpMessage
0C05F4D0 T M_DrawSlider
0C05F60C T M_DrawCheckbox
0C0DD0B0 T options_cursor
0C0DD0B8 T bind_grab
0C096294 T bindnames
0C05F65C T M_FindKeysForCommand
0C0DD0B4 T keys_cursor
0C096324 T quitMessage
0C0963A4 T serialConfig_cursor_table
0C0DD0DC T serialConfig_phone
0C0963F4 T modemConfig_cursor_table
0C0DD0EC T modemConfig_cursor
0C09640C T lanConfig_cursor_table
0C0DD140 T lanConfig_joinname
0C0966B4 T hipnoticepisodes
0C0DD158 T startepisode
0C0966FC T rogueepisodes
0C096660 T episodes
0C0DD15C T startlevel
0C096548 T hipnoticlevels
0C0965D8 T roguelevels
0C096418 T levels
0C096730 T gameoptions_cursor_table
0C0DD16C T gameoptions_cursor
0C09672C T m_serverInfoMessage
0C0DD164 T m_serverInfoMessageTime
0C0DD170 T searchCompleteTime
0C0DD044 T loadable
0C05EE5C T M_AdjustSliders
0C05F718 T M_UnbindCommand
0C0963CC T TU00000000/ISA_IRQs
0C05E67C T M_ConfigureNetSubsystem
0C0DCC2C T m_return_state
0C05F7B0 T M_NetStart_Change
0C0DCC54 T identityTable
0C0DCD54 T translationTable
0C0DD180 T loadmodel
0C0DD184 T loadname
0C05FD3C T Mod_LoadSpriteModel
0C0647A8 T Mod_LoadSpriteFrame
0C064A00 T Mod_LoadSpriteGroup
0C06009C T Mod_LoadBrushModel
0C0F61A8 T mod_base
0C062074 T Mod_LoadVertexes
0C062460 T Mod_LoadEdges
0C063C44 T Mod_LoadSurfedges
0C0616B4 T Mod_LoadTextures
0C061E70 T Mod_LoadLighting
0C063D40 T Mod_LoadPlanes
0C0625A8 T Mod_LoadTexinfo
0C062D68 T Mod_LoadFaces
0C063AF0 T Mod_LoadMarksurfaces
0C061F1C T Mod_LoadVisibility
0C0633A8 T Mod_LoadLeafs
0C0630F0 T Mod_LoadNodes
0C063638 T Mod_LoadClipnodes
0C061FC8 T Mod_LoadEntities
0C06220C T Mod_LoadSubmodels
0C0638DC T Mod_MakeHull0
0C063F00 T RadiusFromBounds
0C0605A4 T Mod_LoadAliasModel
0C0644CC T Mod_LoadAliasSkin
0C0645F4 T Mod_LoadAliasSkinGroup
0C0640B8 T Mod_LoadAliasFrame
0C06425C T Mod_LoadAliasGroup
0C0F5DA8 T decompressed
0C06289C T CalcSurfaceExtents
0C063078 T Mod_SetParent
0C096758 T localconnectpending
0C09675C T loop_client
0C096760 T loop_server
0C065438 T IntAlign
0C065578 T VCR_SearchForHosts
0C06558C T VCR_Connect
0C0655A8 T VCR_CheckNewConnections
0C0656C4 T VCR_GetMessage
0C065814 T VCR_SendMessage
0C065914 T VCR_CanSendMessage
0C065A10 T VCR_Close
0C065A24 T VCR_Shutdown
0C0F61F8 T next
0C066258 T VCR_ReadNext
0C0F61B4 T TU00000000/slistLastShown
0C065A34 T Slist_Send
0C065B90 T Slist_Poll
0C0662F4 T PF_VarString
0C0F6208 T out
0C0663A0 T PF_error
0C06644C T PF_objerror
0C066504 T PF_makevectors
0C066564 T PF_setorigin
0C066634 T SetMinMaxSize
0C066D60 T PF_setsize
0C066DEC T PR_CheckBadString
0C066E50 T PF_setmodel
0C067028 T PF_bprint
0C067058 T PF_sprint
0C067158 T PF_centerprint
0C067258 T PF_normalize
0C067484 T PF_vlen
0C067598 T PF_vectoyaw
0C067730 T PF_vectoangles
0C067A74 T PF_random
0C067AF4 T PF_particle
0C067B80 T PF_ambientsound
0C067D90 T PF_sound
0C067F50 T PF_break
0C067F84 T PF_traceline
0C0F6308 T checkpvs
0C0681D0 T PF_newcheckclient
0C0F6708 T c_invis
0C0F670C T c_notvis
0C068424 T PF_checkclient
0C0687A0 T PF_stuffcmd
0C0688C0 T PF_localcmd
0C068924 T PF_cvar
0C0689A4 T PF_cvar_set
0C068A44 T PF_findradius
0C068CCC T PF_dprint
0C0F6710 T pr_string_temp
0C068CFC T PF_ftos
0C068DFC T PF_fabs
0C068E84 T PF_vtos
0C068F80 T PF_Spawn
0C068FDC T PF_Remove
0C069040 T PF_Find
0C069208 T PR_CheckEmptyString
0C069240 T PF_precache_file
0C06928C T PF_precache_sound
0C069420 T PF_precache_model
0C0695D8 T PF_coredump
0C0695F4 T PF_traceon
0C069610 T PF_traceoff
0C06962C T PF_eprint
0C06969C T PF_walkmove
0C069908 T PF_droptofloor
0C069B70 T PF_lightstyle
0C069CD0 T PF_rint
0C069D94 T PF_floor
0C069E14 T PF_ceil
0C069E94 T PF_checkbottom
0C069F1C T PF_pointcontents
0C069F7C T PF_nextent
0C06A080 T PF_aim
0C06A9EC T PF_changeyaw
0C06ABD0 T WriteDest
0C06AD6C T PF_WriteByte
0C06ADC4 T PF_WriteChar
0C06AE1C T PF_WriteShort
0C06AE74 T PF_WriteLong
0C06AECC T PF_WriteAngle
0C06AF18 T PF_WriteCoord
0C06AF64 T PF_WriteString
0C06AFD8 T PF_WriteEntity
0C06B058 T PF_makestatic
0C06B218 T PF_setspawnparms
0C06B31C T PF_changelevel
0C06B3B8 T PF_Fixme
0C06B3D8 T ED_FieldAtOfs
0C06B7B8 T ED_GlobalAtOfs
0C0F6790 T line
0C06C018 T PR_GlobalString
0C06C12C T PR_GlobalStringNoContents
0C0F6890 T pr_stack
0C0F6994 T localstack
0C0F8994 T localstack_used
0C096B5C T pr_opnames
0C06C9C4 T R_AliasProjectFinalVert
0C0F8BF8 T r_apverts
0C0F8BFC T r_plightvec
0C0F8C08 T r_ambientlight
0C0F8C0C T r_shadelight
0C0F8C18 T TU00000000/alias_forward
0C0F8C24 T TU00000000/alias_right
0C0F8C30 T TU00000000/alias_up
0C0F8C3C T TU00000000/pskindesc
0C0F8C40 T r_anumverts
0C0F8C44 T aliastransform
0C06DE48 T R_AliasTransformAndProjectFinalVerts
0C0F8C74 T tmatrix
0C0F8CA4 T viewmatrix
0C06EB8C T R_AliasTransformFinalVert
0C0F8CE4 T TU00000000/pfrontenter
0C0F8CE8 T TU00000000/pfrontexit
0C0F8CEC T TU00000000/makeclippededge
0C0727E0 T R_TrailingEdge
0C071F6C T R_LeadingEdge
0C072A30 T R_CleanupSpan
0C072660 T R_LeadingEdgeBackwards
0C0F8D9C T oldbright
0C0F8E08 T viewlightvec
0C09745C T r_viewlighting
0C072DDC T R_MarkLeaves
0C072FF8 T R_DrawEntitiesOnList
0C073534 T R_DrawViewModel
0C0739BC T R_BmodelCheckBBox
0C074044 T R_DrawBEntitiesOnList
0C074678 T R_EdgeDrawing
0C0F8E18 T warpbuffer
0C128518 T TU00000000/clip_current
0C12851C T TU00000000/clip_verts
0C074E28 T R_ClipSpriteFace
0C128840 T lightleft
0C12884C T lightright
0C128850 T lightleftstep
0C128854 T lightrightstep
0C075F00 T R_DrawSurfaceBlock8_mip0
0C0760F8 T R_DrawSurfaceBlock8_mip1
0C0762F0 T R_DrawSurfaceBlock8_mip2
0C0764E8 T R_DrawSurfaceBlock8_mip3
0C0766D8 T R_DrawSurfaceBlock16_mip0
0C077094 T R_DrawSurfaceBlock16_mipN
0C0766F4 T R_DrawSurfaceBlock16_mip1
0C076710 T R_DrawSurfaceBlock16_mip2
0C07672C T R_DrawSurfaceBlock16_mip3
0C076748 T R_AddDynamicLights
0C12955C T clearconsole
0C07855C T WritePCXfile
0C129974 T scr_erase_lines
0C129978 T scr_erase_center
0C077544 T SCR_DrawCenterString
0C0778F4 T CalcFov
0C12997C T count
0C097634 T hipweapons
0C079500 T Sbar_SortFrags
0C129CE0 T scoreboardlines
0C129CA0 T fragsort
0C0796C8 T Sbar_ColorForMap
0C0790CC T Sbar_DrawTransPic
0C079188 T Sbar_DrawCharacter
0C079254 T Sbar_DrawString
0C079310 T Sbar_itoa
0C079720 T Sbar_SoloScoreboard
0C12A1E4 T fatbytes
0C12A1E8 T fatpvs
0C07B4B0 T SV_AddToFatPVS
0C07B6A4 T SV_FatPVS
0C07B72C T SV_WriteEntitiesToClient
0C07CFE0 T SV_RunThink
0C07CDE0 T SV_CheckVelocity
0C07E09C T SV_AddGravity
0C07E200 T SV_PushEntity
0C07D3C8 T ClipVelocity
0C081014 T SV_CheckWaterTransition
0C07D1D4 T SV_Impact
0C07D588 T SV_FlyMove
0C07E518 T SV_PushMove
0C07F450 T SV_CheckStuck
0C07F7B0 T SV_CheckWater
0C07FA54 T SV_WallFriction
0C07FDD4 T SV_TryUnstick
0C0802A8 T SV_WalkMove
0C081624 T SV_FixCheckBottom
0C12A5F0 T TU00000000/forward
0C12A5FC T TU00000000/right
0C12A608 T TU00000000/up
0C12A614 T wishdir
0C12A620 T wishspeed
0C081DB0 T SV_UserFriction
0C082194 T SV_Accelerate
0C082380 T SV_AirAccelerate
0C082FA8 T SV_ReadClientMove
0C083BC8 T Cache_Move
0C083E20 T V_CalcBob
0C084240 T V_DriftPitch
0C12A6C0 T oldgammavalue
0C084D5C T angledelta
0C084DD8 T CalcGunAngle
0C09798C T oldyaw
0C097990 T oldpitch
0C08551C T V_BoundOffsets
0C0857DC T V_AddIdle
0C085BC0 T V_CalcViewRoll
0C097994 T oldz
0C12A6C4 T TU00000000/box_hull
0C12A6EC T TU00000000/box_clipnodes
0C12A71C T TU00000000/box_planes
0C086BAC T SV_HullForBox
0C086C6C T SV_HullForEntity
0C097998 T pat_tst0
0C0979A8 T rec
0C097A78 T hash
0C08AA40 T GetSoundtime
0C12B3DC T soundtime
0C0979AC T TU00000000/snd_ambient
0C12B3FC T oldsamplepos
0C12B3F8 T buffers
0C12B408 T last_chunk
0C12B410 T iff_chunk_len
0C134414 T snd_p
0C134418 T snd_linear_count
0C13441C T snd_vol
0C134420 T snd_out
0C08B04C T Snd_WriteLinearBlastStereo16
0C08B1DC T S_TransferStereo16
