0C085A80 T __bss_start
0C000400 T __get_stdin
0C085C08 T __stdin
0C000424 T __get_stdout
0C085C0C T __stdout
0C000448 T __get_stderr
0C085C10 T __stderr
0C00046C T printf
0C000CE0 T vsprintf
0C006760 T tk_puts
0C0004EC T fopen
0C086014 T TU00000000/fnm
0C086018 T TU00000000/modus
0C086010 T TU00000000/err
0C004BC0 T findSpareSpot
0C0015EC T malloc
0C086008 T TU00000000/myfile
0C0048AC T fopen2
0C00161C T free
0C0005D0 T fclose
0C000F44 T fflush
0C0020D0 T __close
0C00063C T fread
0C0057F4 T freadSlowT
0C001060 T memcpy
0C005A4C T freadSlowB
0C00E390 T __udivsi3
0C001F70 T __read
0C001F4C T __get_errno
0C0008CC T fwrite
0C005114 T fwriteSlow
0C001FF4 T __write
0C000A40 T fputc
0C000B80 T fputs
0C0015B0 T strlen
0C000BD8 T fprintf
0C000C38 T vfprintf
0C002F24 T vvprintf
0C000C80 T sprintf
0C000D30 T ungetc
0C000D8C T fgetc
0C000DE8 T fseek
0C002090 T __seek
0C002148 T __tell
0C000F00 T ftell
0C000FFC T fscanf
0C0033D8 T vvscanf
0C0010C8 T strcpy
0C001124 T strncpy
0C0011A0 T strcat
0C0011FC T memcmp
0C001284 T strcmp
0C001308 T strncmp
0C0013A4 T memchr
0C001410 T strchr
0C001490 T strstr
0C001524 T memset
0C001578 T strerror
0C085A80 T __userExit
0C006A58 T __allocmem
0C006AAC T __freemem
0C001650 T abort
0C006A1C T raise
0C001678 T exit
0C006AD4 T __exit
0C00169C T rand
0C07A004 T TU00000000/myseed
0C0016F4 T atof
0C001738 T strtod
0C006910 T isspace
0C006888 T isdigit
0C001C74 T atoi
0C001CB8 T strtol
0C001D6C T strtoul
0C006958 T isalpha
0C0068D0 T toupper
0C001F20 T abs
0C07A008 T __errno
0C08BE44 T btshx_tk_handles
0C00D1B0 T tk_fread
0C00D40C T tk_puts_n
0C00D208 T tk_fwrite
0C00D260 T tk_fseek
0C00D300 T tk_fclose
0C002120 T __remove
0C002134 T __rename
0C00D2B4 T tk_ftell
0C085B00 T TU00000000/permFiles
0C00218C T tk_printf
0C00D34C T tk_putc
0C00E7C2 T __va_arg_i
0C00DE10 T tk_print_decimal_n
0C00DCFC T tk_print_decimal
0C00DCC0 T tk_print_hex_genw
0C00DB74 T tk_print_hex_n
0C00DA74 T tk_print_hex
0C00E828 T __va_arg_d
0C00DEC4 T tk_print_float
0C085C14 T __userFiles
0C08600C T TU00000000/spareSpot
0C07A000 T TU00000000/inreopen
0C08601C T TU00000000/modeType
0C0024B4 T __init_stdin
0C002520 T dblcvt
0C005C34 T examine
0C004C50 T checkMode
0C004FF0 T osfopen
0C00496C T fopen3
0C0067AC T __open
0C00521C T fwriteSlowT
0C005634 T fwriteSlowB
0C00D4BC T __umodsi3
0C00D0D0 T tk_fopen
0C07A750 T btshx_tk_nhandles
0C0076AC T __cytpe_init
0C08A910 T __isbuf
0C08A918 T __toup
0C0069A0 T __sigdfl
0C07A00C T handlers
0C0069EC T __sigerr
0C006A04 T __sigign
0C0099EC T TKMM_Malloc
0C086020 T __envptr
0C006AC0 T __exec
0C006DE0 T __exita
0C006BA8 T main
0C118FA8 T parms
0C010658 T COM_InitArgv
0C08C66C T com_argc
0C08C670 T com_argv
0C02E86C T Host_Init
0C070228 T Sys_CheckSanity
0C011428 T Sys_FloatTime
0C02EF3C T Host_Frame
0C00E38C T sleep_0
0C006E00 T __get_cmdline
0C006E1C T __get_cmdenv
0C086024 T TU00000000/buffer1
0C08782C T TU00000000/buffer2
0C089034 T TU00000000/buffer3
0C08A83C T __eplist
0C08A840 T __plist
0C006E38 T __start
0C007560 T __start_early
0C08A844 T argv
0C00757C T __start_late
0C009EA4 T TKMM_Init
0C00758C T __datetime
0C007630 T TK_GetTimeMs
0C007654 T __assert
0C07A028 T TU00000000/__isbufR
0C07A22C T TU00000000/__tolowR
0C07A430 T TU00000000/__toupR
0C08A914 T __tolow
0C00772C T longjmp
0C00E4B0 T __longj
0C007764 T ceil
0C0077D0 T fabs
0C007828 T floor
0C0078AC T atan2
0C00828C T atan
0C007B9C T frexp
0C007D04 T pow
0C008CC4 T log
0C008BA0 T exp
0C007F30 T sqrt
0C00E44A T __sqrt_d
0C008648 T cos
0C00888C T sin
0C008AC8 T tan
0C008F08 T __mmDef
0C008F20 T __mmInit
0C008F48 T __mmTerm
0C008F60 T __mmSupply
0C009074 T __mmAlloc
0C009298 T __mmFree
0C009534 T __mmFId
0C0095C0 T __mmMaxSize
0C009620 T __mmRealloc
0C07A634 T __mmDebug
0C07A638 T __mmDbg2
0C08A91C T __memmgr
0C009AC4 T TKMM_MMList_Malloc
0C009D80 T TKMM_AllocPages
0C009E08 T TKMM_PageToPointer
0C07A63C T tk_ird_imgbuf
0C08A924 T tkmm_pagebase
0C08A928 T tkmm_pageend
0C08A92C T tkmm_pagebmp
0C08B92C T tkmm_maxpage
0C08B930 T tkmm_pagerov
0C00A170 T TKMM_SizeToFxiU
0C08B934 T tkmm_mmlist_freelist
0C00A21C T TKMM_FxiToSize
0C00A090 T TKMM_MMList_AllocBrk
0C00A1C8 T TKMM_SizeToFxiD
0C009C00 T TKMM_FindFreePages
0C009E40 T TKMM_PageAlloc
0C07A6D4 T init
0C009F78 T tk_ird_init
0C00A058 T TKMM_MMList_Init
0C07A6D8 T tk_vfile_ird_vt
0C00C788 T tk_vf_register
0C08BD44 T kerninit
0C07A644 T tkmm_mmlist_brkbuf
0C08BD34 T tkmm_mmlist_brkend
0C08BD38 T tkmm_mmlist_brkpos
0C08BD3C T tkspi_ctl_speed
0C08BD40 T tkspi_ctl_status
0C00A274 T TKSPI_ChipSel
0C00A320 T TKSPI_XchByte
0C00A398 T TKSPI_DelayUSec
0C00A3AC T TKSPI_ReadData
0C00A49C T TKSPI_WaitReady
0C00A4FC T TKSPI_WriteData
0C00A5B4 T TKSPI_Deselect
0C00A5D0 T TKSPI_Select
0C00A618 T TKSPI_SendCmd
0C00A788 T TKSPI_ReadSectors
0C00D60C T __shrlli
0C00A90C T TKSPI_WriteSectors
0C00A9E0 T tkfat_setWord
0C00AA10 T tkfat_setDWord
0C00AA50 T tkfat_getWord
0C00AA90 T tkfat_getDWord
0C00AAE8 T TKFAT_GetSectorTempBuffer
0C00ADA4 T TKFAT_GetFatEntry
0C00AEB4 T TKFAT_SetFatEntry
0C00B000 T TKFAT_GetClusterLBA
0C00B04C T TKFAT_AllocFreeCluster
0C00B0B4 T TKFAT_GetWalkCluster
0C00B158 T TKFAT_GetClusterFileOffs
0C00B1E8 T TKFAT_ReadWriteSector
0C00B284 T TKFAT_ReadWriteCluster
0C00B354 T TKFAT_ReadWriteClusterOffset
0C00B5A0 T TKFAT_ReadWriteDirEntOffset
0C00B684 T tkfat_name2sfn
0C00B7E4 T tkfat_name2lfn
0C00B9A4 T tkfat_matchlfn
0C00BA7C T tkfat_lfnchecksum
0C07A648 T TU00000000/tkfat_tuc52
0C00BAFC T tkfat_asc2ucs
0C00BB5C T TKFAT_LookupDirEntName
0C00C2D0 T TKFAT_LookupDirEntPathR
0C00C3F4 T TKFAT_LookupDirEntPath
0C00C454 T TKFAT_UpdateDirEnt
0C00C4B4 T TKFAT_GetDirEntCluster
0C00C528 T TKFAT_SetDirEntCluster
0C00C598 T TKFAT_GetDirEntSize
0C00C5D8 T TKFAT_SetDirEntSize
0C00C618 T TKFAT_ReadWriteDirEntFile
0C07A6C8 T tk_vf_freelist
0C07A6CC T tk_fsty_root
0C07A6D0 T tk_vf_mount
0C00C7B4 T tk_vfile_init
0C00C804 T tk_fat_init
0C07A714 T tk_vfile_fat_vt
0C00C838 T tk_alloc_file
0C00C8A4 T tk_ird_mount
0C00C8BC T tk_ird_fopen
0C00CD04 T tk_ird_decoctal_n
0C00CA10 T tk_ird_fread
0C00CB00 T tk_ird_fseek
0C00CC28 T tk_ird_ftell
0C00CC7C T tk_ird_fclose
0C00CC94 T tk_ird_fgetc
0C00CD60 T tk_fat_mount
0C00CD78 T tk_fat_fopen
0C00E65C T __memcpy32
0C00CE44 T tk_fat_fread
0C00CEA8 T tk_fat_fwrite
0C00CF0C T tk_fat_fseek
0C00CFF4 T tk_fat_ftell
0C00D018 T tk_fat_fclose
0C00D048 T tk_fat_fgetc
0C00D08C T tk_fat_fputc
0C00D390 T tk_kbhit
0C00D3C0 T tk_getch
0C00D46C T __moddi3
0C00D50C T __smodsi3
0C00E40C T __sdivsi3
0C00D55C T __shllli
0C00D6C0 T __sarlli
0C00D7B0 T __udivlli
0C00D970 T __sdivlli
0C07A758 T chrs
0C00DFB8 T tk_vprintf
0C08C244 T timer_ticks
0C00E2B0 T start
0C00E2B0 T _start
0C00E36C T start_leds
0C00E368 T pio_addr
0C00E2F0 T stack_base
0C00E2D0 T zero_bss
0C00E384 T isr_table
0C00E37C T a_tk_main
0C00E2F8 T _exit
0C00E2E8 T bss_strt
0C00E2EC T bss_end
0C00E2D6 T .L0
0C126424 T _end
0C00E2F4 T _loop
0C00E2FE T _gdb_unhandled_isr
0C00E370 T start1_leds
0C00E308 T _gdb_nmi_isr
0C00E374 T start2_leds
0C00E312 T _gdb_illegalinst_isr
0C00E31C T _gdb_addresserr_isr
0C00E326 T _gdb_ihandler_emac
0C00E330 T _gdb_trapa32_isr
0C00E334 T _gdb_trapa33_isr
0C00E338 T _gdb_trapa34_isr
0C00E33C T _gdb_pit_isr
0C00E350 T ticks
0C00E354 T _gdb_ihandler_uart1
0C00E358 T _gdb_ihandler_uart0
0C00E35C T _gdb_ihandler_uart2
0C00E360 T _gdb_ihandler_inttmr
0C00E878 T _vector_table
0C00E390 T __udivsi3_i4i
0C00E390 T __udivdi3
0C00E3E8 T udiv_lgdiv
0C00E3A4 T sdiv_smdiv
0C00E3CC T div6
0C00E3CA T div7
0C00E3DA T divx3
0C00E3EA T sdiv_lgdiv
0C00E40C T __sdivsi3_i4i
0C00E40C T __sdivsi3_i4
0C00E426 T sdiv_pos_divisor
0C00E42E T sdiv_neg_result
0C00E420 T sdiv_pos_result
0C00E438 T sdiv_chkdiv
0C00E444 T sdiv_res_neg
0C00E45C T __sqrt_d_C0
0C00E468 T __tk_trapdebug
0C00E46C T __movmem_i4_even
0C00E48A T L_movmem_start_even
0C00E472 T __movmem_i4_odd
0C00E47E T L_movmem_loop
0C00E49C T L_movmem_2mod4_end
0C00E4A2 T __movmemSI12_i4
0C00E4DC T __setj
0C00E50A T __ashrdi3
0C00E524 T __ashrdi3_L0
0C00E52C T __memcpy32_4
0C00E534 T __memcpy32_8
0C00E540 T __memcpy32_12
0C00E550 T __memcpy32_16
0C00E564 T __memcpy32_20
0C00E57C T __memcpy32_24
0C00E598 T __memcpy32_28
0C00E5B8 T __memcpy32_32
0C00E5DC T __memcpy32_36
0C00E5EC T __memcpy32_40
0C00E5FC T __memcpy32_44
0C00E60C T __memcpy32_48
0C00E61C T __memcpy32_52
0C00E62C T __memcpy32_56
0C00E63C T __memcpy32_60
0C00E64C T __memcpy32_64
0C00E662 T __memcpy32.l0_4
0C00E670 T __memcpy32.l1_4
0C00E676 T __memcpy8_4
0C00E698 T __memcpy8_4_a
0C00E680 T __memcpy8_4_u
0C00E6A2 T __memcpy8_8
0C00E6D8 T __memcpy8_8_a
0C00E6AC T __memcpy8_8_u
0C00E6E6 T __memcpy8_12
0C00E730 T __memcpy8_12_a
0C00E6F0 T __memcpy8_12_u
0C00E742 T __memcpy8_16
0C00E78C T __memcpy8_16_a
0C00E74C T __memcpy8_16_u
0C00E7A2 T __memcpy8_20
0C00E7AA T __memcpy8_24
0C00E7B2 T __memcpy8_28
0C00E7BA T __memcpy8_32
0C00E7D6 T __va_arg_i.L0
0C00E7E2 T __va_arg_l
0C00E7FC T __va_arg_l.L0
0C00E80C T __va_arg_f
0C00E81E T __va_arg_f.L0
0C00E842 T __va_arg_d.L0
0C00E84E T _gdb_gen_isr
0C00E84E T _gdb_int_isr
0C00E86C T _intevt
0C00E870 T _vecevt
0C00E860 T _gdb_tlb_isr
0C00E864 T _traevt
0C00E868 T _expevt
0C00E978 T _gen_isr
0C00E980 T _gen_isr_L0
0C00EC78 T _tlb_isr
0C00EC80 T _tlb_isr_L0
0C00EE78 T _int_isr
0C00EE80 T _int_isr_L0
0C07A75C T __fpscr_values
0C00EE84 T SZ_Alloc
0C011948 T Hunk_AllocName
0C00EEE0 T SZ_Clear
0C00EF00 T SZ_GetSpace
0C011348 T Sys_Error
0C02D238 T Con_Printf
0C00EFB4 T SZ_Write
0C00F858 T Q_memcpy
0C00EFF0 T SZ_Print
0C00FA3C T Q_strlen
0C00F09C T ClearLink
0C00F0B8 T RemoveLink
0C00F0E4 T InsertLinkBefore
0C08C248 T bigendien
0C08C24C T BigShort
0C08C250 T LittleShort
0C08C254 T BigLong
0C08C258 T LittleLong
0C08C25C T BigFloat
0C08C260 T LittleFloat
0C00F118 T MSG_WriteChar
0C00F148 T MSG_WriteByte
0C00F178 T MSG_WriteShort
0C00F1BC T MSG_WriteLong
0C00F218 T MSG_WriteFloat
0C00F280 T MSG_WriteString
0C00F2E4 T MSG_WriteCoord
0C00F32C T MSG_WriteAngle
0C08C264 T msg_readcount
0C08C268 T msg_badread
0C00F380 T MSG_BeginReading
0C00F3A4 T MSG_ReadChar
0C08CC98 T net_message
0C00F424 T MSG_ReadByte
0C00F4A4 T MSG_ReadShort
0C00F518 T MSG_ReadLong
0C00F5D4 T MSG_ReadFloat
0C00F680 T MSG_ReadString
0C0BC044 T string
0C00F6E8 T MSG_ReadCoord
0C00F750 T MSG_ReadAngle
0C00F7B8 T Q_memset
0C00F950 T Q_strcpy
0C00F9B8 T Q_strncpy
0C00FA74 T Q_strrchr
0C00FAF4 T Q_strcat
0C00FB34 T Q_strcmp
0C00FBCC T Q_strncmp
0C00FC78 T Q_strcasecmp
0C00FCAC T Q_strncasecmp
0C00FD60 T Q_atoi
0C00FF18 T Q_atof
0C08C26C T com_token
0C010260 T COM_Parse
0C010444 T COM_CheckParm
0C0104C4 T COM_Init
0C03442C T ShortSwap
0C03448C T ShortNoSwap
0C0344A4 T LongSwap
0C034540 T LongNoSwap
0C034558 T FloatSwap
0C0345D4 T FloatNoSwap
0C07A764 T registered
0C0159F8 T Cvar_RegisterVariable
0C07AE64 T cmdline
0C0347E8 T COM_Path_f
0C018144 T Cmd_AddCommand
0C033FBC T COM_InitFilesystem
0C0346B8 T COM_CheckRegistered
0C0BBF44 T com_cmdline
0C0BBE54 T TU00000000/largv
0C07AE48 T TU00000000/safeargvs
0C07AE44 T TU00000000/argvdummy
0C07A77C T standard_quake
0C08C6F8 T rogue
0C08C6FC T hipnotic
0C010854 T COM_FileBase
0C010930 T COM_DefaultExtension
0C0109A4 T va
0C08C674 T com_filesize
0C08C678 T com_gamedir
0C010A04 T COM_WriteFile
0C01110C T Sys_FileOpenWrite
0C0113B8 T Sys_Printf
0C0112A0 T Sys_FileWrite
0C01119C T Sys_FileClose
0C010AA4 T COM_OpenFile
0C0349A4 T COM_FindFile
0C010ADC T COM_FOpenFile
0C010B14 T COM_CloseFile
0C0BC8CC T com_searchpaths
0C010B7C T COM_LoadStackFile
0C0BC8D4 T loadbuf
0C0BC8D8 T loadsize
0C034D50 T COM_LoadFile
0C010BD8 T COM_LoadHunkFile
0C010C08 T COM_LoadCacheFile
0C0BC8D0 T loadcache
0C08C700 T vid
0C08C744 T d_8to16table
0C08C944 T vid_menudrawfn
0C08C948 T vid_menukeyfn
0C010C40 T VID_SetPalette
0C071554 T vid_clamp255
0C118FCC T d2d_8to24table
0C010D74 T VID_ShiftPalette
0C010D88 T VID_Init
0C118FC0 T vid_buffer
0C118FC4 T zbuffer
0C118FC8 T surfcache
0C0BBBC4 T host_colormap
0C0C4018 T d_pzbuffer
0C01E3D0 T D_InitCaches
0C07ACE8 T r_pixbytes
0C0BBBC8 T host_colormap16
0C010F60 T VID_Update
0C071590 T VID_ConGfx_EncBlock16
0C071990 T VID_ConGfx_SendB85_32
0C011084 T Sys_FileOpenRead
0C07013C T findhandle
0C118B98 T sys_handles
0C070194 T filelength
0C0111E0 T Sys_FileSeek
0C011220 T Sys_FileRead
0C0112EC T Sys_FileTime
0C011334 T Sys_mkdir
0C01140C T Sys_Quit
0C118FA0 T t0
0C118F98 T t
0C0114BC T Sys_ConsoleInput
0C0114D8 T Sys_SendKeyEvents
0C0114E8 T Sys_LowFPPrecision
0C0114F8 T Sys_HighFPPrecision
0C011508 T Memory_Init
0C118650 T hunk_base
0C118658 T hunk_low_used
0C118654 T hunk_size
0C11865C T hunk_high_used
0C06C938 T Cache_Init
0C11864C T mainzone
0C06C4F8 T Z_ClearZone
0C011600 T Z_Free
0C0116E4 T Z_Malloc
0C01185C T Z_CheckHeap
0C011744 T Z_TagMalloc
0C011914 T Hunk_Alloc
0C06C3E0 T Cache_FreeLow
0C011A58 T Hunk_HighAllocName
0C118660 T hunk_tempactive
0C118664 T hunk_tempmark
0C011CB4 T Hunk_FreeToHighMark
0C06C450 T Cache_FreeHigh
0C011BC4 T Hunk_LowMark
0C011BE0 T Hunk_FreeToLowMark
0C011C6C T Hunk_HighMark
0C011D74 T Hunk_TempAlloc
0C011DF8 T Hunk_Check
0C011EAC T Cache_Flush
0C118668 T cache_head
0C011F64 T Cache_Free
0C011F00 T Cache_Check
0C06C874 T Cache_UnlinkLRU
0C06C8D4 T Cache_MakeLRU
0C011FD0 T Cache_Alloc
0C06C5D4 T Cache_TryAlloc
0C0120CC T Cache_Report
0C02D394 T Con_DPrintf
0C07A780 T vec3_origin
0C07A78C T nanmask
0C012158 T VectorMA
0C0121F4 T Length
0C0122A8 T CrossProduct
0C0123C0 T VectorNormalize
0C0124C4 T VectorInverse
0C01250C T VectorScale
0C01257C T R_ConcatRotations
0C012A68 T R_ConcatTransforms
0C013138 T FloorDivMod
0C013360 T GreatestCommonDivisor
0C013408 T AngleVectors
0C0136A8 T BoxOnPlaneSide
0C04F8DC T BOPS_Error
0C013F50 T anglemod
0C08C94C T wad_numlumps
0C08C950 T wad_lumps
0C08C954 T wad_base
0C013FCC T W_LoadWadFile
0C01416C T W_CleanupName
0C0142E8 T SwapPic
0C0141E4 T W_GetLumpinfo
0C014298 T W_GetLumpName
0C08C958 T draw_disc
0C014330 T Draw_Init
0C0BED34 T draw_chars
0C0BED10 T TU00000000/r_rectdesc
0C0BED38 T draw_backtile
0C0143B8 T Draw_Character
0C0146A0 T Draw_Pic
0C014858 T Draw_TransPic
0C014B98 T Draw_TransPicTranslate
0C014F18 T Draw_ConsoleBackground
0C0158D4 T Draw_CachePic
0C03572C T Draw_CharToConback
0C0357D0 T VID_BlendEven16
0C0153E8 T Draw_BeginDisc
0C0298D8 T D_BeginDirectRect
0C015440 T Draw_EndDisc
0C029900 T D_EndDirectRect
0C01547C T Draw_TileClear
0C035820 T R_DrawRect8
0C035934 T R_DrawRect16
0C015670 T Draw_Fill
0C015794 T Draw_FadeScreen
0C035A78 T Draw_FadeScreen16
0C01A688 T S_ExtraUpdate
0C015854 T Draw_String
0C0158A8 T Draw_PicFromWad
0C0BED3C T menu_cachepics
0C0C0F3C T menu_numcachepics
0C015EC4 T Cvar_FindVar
0C018224 T Cmd_Exists
0C08C95C T cvar_vars
0C015B50 T Cvar_Set
0C0B7AF4 T sv
0C0271A0 T SV_BroadcastPrintf
0C015C6C T Cvar_SetValue
0C015CD4 T Cvar_VariableValue
0C015D58 T Cvar_VariableString
0C07B1A8 T cvar_null_string
0C015D9C T Cvar_CompleteVariable
0C015E1C T Cvar_Command
0C018318 T Cmd_Argv
0C0182FC T Cmd_Argc
0C015F20 T SCR_Init
0C07EB20 T scr_fov
0C07A790 T scr_viewsize
0C07EBE4 T scr_conspeed
0C07EC14 T scr_showram
0C07EC2C T scr_showturtle
0C07EC44 T scr_showpause
0C07EBFC T scr_centertime
0C07EC5C T scr_printspeed
0C062288 T SCR_ScreenShot_f
0C062B30 T SCR_SizeUp_f
0C062B94 T SCR_SizeDown_f
0C117550 T scr_ram
0C117554 T scr_net
0C11754C T scr_initialized
0C117558 T scr_turtle
0C01605C T SCR_UpdateScreen
0C08C978 T scr_skipupdate
0C08C984 T block_drawing
0C08C97C T scr_copytop
0C08C980 T scr_copyeverything
0C08C974 T scr_disabled_for_loading
0C0BBBD0 T realtime
0C117564 T scr_disabled_time
0C08E870 T cls
0C0BBA90 T con_initialized
0C117988 T oldscr_viewsize
0C117548 T oldfov
0C07AD04 T lcd_x
0C11798C T oldlcd_x
0C117544 T oldscreensize
0C0628D4 T SCR_CalcRefdef
0C02AD20 T D_EnableBackBufferAccess
0C08C968 T scr_fullupdate
0C0190E4 T Sbar_Changed
0C0C9230 T pconupdate
0C062F30 T SCR_SetUpToDrawConsole
0C0623CC T SCR_EraseCenterString
0C0298F0 T D_DisableBackBufferAccess
0C022120 T V_RenderView
0C117984 T scr_drawdialog
0C019100 T Sbar_Draw
0C0634D4 T SCR_DrawNotifyString
0C117560 T scr_drawloading
0C062EAC T SCR_DrawLoading
0C08F174 T cl
0C0BB278 T key_dest
0C0197F4 T Sbar_IntermissionOverlay
0C0199E4 T Sbar_FinaleOverlay
0C0626B0 T SCR_CheckDrawCenterString
0C062BF8 T SCR_DrawRam
0C062D4C T SCR_DrawNet
0C062C80 T SCR_DrawTurtle
0C062E00 T SCR_DrawPause
0C0631E4 T SCR_DrawConsole
0C02DF20 T M_Draw
0C02B5DC T D_UpdateRects
0C0224BC T V_UpdatePalette
0C08C96C T sb_lines
0C0BB260 T scr_vrect
0C01650C T SCR_CenterPrint
0C117568 T scr_centerstring
0C11796C T scr_centertime_off
0C117968 T scr_centertime_start
0C117970 T scr_center_lines
0C0165C4 T SCR_BeginLoadingPlaque
0C01A21C T S_StopAllSounds
0C02D6AC T Con_ClearNotify
0C08C960 T scr_con_current
0C0166B0 T SCR_EndLoadingPlaque
0C0166E0 T SCR_ModalMessage
0C117980 T scr_notifystring
0C01A2C4 T S_ClearBuffer
0C0BBA7C T key_count
0C0BBA80 T key_lastpress
0C08C964 T scr_conlines
0C08C970 T clearnotify
0C07A7A8 T net_activeSockets
0C07A7AC T net_freeSockets
0C07A7B0 T net_numsockets
0C07A7B4 T net_numdrivers
0C07A7B8 T net_drivers
0C0537D4 T Loop_Init
0C053808 T Loop_Listen
0C05381C T Loop_SearchForHosts
0C053934 T Loop_Connect
0C053A98 T Loop_CheckNewConnections
0C053B10 T Loop_GetMessage
0C053C40 T Loop_SendMessage
0C053D40 T Loop_SendUnreliableMessage
0C053E34 T Loop_CanSendMessage
0C053E70 T Loop_CanSendUnreliableMessage
0C053E88 T Loop_Close
0C053EFC T Loop_Shutdown
0C07A998 T DEFAULTnet_hostport
0C08C988 T net_hostport
0C08C98C T net_driverlevel
0C07A99C T hostname
0C07A9B4 T messagesSent
0C07A9B8 T messagesReceived
0C07A9BC T unreliableMessagesSent
0C07A9C0 T unreliableMessagesReceived
0C0167CC T NET_NewQSocket
0C0B7AE0 T svs
0C07A9C8 T net_activeconnections
0C08CC90 T net_time
0C0168D8 T NET_FreeQSocket
0C016978 T SetNetTime
0C07A9C4 T hostCacheCount
0C08C990 T hostcache
0C0169B4 T NET_Init
0C053F3C T VCR_Init
0C07DEAC T recording
0C07DDA4 T TU00000000/listening
0C07DDD0 T net_messagetimeout
0C07DDEC T config_com_port
0C07DE04 T config_com_irq
0C07DE1C T config_com_baud
0C07DE34 T config_com_modem
0C07DE4C T config_modem_dialtype
0C07DE64 T config_modem_clear
0C07DE7C T config_modem_init
0C07DE94 T config_modem_hangup
0C017D20 T NET_Slist_f
0C0546F4 T NET_Listen_f
0C054800 T MaxPlayers_f
0C054954 T NET_Port_f
0C08CCAC T my_ipx_address
0C08CCEC T my_tcpip_address
0C016DC0 T NET_CheckNewConnections
0C0BB170 T host_time
0C0E41B8 T vcrConnect
0C07D61C T vcrFile
0C016F54 T NET_Connect
0C07A9DC T slistSilent
0C07A9D8 T slistInProgress
0C017A80 T NET_Poll
0C054A30 T PrintSlistHeader
0C054A68 T PrintSlist
0C054B5C T PrintSlistTrailer
0C01721C T NET_CanSendMessage
0C0E41E0 T vcrSendMessage
0C0172F4 T NET_GetMessage
0C017A10 T NET_Close
0C0E41C8 T vcrGetMessage
0C017544 T NET_SendMessage
0C017650 T NET_SendUnreliableMessage
0C01775C T NET_SendToAll
0C0BB0EC T host_client
0C07DDE8 T configRestored
0C07A9CC T serialAvailable
0C08CD30 T SetComPortConfig
0C08CD38 T SetModemConfig
0C07DEB0 T TU00000000/pollProcedureList
0C017C00 T SchedulePollProcedure
0C07A9D0 T ipxAvailable
0C07A9D4 T tcpipAvailable
0C08CD2C T GetComPortConfig
0C08CD34 T GetModemConfig
0C07A9E0 T slistLocal
0C0E41AC T TU00000000/slistStartTime
0C07DDA8 T slistSendProcedure
0C07DDBC T slistPollProcedure
0C017DF4 T Cbuf_Init
0C0BBCF8 T cmd_text
0C017E24 T Cbuf_AddText
0C017EAC T Cbuf_InsertText
0C017F80 T Cbuf_Execute
0C0184F0 T Cmd_ExecuteString
0C0BBCF4 T cmd_wait
0C08CD3C T cmd_source
0C01809C T Cmd_Init
0C033A6C T Cmd_StuffCmds_f
0C033C74 T Cmd_Exec_f
0C033D48 T Cmd_Echo_f
0C033E08 T Cmd_Alias_f
0C01860C T Cmd_ForwardToServer
0C033A50 T Cmd_Wait_f
0C0BBBB4 T host_initialized
0C0BBE50 T TU00000000/cmd_functions
0C01827C T Cmd_CompleteCommand
0C0BBD0C T TU00000000/cmd_argc
0C07AE3C T TU00000000/cmd_null_string
0C0BBD10 T TU00000000/cmd_argv
0C01837C T Cmd_Args
0C07AE40 T TU00000000/cmd_args
0C018398 T Cmd_TokenizeString
0C0BBCF0 T cmd_alias
0C018750 T Sbar_Init
0C117994 T sb_nums
0C1179EC T sb_colon
0C1179F0 T sb_slash
0C117A00 T sb_weapons
0C117AE0 T sb_ammo
0C117B00 T sb_armor
0C117B0C T sb_items
0C117AF0 T sb_sigil
0C117B8C T sb_faces
0C117BC4 T sb_face_invis
0C117BCC T sb_face_invuln
0C117BD0 T sb_face_invis_invuln
0C063AA4 T Sbar_ShowScores
0C117BC8 T sb_face_quad
0C063AE0 T Sbar_DontShowScores
0C1179F8 T sb_sbar
0C1179F4 T sb_ibar
0C1179FC T sb_scorebar
0C117C0C T hsb_weapons
0C117C98 T hsb_items
0C117BD8 T rsb_invbar
0C117BE0 T rsb_weapons
0C117BF4 T rsb_items
0C117C08 T rsb_teambord
0C117BFC T rsb_ammo
0C117990 T sb_updates
0C064298 T Sbar_DrawInventory
0C064D84 T Sbar_DrawFrags
0C117BD4 T sb_showscores
0C063B04 T Sbar_DrawPic
0C06425C T Sbar_DrawScoreboard
0C063E38 T Sbar_DrawNum
0C064F90 T Sbar_DrawFace
0C063604 T Sbar_MiniDeathmatchOverlay
0C0638B0 T Sbar_DeathmatchOverlay
0C065378 T Sbar_IntermissionNumber
0C019A4C T S_Init
0C07A9E4 T fakedma
0C071A34 T S_Play
0C071B68 T S_PlayVol
0C071EE4 T S_StopAllSoundsC
0C071CC8 T S_SoundList
0C071F00 T S_SoundInfo_f
0C07EFF4 T nosound
0C07AA20 T volume
0C07F00C T precache
0C07A9F0 T loadas8bit
0C07AA08 T bgmvolume
0C07F024 T bgmbuffer
0C07F03C T ambient_level
0C07F054 T ambient_fade
0C07F06C T snd_noextraupdate
0C07F084 T snd_show
0C07F09C T _snd_mixahead
0C0BBB9C T host_parms
0C07AA38 T snd_initialized
0C019D1C T S_Startup
0C01B4E4 T SND_InitScaletable
0C1193DC T num_sfx
0C1193D8 T known_sfx
0C07A9E8 T shm
0C01A6CC T S_PrecacheSound
0C1193E0 T ambient_sfx
0C01ADAC T SNDDMA_Init
0C07EFF0 T sound_started
0C019D94 T S_StartSound
0C01A994 T SND_PickChannel
0C07A9EC T sound_nominal_clip_dist
0C01AB50 T SND_Spatialize
0C01AF94 T S_LoadSound
0C08E744 T paintedtime
0C08CD40 T channels
0C01A03C T S_StaticSound
0C08E740 T total_channels
0C01A18C T S_StopSound
0C01A374 T S_Update
0C07AA3C T snd_blocked
0C08E74C T listener_origin
0C08E758 T listener_forward
0C08E764 T listener_right
0C08E770 T listener_up
0C072110 T S_UpdateAmbientSounds
0C071DC4 T S_Update_
0C072008 T S_FindName
0C01A764 T S_TouchSound
0C01A7B4 T S_BeginPrecaching
0C01A7C4 T S_EndPrecaching
0C01A7D4 T S_PaintChannels
0C11940C T paintbuffer
0C072CEC T SND_PaintChannelFrom8
0C072DD8 T SND_PaintChannelFrom16
0C072AA8 T S_TransferPaintBuffer
0C08E77C T sn
0C12241C T dma_buffer
0C01AE40 T SNDDMA_GetDMAPos
0C08E748 T paintedendtime
0C01AED0 T S_LocalSound
0C01B1D0 T GetWavinfo
0C072428 T ResampleSfx
0C1193FC T iff_end
0C119404 T iff_data
0C072824 T FindChunk
0C1193F8 T data_p
0C072670 T GetLittleShort
0C0726D0 T GetLittleLong
0C072740 T FindNextChunk
0C11A40C T snd_scaletable
0C01B548 T SNDDMA_Submit
0C072E88 T SNDDMA_GetDevDMAPos
0C07F0BC T TU00000000/dmarov
0C126420 T olddma
0C12641C T TU00000000/wbufrov
0C08E7A4 T r_refdef
0C08E838 T r_origin
0C08E844 T vpn
0C08E850 T vright
0C08E85C T vup
0C08E868 T r_notexture_mip
0C01B698 T R_Init
0C0E6E14 T r_stack_start
0C03C7B4 T R_InitTurb
0C03E45C T R_TimeRefresh_f
0C03DB50 T R_ReadPointFile_f
0C07B218 T r_draworder
0C07B230 T r_speeds
0C07B248 T r_timegraph
0C07B260 T r_graphheight
0C07ACC0 T r_drawflat
0C07B2F0 T r_ambient
0C07B1AC T r_clearcolor
0C07B278 T r_waterwarp
0C07B290 T r_fullbright
0C07B2A8 T r_drawentities
0C07EAA8 T r_drawviewmodel
0C07B2C0 T r_aliasstats
0C07B2D8 T r_dspeeds
0C07B308 T r_reportsurfout
0C07B320 T r_maxsurfs
0C07B338 T r_numsurfs
0C07B350 T r_reportedgeout
0C07B368 T r_maxedges
0C07B380 T r_numedges
0C07EAC0 T r_aliastransbase
0C07EAD8 T r_aliastransadj
0C07EB08 T r_novis
0C07EAF0 T r_wateralpha
0C0C7070 T view_clipplanes
0C03D9F4 T R_InitParticles
0C02AD40 T D_Init
0C01B990 T R_InitTextures
0C01BAEC T R_RenderView
0C0BB274 T r_warpbuffer
0C060300 T R_RenderView_
0C01BBB4 T R_ViewChanged
0C0C9300 T r_viewchanged
0C01E460 T R_SetVrect
0C07ACE4 T r_aliasuvscale
0C0C7130 T verticalFieldOfView
0C0C712C T screenAspect
0C0C7134 T xOrigin
0C0C7138 T yOrigin
0C0C0F4C T pixelAspect
0C0C9240 T aliasycenter
0C0C9234 T aliasxscale
0C0C3BA8 T xscale
0C0C3BA0 T xcenter
0C0C923C T aliasxcenter
0C0C3BA4 T ycenter
0C0C3BB0 T xscaleinv
0C0C3BAC T yscale
0C0C9238 T aliasyscale
0C0C3BB4 T yscaleinv
0C0C70D0 T screenedge
0C0C3BB8 T xscaleshrink
0C0C3BBC T yscaleshrink
0C0C9248 T r_resfudge
0C0C9244 T r_aliastransition
0C0C9330 T r_fov_greater_than_90
0C02AE5C T D_ViewChanged
0C01C244 T R_InitSky
0C10E518 T newsky
0C106218 T bottomsky
0C10A398 T bottommask
0C0BB21C T r_skysource
0C01C398 T R_AddEfrags
0C0924D4 T cl_entities
0C0C9324 T r_pefragtopnode
0C0E6D58 T lastlink
0C0E6D5C T r_addent
0C0C930C T r_emins
0C0C9318 T r_emaxs
0C05DFCC T R_SplitEntityOnNode
0C01C4C4 T R_RemoveEfrags
0C01C550 T R_NewMap
0C0C9304 T r_viewleaf
0C03DAAC T R_ClearParticles
0C0C92F4 T r_cnumsurfs
0C0C92F8 T r_surfsonstack
0C0C3B80 T surface_p
0C0C3B7C T surfaces
0C0C3B84 T surf_max
0C03DD1C T R_SurfacePatch
0C0C71BC T r_numallocatededges
0C0C92EC T r_maxsurfsseen
0C0C92F0 T r_maxedgesseen
0C0C71B8 T auxedges
0C0C92FC T r_dowarpold
0C01C708 T R_ParseParticleEffect
0C01C814 T R_RunParticleEffect
0C116D9C T free_particles
0C116D98 T active_particles
0C07EB68 T ramp1
0C01CB80 T R_RocketTrail
0C07EBA8 T ramp3
0C117540 T tracercount
0C01D2C0 T R_EntityParticles
0C116DA8 T avelocities
0C07E304 T r_avertexnormals
0C07EBC8 T beamlength
0C01D72C T R_BlobExplosion
0C01D9CC T R_ParticleExplosion
0C01DBF4 T R_ParticleExplosion2
0C01DD6C T R_LavaSplash
0C01DFD4 T R_TeleportSplash
0C01E254 T R_PushDlights
0C07ACD8 T r_framecount
0C0B4114 T cl_dlights
0C0C932C T r_dlightframecount
0C040108 T R_MarkLights
0C08E86C T r_cache_thrash
0C01E34C T D_FlushCaches
0C0C9C00 T sc_base
0C0C9BFC T sc_size
0C0C3FDC T sc_rover
0C07AD4C T msg_suppress_1
0C043CCC T D_ClearCacheGuard
0C07AA40 T cl_name
0C07AA58 T cl_color
0C07AA70 T cl_upspeed
0C07AA88 T cl_forwardspeed
0C07AAA0 T cl_backspeed
0C07AAB8 T cl_sidespeed
0C07AAD0 T cl_movespeedkey
0C07AAE8 T cl_yawspeed
0C07AB00 T cl_pitchspeed
0C07AB18 T cl_anglespeedkey
0C07AB30 T cl_shownet
0C07AB48 T cl_nolerp
0C07AB60 T lookspring
0C07AB78 T lookstrafe
0C07AB90 T sensitivity
0C07ABA8 T m_pitch
0C07ABC0 T m_yaw
0C07ABD8 T m_forward
0C07ABF0 T m_side
0C08FCD4 T cl_efrags
0C0AD414 T cl_static_entities
0C0B3014 T cl_lightstyle
0C0B4514 T cl_temp_entities
0C0B7314 T cl_beams
0C01E624 T CL_AllocDlight
0C01E760 T CL_DecayLights
0C01E8E8 T CL_Init
0C01EE20 T CL_InitInput
0C022FEC T CL_InitTEnts
0C03066C T CL_PrintEntities_f
0C01ECC8 T CL_Disconnect_f
0C020F2C T CL_Record_f
0C020E68 T CL_Stop_f
0C021168 T CL_PlayDemo_f
0C02131C T CL_TimeDemo_f
0C01EAF4 T CL_EstablishConnection
0C01EBA8 T CL_Disconnect
0C02ED00 T Host_Error
0C020AD4 T CL_StopPlayback
0C02F240 T Host_ShutdownServer
0C01ED04 T CL_NextDemo
0C0B7674 T cl_numvisedicts
0C0B7678 T cl_visedicts
0C0B7A78 T in_mlook
0C0B7A84 T in_klook
0C0B7A90 T in_strafe
0C0B7A9C T in_speed
0C02FCC8 T IN_UpDown
0C02FCF4 T IN_UpUp
0C02FD20 T IN_DownDown
0C02FD4C T IN_DownUp
0C02FD78 T IN_LeftDown
0C02FDA4 T IN_LeftUp
0C02FDD0 T IN_RightDown
0C02FDFC T IN_RightUp
0C02FE28 T IN_ForwardDown
0C02FE54 T IN_ForwardUp
0C02FE80 T IN_BackDown
0C02FEAC T IN_BackUp
0C02FED8 T IN_LookupDown
0C02FF04 T IN_LookupUp
0C02FF30 T IN_LookdownDown
0C02FF5C T IN_LookdownUp
0C030090 T IN_StrafeDown
0C0300BC T IN_StrafeUp
0C02FF88 T IN_MoveleftDown
0C02FFB4 T IN_MoveleftUp
0C02FFE0 T IN_MoverightDown
0C03000C T IN_MoverightUp
0C030038 T IN_SpeedDown
0C030064 T IN_SpeedUp
0C0300E8 T IN_AttackDown
0C030114 T IN_AttackUp
0C030140 T IN_UseDown
0C03016C T IN_UseUp
0C030198 T IN_JumpDown
0C0301C4 T IN_JumpUp
0C0301F0 T IN_Impulse
0C02FBC8 T IN_KLookDown
0C02FBF4 T IN_KLookUp
0C02FC20 T IN_MLookDown
0C02FC4C T IN_MLookUp
0C01F148 T CL_SendCmd
0C020568 T CL_BaseMove
0C02BB18 T IN_Move
0C01F284 T CL_SendMove
0C0BBC58 T in_attack
0C0BBC4C T in_jump
0C0BBC7C T in_impulse
0C01F4C4 T CL_ParseTEnt
0C0BBCC8 T cl_sfx_wizhit
0C0BBCCC T cl_sfx_knighthit
0C0BBCD0 T cl_sfx_tink1
0C0BBCD4 T cl_sfx_ric1
0C0BBCD8 T cl_sfx_ric2
0C0BBCDC T cl_sfx_ric3
0C0BBCE0 T cl_sfx_r_exp3
0C0295DC T Mod_ForName
0C032DA0 T CL_ParseBeam
0C01FDE4 T CL_UpdateTEnts
0C0BBCC4 T num_temp_entities
0C03308C T CL_NewTempEntity
0C0202EC T CL_ClearState
0C02E3F4 T Host_ClearMemory
0C020418 T CL_ReadFromServer
0C0BBBB8 T host_frametime
0C020B4C T CL_GetMessage
0C0213A4 T CL_ParseServerMessage
0C030AD0 T CL_RelinkEntities
0C030228 T CL_AdjustAngles
0C0BBBEC T in_right
0C0208B0 T CL_KeyState
0C0BBBE0 T in_left
0C0BBC34 T in_moveright
0C0BBC28 T in_moveleft
0C0BBC64 T in_up
0C0BBC70 T in_down
0C0BBBF8 T in_forward
0C0BBC04 T in_back
0C020A30 T Key_KeynumToString
0C0CAC1C T tinystr
0C07D628 T keynames
0C02F810 T CL_FinishTimeDemo
0C0BBBCC T host_framecount
0C02F908 T CL_WriteDemoMessage
0C031ED4 T CL_ParseUpdate
0C07AD68 T svc_strings
0C0326A0 T CL_ParseClientdata
0C02EE38 T Host_EndGame
0C022ADC T V_ParseDamage
0C031AC8 T CL_ParseServerInfo
0C031708 T CL_ParseStartSoundPacket
0C021DCC T CL_NewTranslation
0C031638 T CL_EntityNum
0C0325C4 T CL_ParseBaseline
0C032BA0 T CL_ParseStatic
0C02E3C4 T CDAudio_Pause
0C02E3D4 T CDAudio_Resume
0C02308C T CL_SignonReply
0C032CE0 T CL_ParseStaticSound
0C02E3B0 T CDAudio_Play
0C021FFC T V_StartPitchDrift
0C07EF84 T v_centerspeed
0C0220CC T V_StopPitchDrift
0C0BBA8C T con_forcedup
0C06E108 T V_CalcIntermissionRefdef
0C06E1FC T V_CalcRefdef
0C07ED44 T lcd_yaw
0C1186A8 T right
0C07EF0C T crosshair
0C07EF3C T cl_crossy
0C07EF24 T cl_crossx
0C06D25C T V_CalcPowerupCshift
0C06D0D0 T V_CheckGamma
0C0BBBC0 T host_basepal
0C0BBA98 T gammatable
0C06D428 T VID_ShiftPaletteVec
0C07EE34 T v_kickroll
0C118694 T v_dmg_roll
0C07EE4C T v_kickpitch
0C07EE1C T v_kicktime
0C118698 T v_dmg_pitch
0C118690 T v_dmg_time
0C022EFC T V_SetContentsColor
0C07EF9C T cshift_empty
0C07EFBC T cshift_lava
0C07EFAC T cshift_slime
0C07B398 T cshift_water
0C0B7AA8 T progs
0C0B7AAC T pr_functions
0C0B7AB0 T pr_strings
0C0B7AB4 T pr_globaldefs
0C0B7AB8 T pr_fielddefs
0C0B7ABC T pr_statements
0C0B7AC0 T pr_global_struct
0C0B7AC4 T pr_globals
0C0B7AC8 T pr_edict_size
0C02329C T PR_Init
0C059A28 T ED_PrintEdict_f
0C025C5C T ED_PrintEdicts
0C059A94 T ED_Count
0C024C08 T PR_Profile_f
0C07E008 T nomonsters
0C07E020 T gamecfg
0C07E038 T scratch1
0C07E050 T scratch2
0C07E068 T scratch3
0C07E080 T scratch4
0C07E098 T savedgamecfg
0C07E0B0 T saved1
0C07E0C8 T saved2
0C07E0E0 T saved3
0C07E0F8 T saved4
0C0233CC T PR_ExecuteProgram
0C024FC8 T ED_Print
0C0E4990 T pr_depth
0C0B7AD0 T pr_trace
0C059E7C T PR_EnterFunction
0C025B94 T PR_RunError
0C0B7AD4 T pr_xfunction
0C0B7AD8 T pr_xstatement
0C059BB8 T PR_PrintStatement
0C0B7ACC T pr_argc
0C07AC2C T pr_numbuiltins
0C07AC28 T pr_builtins
0C059FE0 T PR_LeaveFunction
0C024540 T PR_LoadProgs
0C07E110 T TU00000000/gefvCache
0C0B7ADC T pr_crc
0C02E31C T CRC_Init
0C02E340 T CRC_ProcessByte
0C024CB4 T ED_Alloc
0C025A84 T EDICT_NUM
0C059094 T ED_ClearEdict
0C024DD0 T ED_Free
0C02BBA8 T SV_UnlinkEdict
0C024F00 T ED_NewString
0C025B0C T NUM_FOR_EDICT
0C07AC08 T type_size
0C0592E8 T PR_ValueString
0C025174 T ED_Write
0C0595F0 T PR_UglyValueString
0C0252F4 T ED_ParseEdict
0C05915C T ED_FindField
0C058E18 T ED_ParseEpair
0C025574 T ED_WriteGlobals
0C025694 T ED_ParseGlobals
0C0591E0 T ED_FindGlobal
0C0257B8 T ED_LoadFromFile
0C07AC60 T deathmatch
0C0BBBD8 T current_skill
0C059264 T ED_FindFunction
0C07DECC T pr_builtin
0C059DA4 T PR_StackTrace
0C025CB8 T ED_PrintNum
0C025CEC T GetEdictFieldValue
0C07E198 T rep
0C07AC30 T teamplay
0C07AC48 T skill
0C07AC78 T coop
0C07AC90 T fraglimit
0C07ACA8 T timelimit
0C0BB0F0 T host_abortserver
0C0BB178 T sv_player
0C025DF8 T SV_Init
0C07EC84 T sv_maxvelocity
0C07EBCC T sv_gravity
0C07ECB4 T sv_friction
0C07ECCC T sv_edgefriction
0C07ECE4 T sv_stopspeed
0C07ECFC T sv_maxspeed
0C07ED14 T sv_accelerate
0C07ED2C T sv_idealpitchscale
0C07DEB4 T sv_aim
0C07EC9C T sv_nostep
0C117CE4 T localmodels
0C025F30 T SV_StartParticle
0C0260A0 T SV_StartSound
0C026408 T SV_DropClient
0C026670 T SV_SendClientMessages
0C066528 T SV_UpdateToReliableMessages
0C0663BC T SV_SendClientDatagram
0C066718 T SV_SendNop
0C06631C T SV_CleanupEnts
0C0268BC T SV_ClearDatagram
0C0268EC T SV_ModelIndex
0C0269C8 T SV_SetIdealPitch
0C02C1C0 T SV_Move
0C026E40 T SV_ClientThink
0C11862C T velocity
0C118630 T onground
0C118628 T origin
0C06B544 T DropPunchAngle
0C118624 T angles
0C118634 T cmd
0C02D9E8 T V_CalcRoll
0C06B9C4 T SV_WaterJump
0C06B634 T SV_WaterMove
0C06BADC T SV_AirMove
0C027100 T SV_ClientPrintf
0C0272BC T SV_Physics
0C02BC04 T SV_LinkEdict
0C069F5C T SV_Physics_Client
0C068BC4 T SV_Physics_Pusher
0C06A28C T SV_Physics_None
0C06A2AC T SV_Physics_Noclip
0C06A4F0 T SV_Physics_Step
0C066B40 T SV_Physics_Toss
0C0275E8 T SV_CheckBottom
0C02C0A8 T SV_PointContents
0C1185E8 T c_yes
0C1185EC T c_no
0C027AD8 T SV_movestep
0C0282A8 T SV_WriteClientdataToMessage
0C028B4C T SV_MoveToGoal
0C06AE9C T SV_CloseEnough
0C06A658 T SV_StepDirection
0C06A8F0 T SV_NewChaseDir
0C028C9C T SV_CheckForNewClients
0C065714 T SV_ConnectClient
0C028D68 T SV_RunClients
0C06BF74 T SV_ReadClientMessage
0C028E7C T SV_SaveSpawnparms
0C028F88 T SV_SpawnServer
0C066A9C T SV_SendReconnect
0C02BB2C T SV_ClearWorld
0C0667C8 T SV_CreateBaseline
0C065448 T SV_SendServerinfo
0C029540 T Mod_Init
0C0CB1A4 T mod_novis
0C029568 T Mod_ClearAll
0C0CB5A4 T mod_known
0C0E3DA4 T mod_numknown
0C050BD8 T Mod_FindName
0C050964 T Mod_LoadModel
0C02961C T Mod_Extradata
0C0296AC T Mod_TouchModel
0C029700 T Mod_PointInLeaf
0C029848 T Mod_LeafPVS
0C050AF4 T Mod_DecompressVis
0C0BB17C T d_spanpixcount
0C07ACDC T r_drawpolys
0C0BB180 T r_drawculledpolys
0C0BB184 T r_worldpolysbacktofront
0C07ACE0 T r_recursiveaffinetriangles
0C0BB188 T r_dowarp
0C0BB18C T r_affinetridesc
0C0BB1B0 T r_spritedesc
0C0BB1E4 T r_polydesc
0C0BB1F4 T r_pright
0C0BB200 T r_pup
0C0BB20C T r_ppn
0C029918 T D_PolysetDraw
0C07B3A8 T edgetables
0C0C93BC T a_spans
0C0C9334 T r_p0
0C0C9364 T r_p2
0C040858 T D_DrawSubdiv
0C040B14 T D_DrawNonSubdiv
0C029A58 T D_PolysetDrawFinalVerts
0C0C5048 T zspantable
0C0C9434 T skintable
0C042020 T VID_ColorMap16
0C0C4024 T d_scantable
0C0C5044 T d_viewbuffer
0C0BB220 T acolormap
0C029C0C T D_DrawParticle
0C039358 T D_DrawParticle16
0C0C5030 T d_vrectbottom_particle
0C0C502C T d_vrectright_particle
0C0C5028 T d_vrecty
0C0C5024 T d_vrectx
0C0C4020 T d_zwidth
0C0C5040 T d_pix_shift
0C0C5038 T d_pix_min
0C0C503C T d_pix_max
0C0C5034 T d_y_aspect_shift
0C0C0F48 T screenwidth
0C02A388 T D_DrawPoly
0C02A398 T D_DrawSprite
0C0C9BF4 T TU00000000/sprite_spans
0C0C9BEC T TU00000000/maxindex
0C0C9BF0 T TU00000000/numpindex
0C0C9BE8 T TU00000000/minindex
0C0C0F40 T cachewidth
0C0C0F44 T cacheblock
0C0C9BE4 T TU00000000/sprite_height
0C043820 T D_SpriteCalculateGradients
0C0432BC T D_SpriteScanLeftEdge
0C0434C8 T D_SpriteScanRightEdge
0C037114 T D_SpriteDrawSpans
0C02A5EC T D_DrawSurfaces
0C0C3B78 T currententity
0C0C3B88 T modelorg
0C0C6060 T transformed_modelorg
0C035B58 T TransformVector
0C0C3FEC T d_zistepu
0C0C3FF8 T d_zistepv
0C0C4004 T d_ziorigin
0C038710 T D_DrawSolidSurface
0C0369BC T D_DrawZSpans
0C0C0F50 T r_drawnpolycount
0C0C3FC0 T r_skymade
0C035CE8 T R_MakeSky
0C0379F4 T D_DrawSkyScans16
0C0377CC T D_DrawSkyScans8
0C0C605C T TU00000000/miplevel
0C037FA4 T R_RotateBmodel
0C038858 T D_CalcGradients
0C038C78 T Turbulent16
0C036B7C T Turbulent8
0C0C3B60 T base_vpn
0C0C3B54 T base_vup
0C0C3B6C T base_vright
0C0C3B94 T base_modelorg
0C03835C T R_TransformFrustum
0C0C3FD4 T scale_for_mip
0C037EFC T D_MipLevelForScale
0C037C18 T D_CacheSurface
0C0C6058 T d_drawspans
0C02AD30 T D_EndParticles
0C07B1C4 T d_subdiv16
0C0BB218 T r_skydirect
0C07B1DC T d_mipcap
0C07B1F4 T d_mipscale
0C0C6070 T d_softdiv_rcptab
0C0C401C T d_zrowbytes
0C039348 T D_Patch
0C02B0A4 T D_SetupFrame
0C0C6048 T d_minmip
0C0C3FE0 T d_initial_rover
0C0C3FD8 T d_roverwrapped
0C07B20C T TU00000000/basemip
0C0C604C T d_scalemip
0C035E64 T D_DrawSpans8
0C03640C T D_DrawSpans16
0C0C606C T d_aflatcolor
0C02B238 T D_StartParticles
0C02B248 T D_TurnZOn
0C02B258 T D_WarpScreen
0C042530 T D_WarpScreen16
0C0C2554 T intsintable
0C02B5F4 T D_PolysetUpdateTables
0C0C9BB4 T skinwidth
0C0C9BB8 T skinstart
0C0BB224 T r_drawsurf
0C02B6B0 T R_DrawSurface
0C061F00 T R_BuildLightMap
0C116868 T surfrowbytes
0C116880 T r_source
0C116844 T blocksize
0C11685C T blockdivmask
0C116878 T r_numhblocks
0C116858 T blockdivshift
0C116874 T r_lightwidth
0C11687C T r_numvblocks
0C07EB48 T surfmiptable
0C07EB58 T surfmiptable16
0C116848 T sourcetstep
0C116870 T r_stepback
0C116884 T r_sourcemax
0C116888 T blocklights
0C116864 T pbasesource
0C116860 T prowdestbase
0C11686C T r_lightptr
0C0BB250 T skyspeed
0C0BB254 T skyspeed2
0C0BB258 T skytime
0C0BB25C T c_surf
0C02B94C T IN_Init
0C02B96C T IN_Commands
0C02C3CC T Key_Event
0C06EB88 T SV_InitBoxHull
0C118794 T TU00000000/sv_areanodes
0C118B94 T TU00000000/sv_numareanodes
0C06F0DC T SV_CreateAreaNode
0C06F67C T SV_FindTouchedLeafs
0C06F334 T SV_TouchLinks
0C06EA08 T SV_HullPointContents
0C02C114 T SV_TestEntityPosition
0C06F81C T SV_ClipMoveToEntity
0C06FFC4 T SV_MoveBounds
0C06FAC0 T SV_ClipToLinks
0C0BB27C T keybindings
0C0BB67C T key_repeats
0C0CA81C T keydown
0C07D620 T shift_down
0C048A4C T Key_Message
0C02DC8C T M_Keydown
0C02E280 T M_ToggleMenu_f
0C0CA41C T keyshift
0C0C9C1C T consolekeys
0C0CA01C T menubound
0C048540 T Key_Console
0C02C850 T Key_Init
0C0BC900 T key_lines
0C0BE900 T key_linepos
0C048D20 T Key_Bind_f
0C048C38 T Key_Unbind_f
0C048CD4 T Key_Unbindall_f
0C02CA44 T Key_SetBinding
0C0BBA84 T con_totallines
0C0BBA88 T con_backscroll
0C0BBA94 T con_notifylines
0C02CB24 T Con_CheckResize
0C0BC8DC T con_linewidth
0C07AF84 T con_text
0C0BC8E0 T con_current
0C02CD40 T Con_Init
0C0BC8FC T con_debuglog
0C07AF88 T con_notifytime
0C02D6F4 T Con_ToggleConsole_f
0C0354A4 T Con_MessageMode_f
0C0354C8 T Con_MessageMode2_f
0C02D448 T Con_Clear_f
0C02CEB8 T Con_DrawConsole
0C0BC8F8 T con_vislines
0C0355D0 T Con_DrawInput
0C02D00C T Con_Print
0C0BC8E4 T con_x
0C0BE904 T cr
0C0354EC T Con_Linefeed
0C0BC8E8 T con_times
0C035574 T Con_DebugLog
0C0BED08 T inupdate
0C07AD34 T developer
0C02D480 T Con_DrawNotify
0C0BED0C T chat_buffer
0C07AF80 T con_cursorspeed
0C07AFA0 T edit_line
0C035444 T M_Menu_Main_f
0C07ACEC T v_gamma
0C02D7A4 T V_Init
0C06D14C T V_cshift_f
0C06D1E4 T V_BonusFlash_f
0C07EF6C T v_centermove
0C07EE64 T v_iyaw_cycle
0C07EE7C T v_iroll_cycle
0C07EE94 T v_ipitch_cycle
0C07EEAC T v_iyaw_level
0C07EEC4 T v_iroll_level
0C07EEDC T v_ipitch_level
0C07EEF4 T v_idlescale
0C07EF54 T gl_cshiftpercent
0C07ED5C T scr_ofsx
0C07ED74 T scr_ofsy
0C07ED8C T scr_ofsz
0C07EDA4 T cl_rollspeed
0C07EDBC T cl_rollangle
0C07EDD4 T cl_bob
0C07EDEC T cl_bobcycle
0C07EE04 T cl_bobup
0C06CF74 T BuildGammaTable
0C11869C T forward
0C1186B4 T up
0C02DB60 T M_Init
0C048E98 T M_Menu_SinglePlayer_f
0C048EC8 T M_Menu_Load_f
0C048F00 T M_Menu_Save_f
0C048F80 T M_Menu_MultiPlayer_f
0C048FB0 T M_Menu_Setup_f
0C049100 T M_Menu_Options_f
0C049130 T M_Menu_Keys_f
0C049160 T M_Menu_Video_f
0C049190 T M_Menu_Help_f
0C044B40 T M_Menu_Quit_f
0C0CAC20 T m_state
0C04BF80 T M_Main_Key
0C04C148 T M_SinglePlayer_Key
0C04C2E0 T M_Load_Key
0C04C438 T M_Save_Key
0C04C558 T M_MultiPlayer_Key
0C04C6F8 T M_Setup_Key
0C04CB54 T M_Net_Key
0C04CD64 T M_Options_Key
0C04CF5C T M_Keys_Key
0C04D1C8 T M_Video_Key
0C04D1F0 T M_Help_Key
0C04D2B4 T M_Quit_Key
0C04D370 T M_SerialConfig_Key
0C04D914 T M_ModemConfig_Key
0C04DC7C T M_LanConfig_Key
0C04DFF8 T M_GameOptions_Key
0C04E300 T M_Search_Key
0C04E314 T M_ServerList_Key
0C0CAC28 T m_recursiveDraw
0C0495B4 T M_Main_Draw
0C0496E4 T M_SinglePlayer_Draw
0C049814 T M_Load_Draw
0C049910 T M_Save_Draw
0C049A0C T M_MultiPlayer_Draw
0C049B84 T M_Setup_Draw
0C049E58 T M_Net_Draw
0C04A174 T M_Options_Draw
0C04A4C8 T M_Keys_Draw
0C04A718 T M_Video_Draw
0C04A73C T M_Help_Draw
0C04A78C T M_Quit_Draw
0C04A888 T M_SerialConfig_Draw
0C04AC70 T M_ModemConfig_Draw
0C04B004 T M_LanConfig_Draw
0C04B3B0 T M_GameOptions_Draw
0C04BB3C T M_Search_Draw
0C04BC98 T M_ServerList_Draw
0C0CAC24 T m_entersound
0C07AFA8 T TU00000000/crctable
0C02E398 T CDAudio_Init
0C02E3E4 T CDAudio_Update
0C0BBB98 T noclip_anglehack
0C07AD1C T sys_ticrate
0C0C9C0C T host_hunklevel
0C02E494 T Host_ServerFrame
0C02E544 T Host_InitCommands
0C044BD8 T Host_Status_f
0C02F134 T Host_Quit_f
0C044E30 T Host_God_f
0C044F20 T Host_Notarget_f
0C04512C T Host_Fly_f
0C045354 T Host_Map_f
0C045624 T Host_Restart_f
0C04556C T Host_Changelevel_f
0C0456EC T Host_Connect_f
0C0456BC T Host_Reconnect_f
0C0461A0 T Host_Name_f
0C045010 T Host_Noclip_f
0C0463B8 T Host_Version_f
0C04668C T Host_Say_f
0C0466A8 T Host_Say_Team_f
0C0466C4 T Host_Tell_f
0C046898 T Host_Color_f
0C046A88 T Host_Kill_f
0C046B68 T Host_Pause_f
0C046D7C T Host_Spawn_f
0C047400 T Host_Begin_f
0C046C9C T Host_PreSpawn_f
0C04744C T Host_Kick_f
0C045230 T Host_Ping_f
0C045C70 T Host_Loadgame_f
0C045874 T Host_Savegame_f
0C04782C T Host_Give_f
0C048348 T Host_Startdemos_f
0C048484 T Host_Demos_f
0C0484E8 T Host_Stopdemo_f
0C047F8C T Host_Viewmodel_f
0C048048 T Host_Viewframe_f
0C048174 T Host_Viewnext_f
0C04826C T Host_Viewprev_f
0C044A78 T Mod_Print
0C0BBBDC T minimum_memory
0C02F4D8 T Chase_Init
0C0447E8 T Host_InitVCR
0C0441B4 T Host_InitLocal
0C0C9C04 T oldrealtime
0C07D600 T inerror
0C07D588 T serverprofile
0C044474 T _Host_Frame
0C0C9C10 T timetotal
0C0C9C18 T timecount
0C02F1A0 T Host_ClientCommands
0C07AD50 T chase_active
0C07ADF4 T chase_back
0C07AE0C T chase_up
0C07AE24 T chase_right
0C02F53C T Chase_Update
0C0BBCE4 T chase_dest
0C033144 T TraceLine
0C0BBC10 T in_lookup
0C0BBC1C T in_lookdown
0C0BBC40 T in_use
0C02FA00 T KeyDown
0C02FADC T KeyUp
0C0307E8 T SetPal
0C0307FC T CL_LerpPoint
0C0318B8 T CL_KeepaliveMessage
0C0BBC80 T lastmsg
0C0BBC84 T bitcounts
0C0331F0 T SV_RecursiveHullCheck
0C033DB0 T CopyString
0C0BBF3C T com_modified
0C0BBF40 T proghack
0C07AE7C T static_registered
0C0BC84C T com_cachedir
0C0352F4 T COM_AddGameDirectory
0C0345F4 T COM_FileExtension
0C034F3C T COM_LoadPackFile
0C07AE80 T pop
0C0BC844 T exten
0C034878 T COM_CreatePath
0C0348D0 T COM_CopyFile
0C0CAE54 T m_save_demonum
0C07AFA4 T team_message
0C0BE908 T data
0C035B1C T VID_Blend66_16
0C0C0F54 T sintable
0C0C3BC0 T d_lightstylevalue
0C07EB40 T xlast
0C07EB44 T ylast
0C0C3FC4 T ubasestep
0C0C3FC8 T errorterm
0C0C3FCC T erroradjustup
0C0C3FD0 T erroradjustdown
0C0C3FE4 T d_sdivzstepu
0C0C3FE8 T d_tdivzstepu
0C0C3FF0 T d_sdivzstepv
0C0C3FF4 T d_tdivzstepv
0C0C3FFC T d_sdivzorigin
0C0C4000 T d_tdivzorigin
0C0C4008 T sadjust
0C0C400C T tadjust
0C0C4010 T bbextents
0C0C4014 T bbextentt
0C039218 T D_SoftDiv
0C0C9BDC T r_turb_turb
0C0C9BD8 T r_turb_tstep
0C0C9BD4 T r_turb_sstep
0C0C9BBC T r_turb_pbase
0C0C9BC0 T r_turb_pdest
0C0C9BCC T r_turb_s
0C0C9BD0 T r_turb_t
0C0C9BE0 T r_turb_spancount
0C04244C T D_DrawTurbulent8Span
0C042C34 T D_SpriteDrawSpans16
0C042994 T D_Sky_uv_To_st
0C03B780 T R_TextureAnimation
0C0C9BF8 T surfscale
0C043D20 T D_SCAlloc
0C0C716C T entity_rotation
0C05C65C T R_EntityRotate
0C038620 T D_DrawSolidSurface16
0C0C9BC4 T r_turb_pbase16
0C0C9BC8 T r_turb_pdest16
0C0428A4 T D_DrawTurbulent16Span
0C039A44 T R_RenderWorld
0C0C719C T pbtofpolys
0C0C9254 T r_pcurrentvertbase
0C05D020 T R_RecursiveWorldNode
0C0C7198 T numbtofpolys
0C03A7F0 T R_RenderPoly
0C0C7120 T r_entorigin
0C0C713C T r_visframecount
0C0C7140 T insubmodel
0C0C7144 T r_worldmodelorg
0C039B5C T R_DrawSprite
0C0611A8 T R_GetSpriteframe
0C11683C T TU00000000/sprite_width
0C0606D8 T R_RotateSprite
0C060C08 T R_SetupAndDrawSprite
0C03A080 T R_RenderFace
0C0C924C T r_outofsurfaces
0C0C71C4 T edge_p
0C0C71C8 T edge_max
0C0C9250 T r_outofedges
0C0C7150 T c_faceclip
0C0E6D00 T TU00000000/makeleftedge
0C0E6D3C T r_emitted
0C0E6D54 T r_lastvertvalid
0C0E6D40 T r_nearzi
0C0E6D08 T r_nearzionly
0C0E6D04 T TU00000000/makerightedge
0C0E6CF4 T r_pedge
0C0C71C0 T r_edges
0C05DEFC T R_EmitCachedEdge
0C0E6CF8 T r_leftclipped
0C0E6CFC T r_rightclipped
0C0E6CF0 T cacheoffset
0C03FABC T R_ClipEdge
0C0E6D0C T r_leftenter
0C0E6D18 T r_leftexit
0C0E6D24 T r_rightenter
0C0E6D30 T r_rightexit
0C0C7154 T r_polycount
0C0C7190 T r_currentkey
0C03B224 T R_RenderBmodelFace
0C0C9328 T r_clipflags
0C0C7194 T r_currentbkey
0C03B644 T R_SetSkyFrame
0C07EB38 T iskyspeed
0C07EB3C T iskyspeed2
0C03B89C T R_DrawSubmodelPolygons
0C03BA1C T R_DrawSolidClippedSubmodelPolygons
0C0E6CE0 T TU00000000/numbedges
0C0E6CD8 T TU00000000/pbedges
0C0E6CDC T TU00000000/numbverts
0C0E6CD4 T TU00000000/pbverts
0C05C814 T R_RecursiveClipBPoly
0C03BD64 T R_AliasDrawModel
0C0C71B4 T r_amodels_drawn
0C0C71B0 T pauxverts
0C0C71AC T pfinalverts
0C0C71A8 T pmdl
0C0C71A4 T paliashdr
0C05C06C T R_AliasSetupSkin
0C05B4D4 T R_AliasSetUpTransform
0C05C24C T R_AliasSetupLighting
0C05C47C T R_AliasSetupFrame
0C0E6C10 T TU00000000/ziscale
0C05BFB4 T R_AliasPrepareUnclippedPoints
0C05BD2C T R_AliasPreparePoints
0C03BFC0 T R_BeginEdgeFrame
0C05E224 T R_GenerateSpansBackward
0C0E6D74 T pdrawfunc
0C05E10C T R_GenerateSpans
0C0C81CC T removeedges
0C0C71CC T newedges
0C03C104 T R_ScanEdges
0C0E6D64 T max_span_p
0C0C91CC T edge_head
0C0E6D60 T span_p
0C0C91EC T edge_tail
0C0E6D6C T edge_head_u_shift20
0C0C920C T edge_aftertail
0C0E6D78 T edge_sentinel
0C0E6D70 T edge_tail_u_shift20
0C0E6D98 T r_edge_fv
0C0E6D68 T current_iv
0C03C468 T R_InsertNewEdges
0C05E9CC T R_DrawCulledPolys
0C03C76C T R_RemoveEdges
0C03C530 T R_StepActiveU
0C0C7158 T r_wholepolycount
0C0C715C T pfrustum_indexes
0C03C950 T R_ZDrawSubmodelPolys
0C0C71A0 T a_skinwidth
0C03CAC4 T R_AliasCheckBBox
0C0E6C14 T TU00000000/pmodel
0C05B86C T R_AliasTransformVector
0C07E2A4 T TU00000000/aedges
0C03D254 T R_DrawParticles
0C07EB88 T ramp2
0C116DA4 T r_numparticles
0C116DA0 T particles
0C0C922C T r_bmodelactive
0C03DD2C T R_AliasClipTriangle
0C0E6998 T TU00000000/fv
0C0E6B98 T TU00000000/av
0C05AA08 T R_Alias_clip_z
0C05AF54 T R_AliasClip
0C05A5D4 T R_Alias_clip_left
0C05A7F4 T R_Alias_clip_right
0C05A3C0 T R_Alias_clip_bottom
0C05A1A0 T R_Alias_clip_top
0C0C9258 T r_time1
0C0C925C T dp_time1
0C0C9260 T dp_time2
0C0C9264 T db_time1
0C0C9268 T db_time2
0C0C926C T rw_time1
0C0C9270 T rw_time2
0C0C9274 T se_time1
0C0C9278 T se_time2
0C0C927C T de_time1
0C0C9280 T de_time2
0C0C9284 T dv_time1
0C0C9288 T dv_time2
0C0C928C T r_frustum_indexes
0C0C9308 T r_oldviewleaf
0C03E37C T R_StoreEfrags
0C03E60C T R_TimeGraph
0C0E6DA4 T r_timings
0C0E6DA0 T timex
0C05EBEC T R_LineGraph
0C03E77C T R_PrintAliasStats
0C03E7A4 T R_PrintTimes
0C03E858 T R_PrintDSpeeds
0C03E9F8 T R_AnimateLight
0C03EAF4 T R_LightPoint
0C05D7D4 T RecursiveLightPoint
0C03EBC4 T R_SetupFrame
0C05EB98 T R_CheckVariables
0C05ECF8 T R_SetUpFrustumIndexes
0C03F22C T R_EmitEdge
0C0E6D44 T r_u1
0C0E6D48 T r_v1
0C0E6D4C T r_lzi1
0C0E6D50 T r_ceilv1
0C040028 T R_SplitEntityOnNode2
0C0C934C T r_p1
0C0C937C T d_pcolormap
0C0C9380 T d_xdenom
0C0C9384 T pedgetable
0C0C9388 T a_sstepxfrac
0C0C938C T a_tstepxfrac
0C0C9390 T r_lstepx
0C0C9394 T a_ststepxwhole
0C0C9398 T r_sstepx
0C0C939C T r_tstepx
0C0C93A0 T r_lstepy
0C0C93A4 T r_sstepy
0C0C93A8 T r_tstepy
0C0C93AC T r_zistepx
0C0C93B0 T r_zistepy
0C0C93B4 T d_aspancount
0C0C93B8 T d_countextrastep
0C0C93C0 T d_pedgespanpackage
0C0C93C4 T TU00000000/ystart
0C0C93C8 T d_pdest
0C0C93CC T d_ptex
0C0C93D0 T d_pdest16
0C0C93D4 T d_ptex16
0C0C93D8 T d_iptex
0C0C93DC T d_iptex16
0C0C93E0 T d_pz
0C0C93E4 T d_sfrac
0C0C93E8 T d_tfrac
0C0C93EC T d_light
0C0C93F0 T d_zi
0C0C93F4 T d_ptexextrastep
0C0C93F8 T d_sfracextrastep
0C0C93FC T d_tfracextrastep
0C0C9400 T d_lightextrastep
0C0C9404 T d_pdestextrastep
0C0C9408 T d_lightbasestep
0C0C940C T d_pdestbasestep
0C0C9410 T d_ptexbasestep
0C0C9414 T d_sfracbasestep
0C0C9418 T d_tfracbasestep
0C0C941C T d_ziextrastep
0C0C9420 T d_zibasestep
0C0C9424 T d_pzextrastep
0C0C9428 T d_pzbasestep
0C0C942C T d_ptex_base
0C0C9430 T d_ptex_limit
0C07B558 T TU00000000/adivtab
0C040304 T D_PolysetDrawSpans8
0C0404B0 T D_PolysetCalcGradients
0C040D24 T D_PolysetRecursiveTriangle
0C041008 T D_PolysetSetEdgeTable
0C0411AC T D_RasterizeAliasPolySmooth
0C04217C T D_PolysetSetUpForLineScan
0C041CC0 T D_PolysetScanLeftEdge
0C04228C T D_PolysetDrawSpans16
0C043C54 T D_CheckCacheGuard
0C07D558 T host_framerate
0C07D570 T host_speeds
0C07D5A0 T samelevel
0C07D5B8 T noexit
0C07D5D0 T pausable
0C07D5E8 T temp1
0C043FC4 T Host_FindMaxClients
0C044300 T Host_FilterTime
0C044438 T Host_GetConsoleCommands
0C07D604 T time1
0C07D60C T time2
0C07D614 T time3
0C0CB0C8 T wasInMenus
0C0CB0C4 T m_quit_prevstate
0C0CB0C0 T msgNumber
0C045774 T Host_SavegameComment
0C0463FC T Host_Say
0C047EE8 T FindViewthing
0C048104 T PrintFrameName
0C07D624 T history_line
0C07D878 T chat_bufferlen
0C048BA0 T Key_StringToKeynum
0C04EA4C T M_ScanSaves
0C0CB088 T setup_myname
0C0CB078 T setup_hostname
0C0CB0A0 T setup_top
0C0CB098 T setup_oldtop
0C0CB0A4 T setup_bottom
0C0CB09C T setup_oldbottom
0C04907C T M_Menu_Net_f
0C0CB0AC T m_net_items
0C0CB0A8 T m_net_cursor
0C0CB0BC T help_page
0C0491C8 T M_Menu_SerialConfig_f
0C0CB074 T m_multiplayer_cursor
0C0CB0CC T serialConfig_cursor
0C0CB0D4 T serialConfig_irq
0C07D9FC T TU00000000/ISA_uarts
0C0CB0D0 T serialConfig_comport
0C07DA1C T serialConfig_baudrate
0C0CAC34 T m_return_reason
0C0CAC30 T m_return_onerror
0C0CB0D8 T serialConfig_baud
0C049310 T M_Menu_ModemConfig_f
0C0CB0F0 T modemConfig_dialing
0C0CB0F4 T modemConfig_clear
0C0CB104 T modemConfig_init
0C0CB124 T modemConfig_hangup
0C049374 T M_Menu_LanConfig_f
0C07DA48 T lanConfig_cursor
0C0CB134 T lanConfig_port
0C0CB138 T lanConfig_portname
0C049470 T M_Menu_GameOptions_f
0C0CB160 T maxplayers
0C0494E8 T M_Menu_Search_f
0C07DD94 T searchComplete
0C049540 T M_Menu_ServerList_f
0C0CB178 T slist_cursor
0C0CB17C T slist_sorted
0C04E648 T M_DrawTransPic
0C04E698 T M_DrawPic
0C0CAE58 T m_main_cursor
0C0CAE5C T m_singleplayer_cursor
0C0CAE64 T m_filenames
0C04E594 T M_Print
0C0CAE60 T load_cursor
0C04E544 T M_DrawCharacter
0C04E5F4 T M_PrintWhite
0C04E860 T M_DrawTextBox
0C04E6E8 T M_BuildTranslationTable
0C04E80C T M_DrawTransPicTranslate
0C07D880 T setup_cursor_table
0C07D87C T setup_cursor
0C07D894 T net_helpMessage
0C04F10C T M_DrawSlider
0C04F21C T M_DrawCheckbox
0C0CB0B0 T options_cursor
0C0CB0B8 T bind_grab
0C07D8D4 T bindnames
0C04F26C T M_FindKeysForCommand
0C0CB0B4 T keys_cursor
0C07D964 T quitMessage
0C07D9E4 T serialConfig_cursor_table
0C0CB0DC T serialConfig_phone
0C07DA34 T modemConfig_cursor_table
0C0CB0EC T modemConfig_cursor
0C07DA4C T lanConfig_cursor_table
0C0CB140 T lanConfig_joinname
0C07DCF4 T hipnoticepisodes
0C0CB158 T startepisode
0C07DD3C T rogueepisodes
0C07DCA0 T episodes
0C0CB15C T startlevel
0C07DB88 T hipnoticlevels
0C07DC18 T roguelevels
0C07DA58 T levels
0C07DD70 T gameoptions_cursor_table
0C0CB16C T gameoptions_cursor
0C07DD6C T m_serverInfoMessage
0C0CB164 T m_serverInfoMessageTime
0C0CB170 T searchCompleteTime
0C0CB044 T loadable
0C04EBA0 T M_AdjustSliders
0C04F304 T M_UnbindCommand
0C07DA0C T TU00000000/ISA_IRQs
0C04E4B0 T M_ConfigureNetSubsystem
0C0CAC2C T m_return_state
0C04F384 T M_NetStart_Change
0C0CAC54 T identityTable
0C0CAD54 T translationTable
0C0CB180 T loadmodel
0C0CB184 T loadname
0C04F8FC T Mod_LoadSpriteModel
0C0534D4 T Mod_LoadSpriteFrame
0C0536AC T Mod_LoadSpriteGroup
0C04FB60 T Mod_LoadBrushModel
0C0E41A8 T mod_base
0C051580 T Mod_LoadVertexes
0C0518A0 T Mod_LoadEdges
0C052BC8 T Mod_LoadSurfedges
0C050D40 T Mod_LoadTextures
0C0513B8 T Mod_LoadLighting
0C052C90 T Mod_LoadPlanes
0C051998 T Mod_LoadTexinfo
0C051FBC T Mod_LoadFaces
0C052AB0 T Mod_LoadMarksurfaces
0C051450 T Mod_LoadVisibility
0C0524CC T Mod_LoadLeafs
0C052294 T Mod_LoadNodes
0C0526E0 T Mod_LoadClipnodes
0C0514E8 T Mod_LoadEntities
0C0516D8 T Mod_LoadSubmodels
0C0528D8 T Mod_MakeHull0
0C052E08 T RadiusFromBounds
0C04FFBC T Mod_LoadAliasModel
0C053294 T Mod_LoadAliasSkin
0C053384 T Mod_LoadAliasSkinGroup
0C052F6C T Mod_LoadAliasFrame
0C0530C4 T Mod_LoadAliasGroup
0C0E3DA8 T decompressed
0C051C2C T CalcSurfaceExtents
0C052228 T Mod_SetParent
0C07DD98 T localconnectpending
0C07DD9C T loop_client
0C07DDA0 T loop_server
0C053F0C T IntAlign
0C054004 T VCR_SearchForHosts
0C054018 T VCR_Connect
0C054038 T VCR_CheckNewConnections
0C05412C T VCR_GetMessage
0C054258 T VCR_SendMessage
0C054338 T VCR_CanSendMessage
0C054414 T VCR_Close
0C054428 T VCR_Shutdown
0C0E41F8 T next
0C054BA4 T VCR_ReadNext
0C0E41B4 T TU00000000/slistLastShown
0C054438 T Slist_Send
0C05456C T Slist_Poll
0C054C38 T PF_VarString
0C0E4208 T out
0C054CC4 T PF_error
0C054D68 T PF_objerror
0C054E14 T PF_makevectors
0C054E7C T PF_setorigin
0C054F20 T SetMinMaxSize
0C05549C T PF_setsize
0C05551C T PR_CheckBadString
0C055574 T PF_setmodel
0C0556E0 T PF_bprint
0C055718 T PF_sprint
0C0557F4 T PF_centerprint
0C0558D0 T PF_normalize
0C055A48 T PF_vlen
0C055AFC T PF_vectoyaw
0C055C4C T PF_vectoangles
0C055ED4 T PF_random
0C055F4C T PF_particle
0C055FD8 T PF_ambientsound
0C056184 T PF_sound
0C0562EC T PF_break
0C05631C T PF_traceline
0C0E4308 T checkpvs
0C056508 T PF_newcheckclient
0C0E4708 T c_invis
0C0E470C T c_notvis
0C0566EC T PF_checkclient
0C0569B0 T PF_stuffcmd
0C056AA8 T PF_localcmd
0C056B08 T PF_cvar
0C056B84 T PF_cvar_set
0C056C0C T PF_findradius
0C056E08 T PF_dprint
0C0E4710 T pr_string_temp
0C056E40 T PF_ftos
0C056F14 T PF_fabs
0C056F80 T PF_vtos
0C057050 T PF_Spawn
0C0570A8 T PF_Remove
0C057108 T PF_Find
0C057274 T PR_CheckEmptyString
0C0572A4 T PF_precache_file
0C0572E8 T PF_precache_sound
0C05740C T PF_precache_model
0C057548 T PF_coredump
0C057564 T PF_traceon
0C057580 T PF_traceoff
0C05759C T PF_eprint
0C057608 T PF_walkmove
0C0577E0 T PF_droptofloor
0C0579C0 T PF_lightstyle
0C057AC4 T PF_rint
0C057B6C T PF_floor
0C057BD4 T PF_ceil
0C057C3C T PF_checkbottom
0C057CB4 T PF_pointcontents
0C057D10 T PF_nextent
0C057DE0 T PF_aim
0C0584D8 T PF_changeyaw
0C05865C T WriteDest
0C0587A4 T PF_WriteByte
0C0587FC T PF_WriteChar
0C058854 T PF_WriteShort
0C0588AC T PF_WriteLong
0C058904 T PF_WriteAngle
0C058950 T PF_WriteCoord
0C05899C T PF_WriteString
0C058A0C T PF_WriteEntity
0C058A88 T PF_makestatic
0C058C10 T PF_setspawnparms
0C058CEC T PF_changelevel
0C058D84 T PF_Fixme
0C058DA4 T ED_FieldAtOfs
0C0590E8 T ED_GlobalAtOfs
0C0E4790 T line
0C059860 T PR_GlobalString
0C05995C T PR_GlobalStringNoContents
0C0E4890 T pr_stack
0C0E4994 T localstack
0C0E6994 T localstack_used
0C07E19C T pr_opnames
0C05A0C0 T R_AliasProjectFinalVert
0C0E6BF8 T r_apverts
0C0E6BFC T r_plightvec
0C0E6C08 T r_ambientlight
0C0E6C0C T r_shadelight
0C0E6C18 T TU00000000/alias_forward
0C0E6C24 T TU00000000/alias_right
0C0E6C30 T TU00000000/alias_up
0C0E6C3C T TU00000000/pskindesc
0C0E6C40 T r_anumverts
0C0E6C44 T aliastransform
0C05B190 T R_AliasTransformAndProjectFinalVerts
0C0E6C74 T tmatrix
0C0E6CA4 T viewmatrix
0C05BA54 T R_AliasTransformFinalVert
0C0E6CE4 T TU00000000/pfrontenter
0C0E6CE8 T TU00000000/pfrontexit
0C0E6CEC T TU00000000/makeclippededge
0C05E8F4 T R_TrailingEdge
0C05E30C T R_LeadingEdge
0C05EAFC T R_CleanupSpan
0C05E7E8 T R_LeadingEdgeBackwards
0C0E6D9C T oldbright
0C0E6E08 T viewlightvec
0C07EA9C T r_viewlighting
0C05EDA4 T R_MarkLeaves
0C05EF3C T R_DrawEntitiesOnList
0C05F388 T R_DrawViewModel
0C05F734 T R_BmodelCheckBBox
0C05FBB0 T R_DrawBEntitiesOnList
0C0600D0 T R_EdgeDrawing
0C0E6E18 T warpbuffer
0C116518 T TU00000000/clip_current
0C11651C T TU00000000/clip_verts
0C0607EC T R_ClipSpriteFace
0C116840 T lightleft
0C11684C T lightright
0C116850 T lightleftstep
0C116854 T lightrightstep
0C061330 T R_DrawSurfaceBlock8_mip0
0C0614C8 T R_DrawSurfaceBlock8_mip1
0C061660 T R_DrawSurfaceBlock8_mip2
0C0617F8 T R_DrawSurfaceBlock8_mip3
0C061990 T R_DrawSurfaceBlock16_mip0
0C0620C4 T R_DrawSurfaceBlock16_mipN
0C0619AC T R_DrawSurfaceBlock16_mip1
0C0619C8 T R_DrawSurfaceBlock16_mip2
0C0619E4 T R_DrawSurfaceBlock16_mip3
0C061A00 T R_AddDynamicLights
0C11755C T clearconsole
0C06327C T WritePCXfile
0C117974 T scr_erase_lines
0C117978 T scr_erase_center
0C0624C0 T SCR_DrawCenterString
0C062790 T CalcFov
0C11797C T count
0C07EC74 T hipweapons
0C063F08 T Sbar_SortFrags
0C117CE0 T scoreboardlines
0C117CA0 T fragsort
0C06403C T Sbar_ColorForMap
0C063BA4 T Sbar_DrawTransPic
0C063C44 T Sbar_DrawCharacter
0C063CEC T Sbar_DrawString
0C063D8C T Sbar_itoa
0C06408C T Sbar_SoloScoreboard
0C1181E4 T fatbytes
0C1181E8 T fatpvs
0C065900 T SV_AddToFatPVS
0C065A90 T SV_FatPVS
0C065B14 T SV_WriteEntitiesToClient
0C067084 T SV_RunThink
0C066E9C T SV_CheckVelocity
0C067E64 T SV_AddGravity
0C067F58 T SV_PushEntity
0C0673AC T ClipVelocity
0C06A394 T SV_CheckWaterTransition
0C067220 T SV_Impact
0C067530 T SV_FlyMove
0C0681F4 T SV_PushMove
0C068D90 T SV_CheckStuck
0C069024 T SV_CheckWater
0C06925C T SV_WallFriction
0C069510 T SV_TryUnstick
0C069928 T SV_WalkMove
0C06A8A0 T SV_FixCheckBottom
0C1185F0 T TU00000000/forward
0C1185FC T TU00000000/right
0C118608 T TU00000000/up
0C118614 T wishdir
0C118620 T wishspeed
0C06AF80 T SV_UserFriction
0C06B21C T SV_Accelerate
0C06B388 T SV_AirAccelerate
0C06BD8C T SV_ReadClientMove
0C06C7B4 T Cache_Move
0C06C984 T V_CalcBob
0C06CC68 T V_DriftPitch
0C1186C0 T oldgammavalue
0C1193CC T vid_blendv
0C1193D0 T vid_blendp
0C06D530 T angledelta
0C06D580 T CalcGunAngle
0C07EFCC T oldyaw
0C07EFD0 T oldpitch
0C06DAB0 T V_BoundOffsets
0C06DD34 T V_AddIdle
0C06DF70 T V_CalcViewRoll
0C07EFD4 T oldz
0C1186C4 T TU00000000/box_hull
0C1186EC T TU00000000/box_clipnodes
0C11871C T TU00000000/box_planes
0C06EC88 T SV_HullForBox
0C06ED1C T SV_HullForEntity
0C07EFD8 T pat_tst0
0C07EFE8 T rec
0C07F0B8 T hash
0C072360 T GetSoundtime
0C1193D4 T soundtime
0C07EFEC T TU00000000/snd_ambient
0C1193F4 T oldsamplepos
0C1193F0 T buffers
0C119400 T last_chunk
0C119408 T iff_chunk_len
0C12240C T snd_p
0C122410 T snd_linear_count
0C122414 T snd_vol
0C122418 T snd_out
0C07285C T Snd_WriteLinearBlastStereo16
0C072988 T S_TransferStereo16
